[2022-03-16T15:03:49.242+0530][gc,heap] Heap region size: 1M
[2022-03-16T15:03:49.252+0530][gc     ] Using G1
[2022-03-16T15:03:49.252+0530][gc,heap,coops] Heap address: 0x00000000c0000000, size: 1024 MB, Compressed Oops mode: 32-bit
[2022-03-16T15:03:49.252+0530][gc,cds       ] Mark closed archive regions in map: [0x00000000fff00000, 0x00000000fff6aff8]
[2022-03-16T15:03:49.252+0530][gc,cds       ] Mark open archive regions in map: [0x00000000ffe00000, 0x00000000ffe46ff8]
[2022-03-16T15:03:49.971+0530][gc,start     ] GC(0) Pause Young (Normal) (G1 Evacuation Pause)
[2022-03-16T15:03:49.976+0530][gc,task      ] GC(0) Using 8 workers of 8 for evacuation
[2022-03-16T15:03:49.984+0530][gc,phases    ] GC(0)   Pre Evacuate Collection Set: 0.0ms
[2022-03-16T15:03:49.984+0530][gc,phases    ] GC(0)   Evacuate Collection Set: 7.9ms
[2022-03-16T15:03:49.984+0530][gc,phases    ] GC(0)   Post Evacuate Collection Set: 0.4ms
[2022-03-16T15:03:49.984+0530][gc,phases    ] GC(0)   Other: 4.5ms
[2022-03-16T15:03:49.984+0530][gc,heap      ] GC(0) Eden regions: 51->0(44)
[2022-03-16T15:03:49.984+0530][gc,heap      ] GC(0) Survivor regions: 0->7(7)
[2022-03-16T15:03:49.984+0530][gc,heap      ] GC(0) Old regions: 2->2
[2022-03-16T15:03:49.984+0530][gc,heap      ] GC(0) Humongous regions: 0->0
[2022-03-16T15:03:49.984+0530][gc,metaspace ] GC(0) Metaspace: 14823K->14823K(1062912K)
[2022-03-16T15:03:49.984+0530][gc           ] GC(0) Pause Young (Normal) (G1 Evacuation Pause) 51M->7M(1024M) 12.901ms
[2022-03-16T15:03:49.984+0530][gc,cpu       ] GC(0) User=0.07s Sys=0.00s Real=0.01s
[2022-03-16T15:03:50.407+0530][gc,start     ] GC(1) Pause Young (Concurrent Start) (Metadata GC Threshold)
[2022-03-16T15:03:50.407+0530][gc,task      ] GC(1) Using 8 workers of 8 for evacuation
[2022-03-16T15:03:50.415+0530][gc,phases    ] GC(1)   Pre Evacuate Collection Set: 0.1ms
[2022-03-16T15:03:50.415+0530][gc,phases    ] GC(1)   Evacuate Collection Set: 7.3ms
[2022-03-16T15:03:50.415+0530][gc,phases    ] GC(1)   Post Evacuate Collection Set: 0.5ms
[2022-03-16T15:03:50.415+0530][gc,phases    ] GC(1)   Other: 0.3ms
[2022-03-16T15:03:50.415+0530][gc,heap      ] GC(1) Eden regions: 24->0(49)
[2022-03-16T15:03:50.415+0530][gc,heap      ] GC(1) Survivor regions: 7->2(7)
[2022-03-16T15:03:50.415+0530][gc,heap      ] GC(1) Old regions: 2->9
[2022-03-16T15:03:50.415+0530][gc,heap      ] GC(1) Humongous regions: 0->0
[2022-03-16T15:03:50.415+0530][gc,metaspace ] GC(1) Metaspace: 20570K->20570K(1067008K)
[2022-03-16T15:03:50.415+0530][gc           ] GC(1) Pause Young (Concurrent Start) (Metadata GC Threshold) 31M->8M(1024M) 8.243ms
[2022-03-16T15:03:50.415+0530][gc,cpu       ] GC(1) User=0.04s Sys=0.01s Real=0.01s
[2022-03-16T15:03:50.415+0530][gc           ] GC(2) Concurrent Cycle
[2022-03-16T15:03:50.415+0530][gc,marking   ] GC(2) Concurrent Clear Claimed Marks
[2022-03-16T15:03:50.415+0530][gc,marking   ] GC(2) Concurrent Clear Claimed Marks 0.094ms
[2022-03-16T15:03:50.415+0530][gc,marking   ] GC(2) Concurrent Scan Root Regions
[2022-03-16T15:03:50.416+0530][gc,marking   ] GC(2) Concurrent Scan Root Regions 0.990ms
[2022-03-16T15:03:50.416+0530][gc,marking   ] GC(2) Concurrent Mark (1.178s)
[2022-03-16T15:03:50.416+0530][gc,marking   ] GC(2) Concurrent Mark From Roots
[2022-03-16T15:03:50.416+0530][gc,task      ] GC(2) Using 2 workers of 2 for marking
[2022-03-16T15:03:50.421+0530][gc,marking   ] GC(2) Concurrent Mark From Roots 4.734ms
[2022-03-16T15:03:50.421+0530][gc,marking   ] GC(2) Concurrent Preclean
[2022-03-16T15:03:50.421+0530][gc,marking   ] GC(2) Concurrent Preclean 0.116ms
[2022-03-16T15:03:50.421+0530][gc,marking   ] GC(2) Concurrent Mark (1.178s, 1.183s) 4.924ms
[2022-03-16T15:03:50.421+0530][gc,start     ] GC(2) Pause Remark
[2022-03-16T15:03:50.429+0530][gc,stringtable] GC(2) Cleaned string and symbol table, strings: 5108 processed, 0 removed, symbols: 50319 processed, 41 removed
[2022-03-16T15:03:50.429+0530][gc            ] GC(2) Pause Remark 8M->8M(1024M) 8.132ms
[2022-03-16T15:03:50.429+0530][gc,cpu        ] GC(2) User=0.06s Sys=0.00s Real=0.01s
[2022-03-16T15:03:50.429+0530][gc,marking    ] GC(2) Concurrent Rebuild Remembered Sets
[2022-03-16T15:03:50.432+0530][gc,marking    ] GC(2) Concurrent Rebuild Remembered Sets 2.604ms
[2022-03-16T15:03:50.432+0530][gc,start      ] GC(2) Pause Cleanup
[2022-03-16T15:03:50.432+0530][gc            ] GC(2) Pause Cleanup 8M->8M(1024M) 0.178ms
[2022-03-16T15:03:50.432+0530][gc,cpu        ] GC(2) User=0.00s Sys=0.00s Real=0.00s
[2022-03-16T15:03:50.432+0530][gc,marking    ] GC(2) Concurrent Cleanup for Next Mark
[2022-03-16T15:03:50.436+0530][gc,marking    ] GC(2) Concurrent Cleanup for Next Mark 3.233ms
[2022-03-16T15:03:50.436+0530][gc            ] GC(2) Concurrent Cycle 20.689ms
[2022-03-16T15:03:50.951+0530][gc,start      ] GC(3) Pause Young (Normal) (G1 Evacuation Pause)
[2022-03-16T15:03:50.951+0530][gc,task       ] GC(3) Using 8 workers of 8 for evacuation
[2022-03-16T15:03:50.956+0530][gc,phases     ] GC(3)   Pre Evacuate Collection Set: 0.0ms
[2022-03-16T15:03:50.956+0530][gc,phases     ] GC(3)   Evacuate Collection Set: 4.3ms
[2022-03-16T15:03:50.956+0530][gc,phases     ] GC(3)   Post Evacuate Collection Set: 0.4ms
[2022-03-16T15:03:50.956+0530][gc,phases     ] GC(3)   Other: 0.1ms
[2022-03-16T15:03:50.956+0530][gc,heap       ] GC(3) Eden regions: 49->0(46)
[2022-03-16T15:03:50.956+0530][gc,heap       ] GC(3) Survivor regions: 2->5(7)
[2022-03-16T15:03:50.956+0530][gc,heap       ] GC(3) Old regions: 9->9
[2022-03-16T15:03:50.956+0530][gc,heap       ] GC(3) Humongous regions: 129->129
[2022-03-16T15:03:50.956+0530][gc,metaspace  ] GC(3) Metaspace: 29105K->29105K(1075200K)
[2022-03-16T15:03:50.956+0530][gc            ] GC(3) Pause Young (Normal) (G1 Evacuation Pause) 186M->140M(1024M) 4.889ms
[2022-03-16T15:03:50.956+0530][gc,cpu        ] GC(3) User=0.03s Sys=0.00s Real=0.01s
[2022-03-16T15:03:51.224+0530][gc,start      ] GC(4) Pause Young (Concurrent Start) (Metadata GC Threshold)
[2022-03-16T15:03:51.224+0530][gc,task       ] GC(4) Using 8 workers of 8 for evacuation
[2022-03-16T15:03:51.231+0530][gc,phases     ] GC(4)   Pre Evacuate Collection Set: 0.1ms
[2022-03-16T15:03:51.231+0530][gc,phases     ] GC(4)   Evacuate Collection Set: 6.1ms
[2022-03-16T15:03:51.231+0530][gc,phases     ] GC(4)   Post Evacuate Collection Set: 0.4ms
[2022-03-16T15:03:51.231+0530][gc,phases     ] GC(4)   Other: 0.3ms
[2022-03-16T15:03:51.231+0530][gc,heap       ] GC(4) Eden regions: 28->0(49)
[2022-03-16T15:03:51.231+0530][gc,heap       ] GC(4) Survivor regions: 5->2(7)
[2022-03-16T15:03:51.231+0530][gc,heap       ] GC(4) Old regions: 9->13
[2022-03-16T15:03:51.231+0530][gc,heap       ] GC(4) Humongous regions: 129->129
[2022-03-16T15:03:51.231+0530][gc,metaspace  ] GC(4) Metaspace: 34647K->34647K(1081344K)
[2022-03-16T15:03:51.231+0530][gc            ] GC(4) Pause Young (Concurrent Start) (Metadata GC Threshold) 167M->142M(1024M) 6.964ms
[2022-03-16T15:03:51.231+0530][gc,cpu        ] GC(4) User=0.02s Sys=0.01s Real=0.01s
[2022-03-16T15:03:51.231+0530][gc            ] GC(5) Concurrent Cycle
[2022-03-16T15:03:51.231+0530][gc,marking    ] GC(5) Concurrent Clear Claimed Marks
[2022-03-16T15:03:51.231+0530][gc,marking    ] GC(5) Concurrent Clear Claimed Marks 0.123ms
[2022-03-16T15:03:51.231+0530][gc,marking    ] GC(5) Concurrent Scan Root Regions
[2022-03-16T15:03:51.232+0530][gc,marking    ] GC(5) Concurrent Scan Root Regions 1.194ms
[2022-03-16T15:03:51.232+0530][gc,marking    ] GC(5) Concurrent Mark (1.994s)
[2022-03-16T15:03:51.232+0530][gc,marking    ] GC(5) Concurrent Mark From Roots
[2022-03-16T15:03:51.232+0530][gc,task       ] GC(5) Using 2 workers of 2 for marking
[2022-03-16T15:03:51.242+0530][gc,marking    ] GC(5) Concurrent Mark From Roots 9.372ms
[2022-03-16T15:03:51.242+0530][gc,marking    ] GC(5) Concurrent Preclean
[2022-03-16T15:03:51.242+0530][gc,marking    ] GC(5) Concurrent Preclean 0.097ms
[2022-03-16T15:03:51.242+0530][gc,marking    ] GC(5) Concurrent Mark (1.994s, 2.004s) 9.532ms
[2022-03-16T15:03:51.242+0530][gc,start      ] GC(5) Pause Remark
[2022-03-16T15:03:51.245+0530][gc,stringtable] GC(5) Cleaned string and symbol table, strings: 10888 processed, 10 removed, symbols: 84021 processed, 17 removed
[2022-03-16T15:03:51.245+0530][gc            ] GC(5) Pause Remark 142M->142M(1024M) 3.150ms
[2022-03-16T15:03:51.245+0530][gc,cpu        ] GC(5) User=0.02s Sys=0.00s Real=0.01s
[2022-03-16T15:03:51.245+0530][gc,marking    ] GC(5) Concurrent Rebuild Remembered Sets
[2022-03-16T15:03:51.251+0530][gc,marking    ] GC(5) Concurrent Rebuild Remembered Sets 6.020ms
[2022-03-16T15:03:51.251+0530][gc,start      ] GC(5) Pause Cleanup
[2022-03-16T15:03:51.251+0530][gc            ] GC(5) Pause Cleanup 143M->143M(1024M) 0.193ms
[2022-03-16T15:03:51.251+0530][gc,cpu        ] GC(5) User=0.01s Sys=0.00s Real=0.00s
[2022-03-16T15:03:51.251+0530][gc,marking    ] GC(5) Concurrent Cleanup for Next Mark
[2022-03-16T15:03:51.255+0530][gc,marking    ] GC(5) Concurrent Cleanup for Next Mark 3.145ms
[2022-03-16T15:03:51.255+0530][gc            ] GC(5) Concurrent Cycle 23.826ms
[2022-03-16T15:10:27.109+0530][gc,start      ] GC(6) Pause Young (Normal) (G1 Evacuation Pause)
[2022-03-16T15:10:27.112+0530][gc,task       ] GC(6) Using 8 workers of 8 for evacuation
[2022-03-16T15:10:27.119+0530][gc,phases     ] GC(6)   Pre Evacuate Collection Set: 0.0ms
[2022-03-16T15:10:27.119+0530][gc,phases     ] GC(6)   Evacuate Collection Set: 6.1ms
[2022-03-16T15:10:27.119+0530][gc,phases     ] GC(6)   Post Evacuate Collection Set: 0.8ms
[2022-03-16T15:10:27.119+0530][gc,phases     ] GC(6)   Other: 3.3ms
[2022-03-16T15:10:27.119+0530][gc,heap       ] GC(6) Eden regions: 49->0(47)
[2022-03-16T15:10:27.119+0530][gc,heap       ] GC(6) Survivor regions: 2->4(7)
[2022-03-16T15:10:27.119+0530][gc,heap       ] GC(6) Old regions: 13->13
[2022-03-16T15:10:27.119+0530][gc,heap       ] GC(6) Humongous regions: 129->129
[2022-03-16T15:10:27.119+0530][gc,metaspace  ] GC(6) Metaspace: 40290K->40290K(1085440K)
[2022-03-16T15:10:27.119+0530][gc            ] GC(6) Pause Young (Normal) (G1 Evacuation Pause) 191M->144M(1024M) 10.274ms
[2022-03-16T15:10:27.119+0530][gc,cpu        ] GC(6) User=0.03s Sys=0.00s Real=0.01s
[2022-03-16T15:17:20.446+0530][gc,start      ] GC(7) Pause Young (Normal) (G1 Evacuation Pause)
[2022-03-16T15:17:20.449+0530][gc,task       ] GC(7) Using 8 workers of 8 for evacuation
[2022-03-16T15:17:20.468+0530][gc,phases     ] GC(7)   Pre Evacuate Collection Set: 0.1ms
[2022-03-16T15:17:20.468+0530][gc,phases     ] GC(7)   Evacuate Collection Set: 17.6ms
[2022-03-16T15:17:20.468+0530][gc,phases     ] GC(7)   Post Evacuate Collection Set: 1.0ms
[2022-03-16T15:17:20.468+0530][gc,phases     ] GC(7)   Other: 3.6ms
[2022-03-16T15:17:20.468+0530][gc,heap       ] GC(7) Eden regions: 47->0(47)
[2022-03-16T15:17:20.468+0530][gc,heap       ] GC(7) Survivor regions: 4->4(7)
[2022-03-16T15:17:20.468+0530][gc,heap       ] GC(7) Old regions: 13->15
[2022-03-16T15:17:20.468+0530][gc,heap       ] GC(7) Humongous regions: 129->129
[2022-03-16T15:17:20.468+0530][gc,metaspace  ] GC(7) Metaspace: 40769K->40769K(1087488K)
[2022-03-16T15:17:20.468+0530][gc            ] GC(7) Pause Young (Normal) (G1 Evacuation Pause) 191M->145M(1024M) 22.449ms
[2022-03-16T15:17:20.468+0530][gc,cpu        ] GC(7) User=0.12s Sys=0.01s Real=0.02s
[2022-03-16T15:25:18.092+0530][gc,start      ] GC(8) Pause Young (Normal) (G1 Evacuation Pause)
[2022-03-16T15:25:18.095+0530][gc,task       ] GC(8) Using 8 workers of 8 for evacuation
[2022-03-16T15:25:18.108+0530][gc,phases     ] GC(8)   Pre Evacuate Collection Set: 0.1ms
[2022-03-16T15:25:18.108+0530][gc,phases     ] GC(8)   Evacuate Collection Set: 10.4ms
[2022-03-16T15:25:18.108+0530][gc,phases     ] GC(8)   Post Evacuate Collection Set: 1.9ms
[2022-03-16T15:25:18.108+0530][gc,phases     ] GC(8)   Other: 3.9ms
[2022-03-16T15:25:18.109+0530][gc,heap       ] GC(8) Eden regions: 47->0(48)
[2022-03-16T15:25:18.109+0530][gc,heap       ] GC(8) Survivor regions: 4->3(7)
[2022-03-16T15:25:18.109+0530][gc,heap       ] GC(8) Old regions: 15->16
[2022-03-16T15:25:18.109+0530][gc,heap       ] GC(8) Humongous regions: 129->129
[2022-03-16T15:25:18.109+0530][gc,metaspace  ] GC(8) Metaspace: 40996K->40996K(1087488K)
[2022-03-16T15:25:18.109+0530][gc            ] GC(8) Pause Young (Normal) (G1 Evacuation Pause) 192M->146M(1024M) 16.857ms
[2022-03-16T15:25:18.109+0530][gc,cpu        ] GC(8) User=0.09s Sys=0.00s Real=0.02s
[2022-03-16T15:32:44.361+0530][gc,start      ] GC(9) Pause Young (Normal) (G1 Evacuation Pause)
[2022-03-16T15:32:44.361+0530][gc,task       ] GC(9) Using 8 workers of 8 for evacuation
[2022-03-16T15:32:44.382+0530][gc,mmu        ] GC(9) MMU target violated: 20.6ms (20.0ms/21.0ms)
[2022-03-16T15:32:44.382+0530][gc,phases     ] GC(9)   Pre Evacuate Collection Set: 0.0ms
[2022-03-16T15:32:44.382+0530][gc,phases     ] GC(9)   Evacuate Collection Set: 10.3ms
[2022-03-16T15:32:44.382+0530][gc,phases     ] GC(9)   Post Evacuate Collection Set: 10.1ms
[2022-03-16T15:32:44.382+0530][gc,phases     ] GC(9)   Other: 0.3ms
[2022-03-16T15:32:44.382+0530][gc,heap       ] GC(9) Eden regions: 48->0(48)
[2022-03-16T15:32:44.382+0530][gc,heap       ] GC(9) Survivor regions: 3->3(7)
[2022-03-16T15:32:44.382+0530][gc,heap       ] GC(9) Old regions: 16->16
[2022-03-16T15:32:44.382+0530][gc,heap       ] GC(9) Humongous regions: 129->129
[2022-03-16T15:32:44.382+0530][gc,metaspace  ] GC(9) Metaspace: 41770K->41770K(1087488K)
[2022-03-16T15:32:44.382+0530][gc            ] GC(9) Pause Young (Normal) (G1 Evacuation Pause) 194M->145M(1024M) 20.855ms
[2022-03-16T15:32:44.382+0530][gc,cpu        ] GC(9) User=0.12s Sys=0.00s Real=0.02s
[2022-03-16T15:37:53.880+0530][gc,start      ] GC(10) Pause Young (Normal) (G1 Evacuation Pause)
[2022-03-16T15:37:53.881+0530][gc,task       ] GC(10) Using 8 workers of 8 for evacuation
[2022-03-16T15:37:53.888+0530][gc,phases     ] GC(10)   Pre Evacuate Collection Set: 0.2ms
[2022-03-16T15:37:53.888+0530][gc,phases     ] GC(10)   Evacuate Collection Set: 3.9ms
[2022-03-16T15:37:53.888+0530][gc,phases     ] GC(10)   Post Evacuate Collection Set: 1.4ms
[2022-03-16T15:37:53.888+0530][gc,phases     ] GC(10)   Other: 4.3ms
[2022-03-16T15:37:53.889+0530][gc,heap       ] GC(10) Eden regions: 48->0(46)
[2022-03-16T15:37:53.889+0530][gc,heap       ] GC(10) Survivor regions: 3->5(7)
[2022-03-16T15:37:53.889+0530][gc,heap       ] GC(10) Old regions: 16->16
[2022-03-16T15:37:53.889+0530][gc,heap       ] GC(10) Humongous regions: 129->129
[2022-03-16T15:37:53.889+0530][gc,metaspace  ] GC(10) Metaspace: 44847K->44847K(1089536K)
[2022-03-16T15:37:53.889+0530][gc            ] GC(10) Pause Young (Normal) (G1 Evacuation Pause) 193M->147M(1024M) 9.084ms
[2022-03-16T15:37:53.889+0530][gc,cpu        ] GC(10) User=0.03s Sys=0.01s Real=0.01s
[2022-03-16T15:45:09.602+0530][gc,start      ] GC(11) Pause Young (Normal) (G1 Evacuation Pause)
[2022-03-16T15:45:09.609+0530][gc,task       ] GC(11) Using 8 workers of 8 for evacuation
[2022-03-16T15:45:09.625+0530][gc,phases     ] GC(11)   Pre Evacuate Collection Set: 0.1ms
[2022-03-16T15:45:09.625+0530][gc,phases     ] GC(11)   Evacuate Collection Set: 13.7ms
[2022-03-16T15:45:09.625+0530][gc,phases     ] GC(11)   Post Evacuate Collection Set: 1.5ms
[2022-03-16T15:45:09.625+0530][gc,phases     ] GC(11)   Other: 7.3ms
[2022-03-16T15:45:09.625+0530][gc,heap       ] GC(11) Eden regions: 46->0(49)
[2022-03-16T15:45:09.625+0530][gc,heap       ] GC(11) Survivor regions: 5->4(7)
[2022-03-16T15:45:09.625+0530][gc,heap       ] GC(11) Old regions: 16->16
[2022-03-16T15:45:09.625+0530][gc,heap       ] GC(11) Humongous regions: 129->129
[2022-03-16T15:45:09.625+0530][gc,metaspace  ] GC(11) Metaspace: 45190K->45190K(1089536K)
[2022-03-16T15:45:09.625+0530][gc            ] GC(11) Pause Young (Normal) (G1 Evacuation Pause) 193M->147M(1024M) 22.890ms
[2022-03-16T15:45:09.625+0530][gc,cpu        ] GC(11) User=0.10s Sys=0.00s Real=0.03s
[2022-03-16T15:53:16.788+0530][gc,start      ] GC(12) Pause Young (Normal) (G1 Evacuation Pause)
[2022-03-16T15:53:16.788+0530][gc,task       ] GC(12) Using 8 workers of 8 for evacuation
[2022-03-16T15:53:16.807+0530][gc,phases     ] GC(12)   Pre Evacuate Collection Set: 0.1ms
[2022-03-16T15:53:16.807+0530][gc,phases     ] GC(12)   Evacuate Collection Set: 13.3ms
[2022-03-16T15:53:16.807+0530][gc,phases     ] GC(12)   Post Evacuate Collection Set: 4.7ms
[2022-03-16T15:53:16.807+0530][gc,phases     ] GC(12)   Other: 1.5ms
[2022-03-16T15:53:16.807+0530][gc,heap       ] GC(12) Eden regions: 49->0(51)
[2022-03-16T15:53:16.807+0530][gc,heap       ] GC(12) Survivor regions: 4->4(7)
[2022-03-16T15:53:16.807+0530][gc,heap       ] GC(12) Old regions: 16->16
[2022-03-16T15:53:16.807+0530][gc,heap       ] GC(12) Humongous regions: 129->129
[2022-03-16T15:53:16.807+0530][gc,metaspace  ] GC(12) Metaspace: 45301K->45301K(1089536K)
[2022-03-16T15:53:16.808+0530][gc            ] GC(12) Pause Young (Normal) (G1 Evacuation Pause) 196M->147M(1024M) 19.495ms
[2022-03-16T15:53:16.808+0530][gc,cpu        ] GC(12) User=0.10s Sys=0.01s Real=0.02s
[2022-03-16T16:01:33.883+0530][gc,start      ] GC(13) Pause Young (Normal) (G1 Evacuation Pause)
[2022-03-16T16:01:33.884+0530][gc,task       ] GC(13) Using 8 workers of 8 for evacuation
[2022-03-16T16:01:33.902+0530][gc,phases     ] GC(13)   Pre Evacuate Collection Set: 0.1ms
[2022-03-16T16:01:33.902+0530][gc,phases     ] GC(13)   Evacuate Collection Set: 15.1ms
[2022-03-16T16:01:33.902+0530][gc,phases     ] GC(13)   Post Evacuate Collection Set: 2.6ms
[2022-03-16T16:01:33.902+0530][gc,phases     ] GC(13)   Other: 7.8ms
[2022-03-16T16:01:33.902+0530][gc,heap       ] GC(13) Eden regions: 51->0(52)
[2022-03-16T16:01:33.902+0530][gc,heap       ] GC(13) Survivor regions: 4->4(7)
[2022-03-16T16:01:33.902+0530][gc,heap       ] GC(13) Old regions: 16->16
[2022-03-16T16:01:33.902+0530][gc,heap       ] GC(13) Humongous regions: 129->129
[2022-03-16T16:01:33.903+0530][gc,metaspace  ] GC(13) Metaspace: 45596K->45596K(1091584K)
[2022-03-16T16:01:33.903+0530][gc            ] GC(13) Pause Young (Normal) (G1 Evacuation Pause) 198M->147M(1024M) 19.169ms
[2022-03-16T16:01:33.903+0530][gc,cpu        ] GC(13) User=0.08s Sys=0.01s Real=0.02s
[2022-03-16T16:09:32.597+0530][gc,start      ] GC(14) Pause Young (Normal) (G1 Evacuation Pause)
[2022-03-16T16:09:32.598+0530][gc,task       ] GC(14) Using 8 workers of 8 for evacuation
[2022-03-16T16:09:32.613+0530][gc,phases     ] GC(14)   Pre Evacuate Collection Set: 0.1ms
[2022-03-16T16:09:32.613+0530][gc,phases     ] GC(14)   Evacuate Collection Set: 12.9ms
[2022-03-16T16:09:32.613+0530][gc,phases     ] GC(14)   Post Evacuate Collection Set: 1.5ms
[2022-03-16T16:09:32.613+0530][gc,phases     ] GC(14)   Other: 1.5ms
[2022-03-16T16:09:32.613+0530][gc,heap       ] GC(14) Eden regions: 52->0(54)
[2022-03-16T16:09:32.613+0530][gc,heap       ] GC(14) Survivor regions: 4->4(7)
[2022-03-16T16:09:32.613+0530][gc,heap       ] GC(14) Old regions: 16->16
[2022-03-16T16:09:32.613+0530][gc,heap       ] GC(14) Humongous regions: 129->129
[2022-03-16T16:09:32.613+0530][gc,metaspace  ] GC(14) Metaspace: 45679K->45679K(1091584K)
[2022-03-16T16:09:32.614+0530][gc            ] GC(14) Pause Young (Normal) (G1 Evacuation Pause) 199M->147M(1024M) 16.316ms
[2022-03-16T16:09:32.614+0530][gc,cpu        ] GC(14) User=0.09s Sys=0.00s Real=0.02s
[2022-03-16T16:18:20.404+0530][gc,start      ] GC(15) Pause Young (Normal) (G1 Evacuation Pause)
[2022-03-16T16:18:20.410+0530][gc,task       ] GC(15) Using 8 workers of 8 for evacuation
[2022-03-16T16:18:20.435+0530][gc,mmu        ] GC(15) MMU target violated: 21.0ms (20.0ms/21.0ms)
[2022-03-16T16:18:20.435+0530][gc,phases     ] GC(15)   Pre Evacuate Collection Set: 0.1ms
[2022-03-16T16:18:20.435+0530][gc,phases     ] GC(15)   Evacuate Collection Set: 17.0ms
[2022-03-16T16:18:20.435+0530][gc,phases     ] GC(15)   Post Evacuate Collection Set: 6.7ms
[2022-03-16T16:18:20.435+0530][gc,phases     ] GC(15)   Other: 7.5ms
[2022-03-16T16:18:20.435+0530][gc,heap       ] GC(15) Eden regions: 54->0(54)
[2022-03-16T16:18:20.435+0530][gc,heap       ] GC(15) Survivor regions: 4->5(8)
[2022-03-16T16:18:20.435+0530][gc,heap       ] GC(15) Old regions: 16->16
[2022-03-16T16:18:20.435+0530][gc,heap       ] GC(15) Humongous regions: 129->129
[2022-03-16T16:18:20.435+0530][gc,metaspace  ] GC(15) Metaspace: 45710K->45710K(1091584K)
[2022-03-16T16:18:20.435+0530][gc            ] GC(15) Pause Young (Normal) (G1 Evacuation Pause) 201M->147M(1024M) 31.361ms
[2022-03-16T16:18:20.435+0530][gc,cpu        ] GC(15) User=0.15s Sys=0.00s Real=0.04s
[2022-03-16T16:27:06.042+0530][gc,start      ] GC(16) Pause Young (Normal) (G1 Evacuation Pause)
[2022-03-16T16:27:06.042+0530][gc,task       ] GC(16) Using 8 workers of 8 for evacuation
[2022-03-16T16:27:06.048+0530][gc,phases     ] GC(16)   Pre Evacuate Collection Set: 0.1ms
[2022-03-16T16:27:06.048+0530][gc,phases     ] GC(16)   Evacuate Collection Set: 4.2ms
[2022-03-16T16:27:06.048+0530][gc,phases     ] GC(16)   Post Evacuate Collection Set: 1.4ms
[2022-03-16T16:27:06.048+0530][gc,phases     ] GC(16)   Other: 0.4ms
[2022-03-16T16:27:06.048+0530][gc,heap       ] GC(16) Eden regions: 54->0(59)
[2022-03-16T16:27:06.048+0530][gc,heap       ] GC(16) Survivor regions: 5->5(8)
[2022-03-16T16:27:06.048+0530][gc,heap       ] GC(16) Old regions: 16->16
[2022-03-16T16:27:06.048+0530][gc,heap       ] GC(16) Humongous regions: 129->129
[2022-03-16T16:27:06.048+0530][gc,metaspace  ] GC(16) Metaspace: 45718K->45718K(1091584K)
[2022-03-16T16:27:06.048+0530][gc            ] GC(16) Pause Young (Normal) (G1 Evacuation Pause) 201M->147M(1024M) 6.166ms
[2022-03-16T16:27:06.048+0530][gc,cpu        ] GC(16) User=0.04s Sys=0.00s Real=0.01s
[2022-03-16T16:36:43.369+0530][gc,start      ] GC(17) Pause Young (Normal) (G1 Evacuation Pause)
[2022-03-16T16:36:43.376+0530][gc,task       ] GC(17) Using 8 workers of 8 for evacuation
[2022-03-16T16:36:43.395+0530][gc,phases     ] GC(17)   Pre Evacuate Collection Set: 0.9ms
[2022-03-16T16:36:43.395+0530][gc,phases     ] GC(17)   Evacuate Collection Set: 13.2ms
[2022-03-16T16:36:43.395+0530][gc,phases     ] GC(17)   Post Evacuate Collection Set: 4.4ms
[2022-03-16T16:36:43.395+0530][gc,phases     ] GC(17)   Other: 7.5ms
[2022-03-16T16:36:43.395+0530][gc,heap       ] GC(17) Eden regions: 59->0(63)
[2022-03-16T16:36:43.395+0530][gc,heap       ] GC(17) Survivor regions: 5->5(8)
[2022-03-16T16:36:43.395+0530][gc,heap       ] GC(17) Old regions: 16->16
[2022-03-16T16:36:43.395+0530][gc,heap       ] GC(17) Humongous regions: 129->129
[2022-03-16T16:36:43.395+0530][gc,metaspace  ] GC(17) Metaspace: 45725K->45725K(1091584K)
[2022-03-16T16:36:43.395+0530][gc            ] GC(17) Pause Young (Normal) (G1 Evacuation Pause) 206M->148M(1024M) 26.287ms
[2022-03-16T16:36:43.395+0530][gc,cpu        ] GC(17) User=0.13s Sys=0.00s Real=0.03s
[2022-03-16T16:47:02.395+0530][gc,start      ] GC(18) Pause Young (Normal) (G1 Evacuation Pause)
[2022-03-16T16:47:02.395+0530][gc,task       ] GC(18) Using 8 workers of 8 for evacuation
[2022-03-16T16:47:02.414+0530][gc,phases     ] GC(18)   Pre Evacuate Collection Set: 0.1ms
[2022-03-16T16:47:02.414+0530][gc,phases     ] GC(18)   Evacuate Collection Set: 13.7ms
[2022-03-16T16:47:02.414+0530][gc,phases     ] GC(18)   Post Evacuate Collection Set: 4.6ms
[2022-03-16T16:47:02.415+0530][gc,phases     ] GC(18)   Other: 7.6ms
[2022-03-16T16:47:02.415+0530][gc,heap       ] GC(18) Eden regions: 63->0(78)
[2022-03-16T16:47:02.415+0530][gc,heap       ] GC(18) Survivor regions: 5->4(9)
[2022-03-16T16:47:02.415+0530][gc,heap       ] GC(18) Old regions: 16->16
[2022-03-16T16:47:02.415+0530][gc,heap       ] GC(18) Humongous regions: 129->129
[2022-03-16T16:47:02.415+0530][gc,metaspace  ] GC(18) Metaspace: 45739K->45739K(1091584K)
[2022-03-16T16:47:02.415+0530][gc            ] GC(18) Pause Young (Normal) (G1 Evacuation Pause) 211M->147M(1024M) 19.867ms
[2022-03-16T16:47:02.415+0530][gc,cpu        ] GC(18) User=0.10s Sys=0.01s Real=0.02s
[2022-03-16T16:59:51.234+0530][gc,start      ] GC(19) Pause Young (Normal) (G1 Evacuation Pause)
[2022-03-16T16:59:51.241+0530][gc,task       ] GC(19) Using 8 workers of 8 for evacuation
[2022-03-16T16:59:51.258+0530][gc,phases     ] GC(19)   Pre Evacuate Collection Set: 0.1ms
[2022-03-16T16:59:51.258+0530][gc,phases     ] GC(19)   Evacuate Collection Set: 11.0ms
[2022-03-16T16:59:51.258+0530][gc,phases     ] GC(19)   Post Evacuate Collection Set: 4.9ms
[2022-03-16T16:59:51.258+0530][gc,phases     ] GC(19)   Other: 7.5ms
[2022-03-16T16:59:51.258+0530][gc,heap       ] GC(19) Eden regions: 78->0(79)
[2022-03-16T16:59:51.258+0530][gc,heap       ] GC(19) Survivor regions: 4->4(11)
[2022-03-16T16:59:51.258+0530][gc,heap       ] GC(19) Old regions: 16->16
[2022-03-16T16:59:51.258+0530][gc,heap       ] GC(19) Humongous regions: 129->129
[2022-03-16T16:59:51.258+0530][gc,metaspace  ] GC(19) Metaspace: 45741K->45741K(1091584K)
[2022-03-16T16:59:51.258+0530][gc            ] GC(19) Pause Young (Normal) (G1 Evacuation Pause) 225M->147M(1024M) 23.816ms
[2022-03-16T16:59:51.258+0530][gc,cpu        ] GC(19) User=0.10s Sys=0.01s Real=0.02s
[2022-03-16T17:12:18.326+0530][gc,start      ] GC(20) Pause Young (Normal) (G1 Evacuation Pause)
[2022-03-16T17:12:18.328+0530][gc,task       ] GC(20) Using 8 workers of 8 for evacuation
[2022-03-16T17:12:18.350+0530][gc,mmu        ] GC(20) MMU target violated: 21.0ms (20.0ms/21.0ms)
[2022-03-16T17:12:18.350+0530][gc,phases     ] GC(20)   Pre Evacuate Collection Set: 1.0ms
[2022-03-16T17:12:18.350+0530][gc,phases     ] GC(20)   Evacuate Collection Set: 12.4ms
[2022-03-16T17:12:18.350+0530][gc,phases     ] GC(20)   Post Evacuate Collection Set: 7.0ms
[2022-03-16T17:12:18.350+0530][gc,phases     ] GC(20)   Other: 5.1ms
[2022-03-16T17:12:18.351+0530][gc,heap       ] GC(20) Eden regions: 79->0(81)
[2022-03-16T17:12:18.351+0530][gc,heap       ] GC(20) Survivor regions: 4->4(11)
[2022-03-16T17:12:18.351+0530][gc,heap       ] GC(20) Old regions: 16->16
[2022-03-16T17:12:18.351+0530][gc,heap       ] GC(20) Humongous regions: 129->129
[2022-03-16T17:12:18.351+0530][gc,metaspace  ] GC(20) Metaspace: 45761K->45761K(1091584K)
[2022-03-16T17:12:18.351+0530][gc            ] GC(20) Pause Young (Normal) (G1 Evacuation Pause) 226M->147M(1024M) 25.328ms
[2022-03-16T17:12:18.351+0530][gc,cpu        ] GC(20) User=0.11s Sys=0.00s Real=0.02s
[2022-03-16T17:25:38.856+0530][gc,start      ] GC(21) Pause Young (Normal) (G1 Evacuation Pause)
[2022-03-16T17:25:38.857+0530][gc,task       ] GC(21) Using 8 workers of 8 for evacuation
[2022-03-16T17:25:38.879+0530][gc,mmu        ] GC(21) MMU target violated: 21.0ms (20.0ms/21.0ms)
[2022-03-16T17:25:38.879+0530][gc,phases     ] GC(21)   Pre Evacuate Collection Set: 0.1ms
[2022-03-16T17:25:38.879+0530][gc,phases     ] GC(21)   Evacuate Collection Set: 11.1ms
[2022-03-16T17:25:38.879+0530][gc,phases     ] GC(21)   Post Evacuate Collection Set: 10.5ms
[2022-03-16T17:25:38.879+0530][gc,phases     ] GC(21)   Other: 0.9ms
[2022-03-16T17:25:38.879+0530][gc,heap       ] GC(21) Eden regions: 81->0(80)
[2022-03-16T17:25:38.879+0530][gc,heap       ] GC(21) Survivor regions: 4->5(11)
[2022-03-16T17:25:38.879+0530][gc,heap       ] GC(21) Old regions: 16->16
[2022-03-16T17:25:38.879+0530][gc,heap       ] GC(21) Humongous regions: 129->129
[2022-03-16T17:25:38.879+0530][gc,metaspace  ] GC(21) Metaspace: 45773K->45773K(1091584K)
[2022-03-16T17:25:38.879+0530][gc            ] GC(21) Pause Young (Normal) (G1 Evacuation Pause) 228M->148M(1024M) 22.568ms
[2022-03-16T17:25:38.879+0530][gc,cpu        ] GC(21) User=0.13s Sys=0.01s Real=0.02s
[2022-03-16T17:38:48.841+0530][gc,start      ] GC(22) Pause Young (Normal) (G1 Evacuation Pause)
[2022-03-16T17:38:48.844+0530][gc,task       ] GC(22) Using 8 workers of 8 for evacuation
[2022-03-16T17:38:48.858+0530][gc,phases     ] GC(22)   Pre Evacuate Collection Set: 0.1ms
[2022-03-16T17:38:48.858+0530][gc,phases     ] GC(22)   Evacuate Collection Set: 9.8ms
[2022-03-16T17:38:48.858+0530][gc,phases     ] GC(22)   Post Evacuate Collection Set: 3.9ms
[2022-03-16T17:38:48.859+0530][gc,phases     ] GC(22)   Other: 3.8ms
[2022-03-16T17:38:48.859+0530][gc,heap       ] GC(22) Eden regions: 80->0(82)
[2022-03-16T17:38:48.859+0530][gc,heap       ] GC(22) Survivor regions: 5->5(11)
[2022-03-16T17:38:48.859+0530][gc,heap       ] GC(22) Old regions: 16->16
[2022-03-16T17:38:48.859+0530][gc,heap       ] GC(22) Humongous regions: 129->129
[2022-03-16T17:38:48.859+0530][gc,metaspace  ] GC(22) Metaspace: 45780K->45780K(1091584K)
[2022-03-16T17:38:48.859+0530][gc            ] GC(22) Pause Young (Normal) (G1 Evacuation Pause) 228M->148M(1024M) 17.853ms
[2022-03-16T17:38:48.859+0530][gc,cpu        ] GC(22) User=0.09s Sys=0.00s Real=0.02s
[2022-03-16T17:52:19.601+0530][gc,start      ] GC(23) Pause Young (Normal) (G1 Evacuation Pause)
[2022-03-16T17:52:19.602+0530][gc,task       ] GC(23) Using 8 workers of 8 for evacuation
[2022-03-16T17:52:19.611+0530][gc,phases     ] GC(23)   Pre Evacuate Collection Set: 0.1ms
[2022-03-16T17:52:19.611+0530][gc,phases     ] GC(23)   Evacuate Collection Set: 7.8ms
[2022-03-16T17:52:19.611+0530][gc,phases     ] GC(23)   Post Evacuate Collection Set: 0.7ms
[2022-03-16T17:52:19.611+0530][gc,phases     ] GC(23)   Other: 8.1ms
[2022-03-16T17:52:19.611+0530][gc,heap       ] GC(23) Eden regions: 82->0(87)
[2022-03-16T17:52:19.611+0530][gc,heap       ] GC(23) Survivor regions: 5->5(11)
[2022-03-16T17:52:19.611+0530][gc,heap       ] GC(23) Old regions: 16->16
[2022-03-16T17:52:19.611+0530][gc,heap       ] GC(23) Humongous regions: 129->129
[2022-03-16T17:52:19.611+0530][gc,metaspace  ] GC(23) Metaspace: 45782K->45782K(1091584K)
[2022-03-16T17:52:19.611+0530][gc            ] GC(23) Pause Young (Normal) (G1 Evacuation Pause) 230M->148M(1024M) 9.696ms
[2022-03-16T17:52:19.611+0530][gc,cpu        ] GC(23) User=0.06s Sys=0.00s Real=0.01s
[2022-03-16T18:06:03.877+0530][gc,start      ] GC(24) Pause Young (Normal) (G1 Evacuation Pause)
[2022-03-16T18:06:03.880+0530][gc,task       ] GC(24) Using 8 workers of 8 for evacuation
[2022-03-16T18:06:03.903+0530][gc,mmu        ] GC(24) MMU target violated: 21.0ms (20.0ms/21.0ms)
[2022-03-16T18:06:03.903+0530][gc,phases     ] GC(24)   Pre Evacuate Collection Set: 0.1ms
[2022-03-16T18:06:03.903+0530][gc,phases     ] GC(24)   Evacuate Collection Set: 17.2ms
[2022-03-16T18:06:03.903+0530][gc,phases     ] GC(24)   Post Evacuate Collection Set: 5.2ms
[2022-03-16T18:06:03.903+0530][gc,phases     ] GC(24)   Other: 3.7ms
[2022-03-16T18:06:03.903+0530][gc,heap       ] GC(24) Eden regions: 87->0(199)
[2022-03-16T18:06:03.903+0530][gc,heap       ] GC(24) Survivor regions: 5->4(12)
[2022-03-16T18:06:03.903+0530][gc,heap       ] GC(24) Old regions: 16->17
[2022-03-16T18:06:03.903+0530][gc,heap       ] GC(24) Humongous regions: 129->129
[2022-03-16T18:06:03.903+0530][gc,metaspace  ] GC(24) Metaspace: 45788K->45788K(1091584K)
[2022-03-16T18:06:03.903+0530][gc            ] GC(24) Pause Young (Normal) (G1 Evacuation Pause) 235M->147M(1024M) 26.520ms
[2022-03-16T18:06:03.903+0530][gc,cpu        ] GC(24) User=0.12s Sys=0.02s Real=0.02s
[2022-03-16T18:40:01.954+0530][gc,start      ] GC(25) Pause Young (Normal) (G1 Evacuation Pause)
[2022-03-16T18:40:01.961+0530][gc,task       ] GC(25) Using 8 workers of 8 for evacuation
[2022-03-16T18:40:01.995+0530][gc,mmu        ] GC(25) MMU target violated: 21.0ms (20.0ms/21.0ms)
[2022-03-16T18:40:01.995+0530][gc,phases     ] GC(25)   Pre Evacuate Collection Set: 0.1ms
[2022-03-16T18:40:01.995+0530][gc,phases     ] GC(25)   Evacuate Collection Set: 26.9ms
[2022-03-16T18:40:01.995+0530][gc,phases     ] GC(25)   Post Evacuate Collection Set: 4.2ms
[2022-03-16T18:40:01.995+0530][gc,phases     ] GC(25)   Other: 9.6ms
[2022-03-16T18:40:01.995+0530][gc,heap       ] GC(25) Eden regions: 199->0(199)
[2022-03-16T18:40:01.995+0530][gc,heap       ] GC(25) Survivor regions: 4->3(26)
[2022-03-16T18:40:01.995+0530][gc,heap       ] GC(25) Old regions: 17->18
[2022-03-16T18:40:01.995+0530][gc,heap       ] GC(25) Humongous regions: 129->129
[2022-03-16T18:40:01.995+0530][gc,metaspace  ] GC(25) Metaspace: 45806K->45806K(1091584K)
[2022-03-16T18:40:01.995+0530][gc            ] GC(25) Pause Young (Normal) (G1 Evacuation Pause) 346M->147M(1024M) 40.803ms
[2022-03-16T18:40:01.995+0530][gc,cpu        ] GC(25) User=0.18s Sys=0.01s Real=0.04s
[2022-03-16T20:50:29.525+0530][gc,start      ] GC(26) Pause Young (Normal) (G1 Evacuation Pause)
[2022-03-16T20:50:29.526+0530][gc,task       ] GC(26) Using 8 workers of 8 for evacuation
[2022-03-16T20:50:29.913+0530][gc,mmu        ] GC(26) MMU target violated: 21.0ms (20.0ms/21.0ms)
[2022-03-16T20:50:29.913+0530][gc,phases     ] GC(26)   Pre Evacuate Collection Set: 239.3ms
[2022-03-16T20:50:29.913+0530][gc,phases     ] GC(26)   Evacuate Collection Set: 95.3ms
[2022-03-16T20:50:29.913+0530][gc,phases     ] GC(26)   Post Evacuate Collection Set: 15.2ms
[2022-03-16T20:50:29.913+0530][gc,phases     ] GC(26)   Other: 39.3ms
[2022-03-16T20:50:29.913+0530][gc,heap       ] GC(26) Eden regions: 199->0(47)
[2022-03-16T20:50:29.913+0530][gc,heap       ] GC(26) Survivor regions: 3->4(26)
[2022-03-16T20:50:29.913+0530][gc,heap       ] GC(26) Old regions: 18->18
[2022-03-16T20:50:29.913+0530][gc,heap       ] GC(26) Humongous regions: 129->129
[2022-03-16T20:50:29.913+0530][gc,metaspace  ] GC(26) Metaspace: 45841K->45841K(1091584K)
[2022-03-16T20:50:29.914+0530][gc            ] GC(26) Pause Young (Normal) (G1 Evacuation Pause) 346M->148M(1024M) 388.746ms
[2022-03-16T20:50:29.914+0530][gc,cpu        ] GC(26) User=0.25s Sys=0.07s Real=0.39s
[2022-03-16T20:59:03.350+0530][gc,start      ] GC(27) Pause Young (Normal) (G1 Evacuation Pause)
[2022-03-16T20:59:03.352+0530][gc,task       ] GC(27) Using 8 workers of 8 for evacuation
[2022-03-16T20:59:03.372+0530][gc,phases     ] GC(27)   Pre Evacuate Collection Set: 1.3ms
[2022-03-16T20:59:03.372+0530][gc,phases     ] GC(27)   Evacuate Collection Set: 15.8ms
[2022-03-16T20:59:03.372+0530][gc,phases     ] GC(27)   Post Evacuate Collection Set: 1.7ms
[2022-03-16T20:59:03.372+0530][gc,phases     ] GC(27)   Other: 3.7ms
[2022-03-16T20:59:03.372+0530][gc,heap       ] GC(27) Eden regions: 47->0(47)
[2022-03-16T20:59:03.372+0530][gc,heap       ] GC(27) Survivor regions: 4->4(7)
[2022-03-16T20:59:03.372+0530][gc,heap       ] GC(27) Old regions: 18->18
[2022-03-16T20:59:03.372+0530][gc,heap       ] GC(27) Humongous regions: 129->129
[2022-03-16T20:59:03.372+0530][gc,metaspace  ] GC(27) Metaspace: 45852K->45852K(1091584K)
[2022-03-16T20:59:03.373+0530][gc            ] GC(27) Pause Young (Normal) (G1 Evacuation Pause) 195M->149M(1024M) 22.682ms
[2022-03-16T20:59:03.373+0530][gc,cpu        ] GC(27) User=0.04s Sys=0.01s Real=0.02s
[2022-03-16T21:07:36.158+0530][gc,start      ] GC(28) Pause Young (Normal) (G1 Evacuation Pause)
[2022-03-16T21:07:36.159+0530][gc,task       ] GC(28) Using 8 workers of 8 for evacuation
[2022-03-16T21:07:36.172+0530][gc,phases     ] GC(28)   Pre Evacuate Collection Set: 0.0ms
[2022-03-16T21:07:36.172+0530][gc,phases     ] GC(28)   Evacuate Collection Set: 12.7ms
[2022-03-16T21:07:36.172+0530][gc,phases     ] GC(28)   Post Evacuate Collection Set: 0.4ms
[2022-03-16T21:07:36.172+0530][gc,phases     ] GC(28)   Other: 0.6ms
[2022-03-16T21:07:36.172+0530][gc,heap       ] GC(28) Eden regions: 47->0(47)
[2022-03-16T21:07:36.172+0530][gc,heap       ] GC(28) Survivor regions: 4->4(7)
[2022-03-16T21:07:36.172+0530][gc,heap       ] GC(28) Old regions: 18->18
[2022-03-16T21:07:36.172+0530][gc,heap       ] GC(28) Humongous regions: 129->129
[2022-03-16T21:07:36.172+0530][gc,metaspace  ] GC(28) Metaspace: 45854K->45854K(1091584K)
[2022-03-16T21:07:36.173+0530][gc            ] GC(28) Pause Young (Normal) (G1 Evacuation Pause) 196M->148M(1024M) 14.041ms
[2022-03-16T21:07:36.173+0530][gc,cpu        ] GC(28) User=0.03s Sys=0.01s Real=0.01s
[2022-03-16T21:16:11.143+0530][gc,start      ] GC(29) Pause Young (Normal) (G1 Evacuation Pause)
[2022-03-16T21:16:11.145+0530][gc,task       ] GC(29) Using 8 workers of 8 for evacuation
[2022-03-16T21:16:11.152+0530][gc,phases     ] GC(29)   Pre Evacuate Collection Set: 0.2ms
[2022-03-16T21:16:11.152+0530][gc,phases     ] GC(29)   Evacuate Collection Set: 4.6ms
[2022-03-16T21:16:11.152+0530][gc,phases     ] GC(29)   Post Evacuate Collection Set: 1.5ms
[2022-03-16T21:16:11.152+0530][gc,phases     ] GC(29)   Other: 3.3ms
[2022-03-16T21:16:11.152+0530][gc,heap       ] GC(29) Eden regions: 47->0(47)
[2022-03-16T21:16:11.152+0530][gc,heap       ] GC(29) Survivor regions: 4->4(7)
[2022-03-16T21:16:11.152+0530][gc,heap       ] GC(29) Old regions: 18->18
[2022-03-16T21:16:11.152+0530][gc,heap       ] GC(29) Humongous regions: 129->129
[2022-03-16T21:16:11.152+0530][gc,metaspace  ] GC(29) Metaspace: 45854K->45854K(1091584K)
[2022-03-16T21:16:11.153+0530][gc            ] GC(29) Pause Young (Normal) (G1 Evacuation Pause) 195M->149M(1024M) 9.473ms
[2022-03-16T21:16:11.153+0530][gc,cpu        ] GC(29) User=0.03s Sys=0.00s Real=0.01s
[2022-03-16T21:24:42.115+0530][gc,start      ] GC(30) Pause Young (Normal) (G1 Evacuation Pause)
[2022-03-16T21:24:42.131+0530][gc,task       ] GC(30) Using 8 workers of 8 for evacuation
[2022-03-16T21:24:42.170+0530][gc,mmu        ] GC(30) MMU target violated: 21.0ms (20.0ms/21.0ms)
[2022-03-16T21:24:42.176+0530][gc,phases     ] GC(30)   Pre Evacuate Collection Set: 4.0ms
[2022-03-16T21:24:42.176+0530][gc,phases     ] GC(30)   Evacuate Collection Set: 14.6ms
[2022-03-16T21:24:42.176+0530][gc,phases     ] GC(30)   Post Evacuate Collection Set: 18.9ms
[2022-03-16T21:24:42.179+0530][gc,phases     ] GC(30)   Other: 35.6ms
[2022-03-16T21:24:42.179+0530][gc,heap       ] GC(30) Eden regions: 47->0(48)
[2022-03-16T21:24:42.179+0530][gc,heap       ] GC(30) Survivor regions: 4->3(7)
[2022-03-16T21:24:42.179+0530][gc,heap       ] GC(30) Old regions: 18->18
[2022-03-16T21:24:42.179+0530][gc,heap       ] GC(30) Humongous regions: 129->129
[2022-03-16T21:24:42.179+0530][gc,metaspace  ] GC(30) Metaspace: 45854K->45854K(1091584K)
[2022-03-16T21:24:42.192+0530][gc            ] GC(30) Pause Young (Normal) (G1 Evacuation Pause) 196M->147M(1024M) 72.365ms
[2022-03-16T21:24:42.192+0530][gc,cpu        ] GC(30) User=0.03s Sys=0.01s Real=0.08s
[2022-03-16T21:33:30.006+0530][gc,start      ] GC(31) Pause Young (Normal) (G1 Evacuation Pause)
[2022-03-16T21:33:30.008+0530][gc,task       ] GC(31) Using 8 workers of 8 for evacuation
[2022-03-16T21:33:30.147+0530][gc,mmu        ] GC(31) MMU target violated: 21.0ms (20.0ms/21.0ms)
[2022-03-16T21:33:30.147+0530][gc,phases     ] GC(31)   Pre Evacuate Collection Set: 53.1ms
[2022-03-16T21:33:30.147+0530][gc,phases     ] GC(31)   Evacuate Collection Set: 75.8ms
[2022-03-16T21:33:30.147+0530][gc,phases     ] GC(31)   Post Evacuate Collection Set: 5.9ms
[2022-03-16T21:33:30.147+0530][gc,phases     ] GC(31)   Other: 8.5ms
[2022-03-16T21:33:30.147+0530][gc,heap       ] GC(31) Eden regions: 48->0(48)
[2022-03-16T21:33:30.147+0530][gc,heap       ] GC(31) Survivor regions: 3->3(7)
[2022-03-16T21:33:30.147+0530][gc,heap       ] GC(31) Old regions: 18->18
[2022-03-16T21:33:30.147+0530][gc,heap       ] GC(31) Humongous regions: 129->129
[2022-03-16T21:33:30.147+0530][gc,metaspace  ] GC(31) Metaspace: 45855K->45855K(1091584K)
[2022-03-16T21:33:30.147+0530][gc            ] GC(31) Pause Young (Normal) (G1 Evacuation Pause) 195M->147M(1024M) 141.388ms
[2022-03-16T21:33:30.147+0530][gc,cpu        ] GC(31) User=0.28s Sys=0.05s Real=0.14s
[2022-03-16T21:41:55.012+0530][gc,start      ] GC(32) Pause Young (Normal) (G1 Evacuation Pause)
[2022-03-16T21:41:55.013+0530][gc,task       ] GC(32) Using 8 workers of 8 for evacuation
[2022-03-16T21:41:55.024+0530][gc,phases     ] GC(32)   Pre Evacuate Collection Set: 0.7ms
[2022-03-16T21:41:55.024+0530][gc,phases     ] GC(32)   Evacuate Collection Set: 8.1ms
[2022-03-16T21:41:55.024+0530][gc,phases     ] GC(32)   Post Evacuate Collection Set: 1.3ms
[2022-03-16T21:41:55.024+0530][gc,phases     ] GC(32)   Other: 1.6ms
[2022-03-16T21:41:55.024+0530][gc,heap       ] GC(32) Eden regions: 48->0(48)
[2022-03-16T21:41:55.024+0530][gc,heap       ] GC(32) Survivor regions: 3->3(7)
[2022-03-16T21:41:55.024+0530][gc,heap       ] GC(32) Old regions: 18->18
[2022-03-16T21:41:55.024+0530][gc,heap       ] GC(32) Humongous regions: 129->129
[2022-03-16T21:41:55.024+0530][gc,metaspace  ] GC(32) Metaspace: 45861K->45861K(1091584K)
[2022-03-16T21:41:55.024+0530][gc            ] GC(32) Pause Young (Normal) (G1 Evacuation Pause) 195M->147M(1024M) 11.911ms
[2022-03-16T21:41:55.024+0530][gc,cpu        ] GC(32) User=0.01s Sys=0.02s Real=0.01s
[2022-03-16T21:50:40.548+0530][gc,start      ] GC(33) Pause Young (Normal) (G1 Evacuation Pause)
[2022-03-16T21:50:40.550+0530][gc,task       ] GC(33) Using 8 workers of 8 for evacuation
[2022-03-16T21:50:40.562+0530][gc,phases     ] GC(33)   Pre Evacuate Collection Set: 0.4ms
[2022-03-16T21:50:40.562+0530][gc,phases     ] GC(33)   Evacuate Collection Set: 8.2ms
[2022-03-16T21:50:40.562+0530][gc,phases     ] GC(33)   Post Evacuate Collection Set: 2.3ms
[2022-03-16T21:50:40.562+0530][gc,phases     ] GC(33)   Other: 3.5ms
[2022-03-16T21:50:40.562+0530][gc,heap       ] GC(33) Eden regions: 48->0(48)
[2022-03-16T21:50:40.562+0530][gc,heap       ] GC(33) Survivor regions: 3->3(7)
[2022-03-16T21:50:40.562+0530][gc,heap       ] GC(33) Old regions: 18->18
[2022-03-16T21:50:40.562+0530][gc,heap       ] GC(33) Humongous regions: 129->129
[2022-03-16T21:50:40.563+0530][gc,metaspace  ] GC(33) Metaspace: 45862K->45862K(1091584K)
[2022-03-16T21:50:40.563+0530][gc            ] GC(33) Pause Young (Normal) (G1 Evacuation Pause) 195M->147M(1024M) 14.937ms
[2022-03-16T21:50:40.563+0530][gc,cpu        ] GC(33) User=0.05s Sys=0.00s Real=0.02s
[2022-03-16T21:59:26.362+0530][gc,start      ] GC(34) Pause Young (Normal) (G1 Evacuation Pause)
[2022-03-16T21:59:26.363+0530][gc,task       ] GC(34) Using 8 workers of 8 for evacuation
[2022-03-16T21:59:26.397+0530][gc,mmu        ] GC(34) MMU target violated: 21.0ms (20.0ms/21.0ms)
[2022-03-16T21:59:26.398+0530][gc,phases     ] GC(34)   Pre Evacuate Collection Set: 0.2ms
[2022-03-16T21:59:26.398+0530][gc,phases     ] GC(34)   Evacuate Collection Set: 29.7ms
[2022-03-16T21:59:26.398+0530][gc,phases     ] GC(34)   Post Evacuate Collection Set: 1.6ms
[2022-03-16T21:59:26.398+0530][gc,phases     ] GC(34)   Other: 6.2ms
[2022-03-16T21:59:26.398+0530][gc,heap       ] GC(34) Eden regions: 48->0(48)
[2022-03-16T21:59:26.398+0530][gc,heap       ] GC(34) Survivor regions: 3->3(7)
[2022-03-16T21:59:26.398+0530][gc,heap       ] GC(34) Old regions: 18->18
[2022-03-16T21:59:26.398+0530][gc,heap       ] GC(34) Humongous regions: 129->129
[2022-03-16T21:59:26.399+0530][gc,metaspace  ] GC(34) Metaspace: 45862K->45862K(1091584K)
[2022-03-16T21:59:26.399+0530][gc            ] GC(34) Pause Young (Normal) (G1 Evacuation Pause) 195M->147M(1024M) 38.295ms
[2022-03-16T21:59:26.400+0530][gc,cpu        ] GC(34) User=0.03s Sys=0.00s Real=0.04s
[2022-03-16T22:08:13.311+0530][gc,start      ] GC(35) Pause Young (Normal) (G1 Evacuation Pause)
[2022-03-16T22:08:13.312+0530][gc,task       ] GC(35) Using 8 workers of 8 for evacuation
[2022-03-16T22:08:13.789+0530][gc,mmu        ] GC(35) MMU target violated: 21.0ms (20.0ms/21.0ms)
[2022-03-16T22:08:13.789+0530][gc,phases     ] GC(35)   Pre Evacuate Collection Set: 91.3ms
[2022-03-16T22:08:13.789+0530][gc,phases     ] GC(35)   Evacuate Collection Set: 354.4ms
[2022-03-16T22:08:13.789+0530][gc,phases     ] GC(35)   Post Evacuate Collection Set: 28.4ms
[2022-03-16T22:08:13.789+0530][gc,phases     ] GC(35)   Other: 4.2ms
[2022-03-16T22:08:13.789+0530][gc,heap       ] GC(35) Eden regions: 48->0(48)
[2022-03-16T22:08:13.789+0530][gc,heap       ] GC(35) Survivor regions: 3->3(7)
[2022-03-16T22:08:13.789+0530][gc,heap       ] GC(35) Old regions: 18->18
[2022-03-16T22:08:13.789+0530][gc,heap       ] GC(35) Humongous regions: 129->129
[2022-03-16T22:08:13.789+0530][gc,metaspace  ] GC(35) Metaspace: 45864K->45864K(1091584K)
[2022-03-16T22:08:13.790+0530][gc            ] GC(35) Pause Young (Normal) (G1 Evacuation Pause) 195M->148M(1024M) 478.277ms
[2022-03-16T22:08:13.790+0530][gc,cpu        ] GC(35) User=1.71s Sys=0.00s Real=0.48s
[2022-03-16T22:16:59.535+0530][gc,start      ] GC(36) Pause Young (Normal) (G1 Evacuation Pause)
[2022-03-16T22:16:59.536+0530][gc,task       ] GC(36) Using 8 workers of 8 for evacuation
[2022-03-16T22:16:59.556+0530][gc,phases     ] GC(36)   Pre Evacuate Collection Set: 2.0ms
[2022-03-16T22:16:59.557+0530][gc,phases     ] GC(36)   Evacuate Collection Set: 14.3ms
[2022-03-16T22:16:59.557+0530][gc,phases     ] GC(36)   Post Evacuate Collection Set: 1.8ms
[2022-03-16T22:16:59.557+0530][gc,phases     ] GC(36)   Other: 3.9ms
[2022-03-16T22:16:59.557+0530][gc,heap       ] GC(36) Eden regions: 48->0(48)
[2022-03-16T22:16:59.557+0530][gc,heap       ] GC(36) Survivor regions: 3->3(7)
[2022-03-16T22:16:59.557+0530][gc,heap       ] GC(36) Old regions: 18->18
[2022-03-16T22:16:59.557+0530][gc,heap       ] GC(36) Humongous regions: 129->129
[2022-03-16T22:16:59.557+0530][gc,metaspace  ] GC(36) Metaspace: 45871K->45871K(1091584K)
[2022-03-16T22:16:59.558+0530][gc            ] GC(36) Pause Young (Normal) (G1 Evacuation Pause) 196M->148M(1024M) 22.211ms
[2022-03-16T22:16:59.558+0530][gc,cpu        ] GC(36) User=0.07s Sys=0.00s Real=0.03s
[2022-03-16T22:25:46.415+0530][gc,start      ] GC(37) Pause Young (Normal) (G1 Evacuation Pause)
[2022-03-16T22:25:46.416+0530][gc,task       ] GC(37) Using 8 workers of 8 for evacuation
[2022-03-16T22:25:46.425+0530][gc,phases     ] GC(37)   Pre Evacuate Collection Set: 0.1ms
[2022-03-16T22:25:46.425+0530][gc,phases     ] GC(37)   Evacuate Collection Set: 7.3ms
[2022-03-16T22:25:46.425+0530][gc,phases     ] GC(37)   Post Evacuate Collection Set: 1.0ms
[2022-03-16T22:25:46.425+0530][gc,phases     ] GC(37)   Other: 3.9ms
[2022-03-16T22:25:46.425+0530][gc,heap       ] GC(37) Eden regions: 48->0(48)
[2022-03-16T22:25:46.425+0530][gc,heap       ] GC(37) Survivor regions: 3->3(7)
[2022-03-16T22:25:46.425+0530][gc,heap       ] GC(37) Old regions: 18->18
[2022-03-16T22:25:46.425+0530][gc,heap       ] GC(37) Humongous regions: 129->129
[2022-03-16T22:25:46.426+0530][gc,metaspace  ] GC(37) Metaspace: 45873K->45873K(1091584K)
[2022-03-16T22:25:46.426+0530][gc            ] GC(37) Pause Young (Normal) (G1 Evacuation Pause) 196M->148M(1024M) 11.122ms
[2022-03-16T22:25:46.426+0530][gc,cpu        ] GC(37) User=0.03s Sys=0.01s Real=0.01s
[2022-03-16T22:34:33.595+0530][gc,start      ] GC(38) Pause Young (Normal) (G1 Evacuation Pause)
[2022-03-16T22:34:33.604+0530][gc,task       ] GC(38) Using 8 workers of 8 for evacuation
[2022-03-16T22:34:34.566+0530][gc,mmu        ] GC(38) MMU target violated: 21.0ms (20.0ms/21.0ms)
[2022-03-16T22:34:34.566+0530][gc,phases     ] GC(38)   Pre Evacuate Collection Set: 702.0ms
[2022-03-16T22:34:34.566+0530][gc,phases     ] GC(38)   Evacuate Collection Set: 245.2ms
[2022-03-16T22:34:34.566+0530][gc,phases     ] GC(38)   Post Evacuate Collection Set: 7.1ms
[2022-03-16T22:34:34.566+0530][gc,phases     ] GC(38)   Other: 40.5ms
[2022-03-16T22:34:34.566+0530][gc,heap       ] GC(38) Eden regions: 48->0(47)
[2022-03-16T22:34:34.566+0530][gc,heap       ] GC(38) Survivor regions: 3->4(7)
[2022-03-16T22:34:34.566+0530][gc,heap       ] GC(38) Old regions: 18->18
[2022-03-16T22:34:34.566+0530][gc,heap       ] GC(38) Humongous regions: 129->129
[2022-03-16T22:34:34.567+0530][gc,metaspace  ] GC(38) Metaspace: 45874K->45874K(1091584K)
[2022-03-16T22:34:34.567+0530][gc            ] GC(38) Pause Young (Normal) (G1 Evacuation Pause) 196M->148M(1024M) 971.725ms
[2022-03-16T22:34:34.567+0530][gc,cpu        ] GC(38) User=0.39s Sys=0.12s Real=0.97s
[2022-03-16T22:42:49.724+0530][gc,start      ] GC(39) Pause Young (Normal) (G1 Evacuation Pause)
[2022-03-16T22:42:49.725+0530][gc,task       ] GC(39) Using 8 workers of 8 for evacuation
[2022-03-16T22:42:49.745+0530][gc,phases     ] GC(39)   Pre Evacuate Collection Set: 0.7ms
[2022-03-16T22:42:49.745+0530][gc,phases     ] GC(39)   Evacuate Collection Set: 16.9ms
[2022-03-16T22:42:49.745+0530][gc,phases     ] GC(39)   Post Evacuate Collection Set: 1.7ms
[2022-03-16T22:42:49.745+0530][gc,phases     ] GC(39)   Other: 2.1ms
[2022-03-16T22:42:49.745+0530][gc,heap       ] GC(39) Eden regions: 47->0(47)
[2022-03-16T22:42:49.745+0530][gc,heap       ] GC(39) Survivor regions: 4->4(7)
[2022-03-16T22:42:49.745+0530][gc,heap       ] GC(39) Old regions: 18->18
[2022-03-16T22:42:49.745+0530][gc,heap       ] GC(39) Humongous regions: 129->129
[2022-03-16T22:42:49.745+0530][gc,metaspace  ] GC(39) Metaspace: 45876K->45876K(1091584K)
[2022-03-16T22:42:49.745+0530][gc            ] GC(39) Pause Young (Normal) (G1 Evacuation Pause) 195M->148M(1024M) 20.892ms
[2022-03-16T22:42:49.746+0530][gc,cpu        ] GC(39) User=0.08s Sys=0.00s Real=0.02s
[2022-03-16T22:51:24.983+0530][gc,start      ] GC(40) Pause Young (Normal) (G1 Evacuation Pause)
[2022-03-16T22:51:24.986+0530][gc,task       ] GC(40) Using 8 workers of 8 for evacuation
[2022-03-16T22:51:24.999+0530][gc,phases     ] GC(40)   Pre Evacuate Collection Set: 0.1ms
[2022-03-16T22:51:25.000+0530][gc,phases     ] GC(40)   Evacuate Collection Set: 11.8ms
[2022-03-16T22:51:25.000+0530][gc,phases     ] GC(40)   Post Evacuate Collection Set: 1.0ms
[2022-03-16T22:51:25.000+0530][gc,phases     ] GC(40)   Other: 3.2ms
[2022-03-16T22:51:25.000+0530][gc,heap       ] GC(40) Eden regions: 47->0(48)
[2022-03-16T22:51:25.000+0530][gc,heap       ] GC(40) Survivor regions: 4->3(7)
[2022-03-16T22:51:25.000+0530][gc,heap       ] GC(40) Old regions: 18->19
[2022-03-16T22:51:25.000+0530][gc,heap       ] GC(40) Humongous regions: 129->129
[2022-03-16T22:51:25.000+0530][gc,metaspace  ] GC(40) Metaspace: 45882K->45882K(1091584K)
[2022-03-16T22:51:25.000+0530][gc            ] GC(40) Pause Young (Normal) (G1 Evacuation Pause) 195M->148M(1024M) 16.419ms
[2022-03-16T22:51:25.000+0530][gc,cpu        ] GC(40) User=0.07s Sys=0.00s Real=0.02s
[2022-03-16T23:00:11.801+0530][gc,start      ] GC(41) Pause Young (Normal) (G1 Evacuation Pause)
[2022-03-16T23:00:11.803+0530][gc,task       ] GC(41) Using 8 workers of 8 for evacuation
[2022-03-16T23:00:11.822+0530][gc,phases     ] GC(41)   Pre Evacuate Collection Set: 0.4ms
[2022-03-16T23:00:11.822+0530][gc,phases     ] GC(41)   Evacuate Collection Set: 15.2ms
[2022-03-16T23:00:11.822+0530][gc,phases     ] GC(41)   Post Evacuate Collection Set: 1.7ms
[2022-03-16T23:00:11.822+0530][gc,phases     ] GC(41)   Other: 4.2ms
[2022-03-16T23:00:11.822+0530][gc,heap       ] GC(41) Eden regions: 48->0(48)
[2022-03-16T23:00:11.822+0530][gc,heap       ] GC(41) Survivor regions: 3->3(7)
[2022-03-16T23:00:11.822+0530][gc,heap       ] GC(41) Old regions: 19->19
[2022-03-16T23:00:11.822+0530][gc,heap       ] GC(41) Humongous regions: 129->129
[2022-03-16T23:00:11.822+0530][gc,metaspace  ] GC(41) Metaspace: 45883K->45883K(1091584K)
[2022-03-16T23:00:11.822+0530][gc            ] GC(41) Pause Young (Normal) (G1 Evacuation Pause) 196M->148M(1024M) 21.128ms
[2022-03-16T23:00:11.822+0530][gc,cpu        ] GC(41) User=0.05s Sys=0.01s Real=0.02s
[2022-03-16T23:08:59.683+0530][gc,start      ] GC(42) Pause Young (Normal) (G1 Evacuation Pause)
[2022-03-16T23:08:59.703+0530][gc,task       ] GC(42) Using 8 workers of 8 for evacuation
[2022-03-16T23:09:00.338+0530][gc,mmu        ] GC(42) MMU target violated: 21.0ms (20.0ms/21.0ms)
[2022-03-16T23:09:00.339+0530][gc,phases     ] GC(42)   Pre Evacuate Collection Set: 263.5ms
[2022-03-16T23:09:00.339+0530][gc,phases     ] GC(42)   Evacuate Collection Set: 334.6ms
[2022-03-16T23:09:00.339+0530][gc,phases     ] GC(42)   Post Evacuate Collection Set: 12.9ms
[2022-03-16T23:09:00.339+0530][gc,phases     ] GC(42)   Other: 89.0ms
[2022-03-16T23:09:00.339+0530][gc,heap       ] GC(42) Eden regions: 48->0(48)
[2022-03-16T23:09:00.339+0530][gc,heap       ] GC(42) Survivor regions: 3->3(7)
[2022-03-16T23:09:00.339+0530][gc,heap       ] GC(42) Old regions: 19->19
[2022-03-16T23:09:00.339+0530][gc,heap       ] GC(42) Humongous regions: 129->129
[2022-03-16T23:09:00.340+0530][gc,metaspace  ] GC(42) Metaspace: 45890K->45890K(1091584K)
[2022-03-16T23:09:00.341+0530][gc            ] GC(42) Pause Young (Normal) (G1 Evacuation Pause) 196M->148M(1024M) 664.776ms
[2022-03-16T23:09:00.341+0530][gc,cpu        ] GC(42) User=0.45s Sys=0.11s Real=0.67s
[2022-03-16T23:17:49.115+0530][gc,start      ] GC(43) Pause Young (Normal) (G1 Evacuation Pause)
[2022-03-16T23:17:49.116+0530][gc,task       ] GC(43) Using 8 workers of 8 for evacuation
[2022-03-16T23:17:49.137+0530][gc,mmu        ] GC(43) MMU target violated: 20.7ms (20.0ms/21.0ms)
[2022-03-16T23:17:49.137+0530][gc,phases     ] GC(43)   Pre Evacuate Collection Set: 0.5ms
[2022-03-16T23:17:49.137+0530][gc,phases     ] GC(43)   Evacuate Collection Set: 19.3ms
[2022-03-16T23:17:49.137+0530][gc,phases     ] GC(43)   Post Evacuate Collection Set: 0.7ms
[2022-03-16T23:17:49.137+0530][gc,phases     ] GC(43)   Other: 1.1ms
[2022-03-16T23:17:49.137+0530][gc,heap       ] GC(43) Eden regions: 48->0(47)
[2022-03-16T23:17:49.137+0530][gc,heap       ] GC(43) Survivor regions: 3->4(7)
[2022-03-16T23:17:49.137+0530][gc,heap       ] GC(43) Old regions: 19->19
[2022-03-16T23:17:49.137+0530][gc,heap       ] GC(43) Humongous regions: 129->129
[2022-03-16T23:17:49.137+0530][gc,metaspace  ] GC(43) Metaspace: 45890K->45890K(1091584K)
[2022-03-16T23:17:49.137+0530][gc            ] GC(43) Pause Young (Normal) (G1 Evacuation Pause) 196M->149M(1024M) 21.501ms
[2022-03-16T23:17:49.137+0530][gc,cpu        ] GC(43) User=0.05s Sys=0.01s Real=0.03s
[2022-03-16T23:26:22.427+0530][gc,start      ] GC(44) Pause Young (Normal) (G1 Evacuation Pause)
[2022-03-16T23:26:22.428+0530][gc,task       ] GC(44) Using 8 workers of 8 for evacuation
[2022-03-16T23:26:22.678+0530][gc,mmu        ] GC(44) MMU target violated: 21.0ms (20.0ms/21.0ms)
[2022-03-16T23:26:22.679+0530][gc,phases     ] GC(44)   Pre Evacuate Collection Set: 73.4ms
[2022-03-16T23:26:22.679+0530][gc,phases     ] GC(44)   Evacuate Collection Set: 167.3ms
[2022-03-16T23:26:22.679+0530][gc,phases     ] GC(44)   Post Evacuate Collection Set: 5.0ms
[2022-03-16T23:26:22.679+0530][gc,phases     ] GC(44)   Other: 7.2ms
[2022-03-16T23:26:22.679+0530][gc,heap       ] GC(44) Eden regions: 47->0(49)
[2022-03-16T23:26:22.679+0530][gc,heap       ] GC(44) Survivor regions: 4->2(7)
[2022-03-16T23:26:22.679+0530][gc,heap       ] GC(44) Old regions: 19->19
[2022-03-16T23:26:22.679+0530][gc,heap       ] GC(44) Humongous regions: 129->129
[2022-03-16T23:26:22.679+0530][gc,metaspace  ] GC(44) Metaspace: 45890K->45890K(1091584K)
[2022-03-16T23:26:22.680+0530][gc            ] GC(44) Pause Young (Normal) (G1 Evacuation Pause) 196M->147M(1024M) 253.147ms
[2022-03-16T23:26:22.680+0530][gc,cpu        ] GC(44) User=0.74s Sys=0.01s Real=0.26s
[2022-03-16T23:35:21.817+0530][gc,start      ] GC(45) Pause Young (Normal) (G1 Evacuation Pause)
[2022-03-16T23:35:21.818+0530][gc,task       ] GC(45) Using 8 workers of 8 for evacuation
[2022-03-16T23:35:21.846+0530][gc,mmu        ] GC(45) MMU target violated: 21.0ms (20.0ms/21.0ms)
[2022-03-16T23:35:21.846+0530][gc,phases     ] GC(45)   Pre Evacuate Collection Set: 6.7ms
[2022-03-16T23:35:21.846+0530][gc,phases     ] GC(45)   Evacuate Collection Set: 18.3ms
[2022-03-16T23:35:21.846+0530][gc,phases     ] GC(45)   Post Evacuate Collection Set: 1.6ms
[2022-03-16T23:35:21.846+0530][gc,phases     ] GC(45)   Other: 2.9ms
[2022-03-16T23:35:21.846+0530][gc,heap       ] GC(45) Eden regions: 49->0(49)
[2022-03-16T23:35:21.846+0530][gc,heap       ] GC(45) Survivor regions: 2->2(7)
[2022-03-16T23:35:21.846+0530][gc,heap       ] GC(45) Old regions: 19->19
[2022-03-16T23:35:21.846+0530][gc,heap       ] GC(45) Humongous regions: 129->129
[2022-03-16T23:35:21.846+0530][gc,metaspace  ] GC(45) Metaspace: 45891K->45891K(1091584K)
[2022-03-16T23:35:21.846+0530][gc            ] GC(45) Pause Young (Normal) (G1 Evacuation Pause) 196M->147M(1024M) 29.515ms
[2022-03-16T23:35:21.846+0530][gc,cpu        ] GC(45) User=0.02s Sys=0.05s Real=0.02s
[2022-03-16T23:44:00.310+0530][gc,start      ] GC(46) Pause Young (Normal) (G1 Evacuation Pause)
[2022-03-16T23:44:00.312+0530][gc,task       ] GC(46) Using 8 workers of 8 for evacuation
[2022-03-16T23:44:00.441+0530][gc,mmu        ] GC(46) MMU target violated: 21.0ms (20.0ms/21.0ms)
[2022-03-16T23:44:00.441+0530][gc,phases     ] GC(46)   Pre Evacuate Collection Set: 68.9ms
[2022-03-16T23:44:00.441+0530][gc,phases     ] GC(46)   Evacuate Collection Set: 51.1ms
[2022-03-16T23:44:00.441+0530][gc,phases     ] GC(46)   Post Evacuate Collection Set: 3.2ms
[2022-03-16T23:44:00.441+0530][gc,phases     ] GC(46)   Other: 9.6ms
[2022-03-16T23:44:00.441+0530][gc,heap       ] GC(46) Eden regions: 49->0(49)
[2022-03-16T23:44:00.441+0530][gc,heap       ] GC(46) Survivor regions: 2->2(7)
[2022-03-16T23:44:00.441+0530][gc,heap       ] GC(46) Old regions: 19->19
[2022-03-16T23:44:00.441+0530][gc,heap       ] GC(46) Humongous regions: 129->129
[2022-03-16T23:44:00.441+0530][gc,metaspace  ] GC(46) Metaspace: 45892K->45892K(1091584K)
[2022-03-16T23:44:00.441+0530][gc            ] GC(46) Pause Young (Normal) (G1 Evacuation Pause) 196M->147M(1024M) 131.439ms
[2022-03-16T23:44:00.441+0530][gc,cpu        ] GC(46) User=0.26s Sys=0.03s Real=0.13s
[2022-03-16T23:52:56.357+0530][gc,start      ] GC(47) Pause Young (Normal) (G1 Evacuation Pause)
[2022-03-16T23:52:56.358+0530][gc,task       ] GC(47) Using 8 workers of 8 for evacuation
[2022-03-16T23:52:56.372+0530][gc,phases     ] GC(47)   Pre Evacuate Collection Set: 0.5ms
[2022-03-16T23:52:56.372+0530][gc,phases     ] GC(47)   Evacuate Collection Set: 11.2ms
[2022-03-16T23:52:56.372+0530][gc,phases     ] GC(47)   Post Evacuate Collection Set: 1.5ms
[2022-03-16T23:52:56.372+0530][gc,phases     ] GC(47)   Other: 2.7ms
[2022-03-16T23:52:56.373+0530][gc,heap       ] GC(47) Eden regions: 49->0(49)
[2022-03-16T23:52:56.373+0530][gc,heap       ] GC(47) Survivor regions: 2->2(7)
[2022-03-16T23:52:56.373+0530][gc,heap       ] GC(47) Old regions: 19->19
[2022-03-16T23:52:56.373+0530][gc,heap       ] GC(47) Humongous regions: 129->129
[2022-03-16T23:52:56.373+0530][gc,metaspace  ] GC(47) Metaspace: 45893K->45893K(1091584K)
[2022-03-16T23:52:56.373+0530][gc            ] GC(47) Pause Young (Normal) (G1 Evacuation Pause) 196M->147M(1024M) 15.604ms
[2022-03-16T23:52:56.373+0530][gc,cpu        ] GC(47) User=0.04s Sys=0.00s Real=0.01s
[2022-03-17T00:01:51.532+0530][gc,start      ] GC(48) Pause Young (Normal) (G1 Evacuation Pause)
[2022-03-17T00:01:51.533+0530][gc,task       ] GC(48) Using 8 workers of 8 for evacuation
[2022-03-17T00:01:51.543+0530][gc,phases     ] GC(48)   Pre Evacuate Collection Set: 0.4ms
[2022-03-17T00:01:51.543+0530][gc,phases     ] GC(48)   Evacuate Collection Set: 7.9ms
[2022-03-17T00:01:51.543+0530][gc,phases     ] GC(48)   Post Evacuate Collection Set: 1.2ms
[2022-03-17T00:01:51.544+0530][gc,phases     ] GC(48)   Other: 2.4ms
[2022-03-17T00:01:51.544+0530][gc,heap       ] GC(48) Eden regions: 49->0(48)
[2022-03-17T00:01:51.544+0530][gc,heap       ] GC(48) Survivor regions: 2->3(7)
[2022-03-17T00:01:51.544+0530][gc,heap       ] GC(48) Old regions: 19->19
[2022-03-17T00:01:51.544+0530][gc,heap       ] GC(48) Humongous regions: 129->129
[2022-03-17T00:01:51.544+0530][gc,metaspace  ] GC(48) Metaspace: 45897K->45897K(1091584K)
[2022-03-17T00:01:51.544+0530][gc            ] GC(48) Pause Young (Normal) (G1 Evacuation Pause) 196M->148M(1024M) 12.462ms
[2022-03-17T00:01:51.544+0530][gc,cpu        ] GC(48) User=0.04s Sys=0.01s Real=0.01s
[2022-03-17T00:10:39.989+0530][gc,start      ] GC(49) Pause Young (Normal) (G1 Evacuation Pause)
[2022-03-17T00:10:39.990+0530][gc,task       ] GC(49) Using 8 workers of 8 for evacuation
[2022-03-17T00:10:40.000+0530][gc,phases     ] GC(49)   Pre Evacuate Collection Set: 0.2ms
[2022-03-17T00:10:40.000+0530][gc,phases     ] GC(49)   Evacuate Collection Set: 6.4ms
[2022-03-17T00:10:40.000+0530][gc,phases     ] GC(49)   Post Evacuate Collection Set: 2.2ms
[2022-03-17T00:10:40.000+0530][gc,phases     ] GC(49)   Other: 8.6ms
[2022-03-17T00:10:40.000+0530][gc,heap       ] GC(49) Eden regions: 48->0(48)
[2022-03-17T00:10:40.000+0530][gc,heap       ] GC(49) Survivor regions: 3->3(7)
[2022-03-17T00:10:40.000+0530][gc,heap       ] GC(49) Old regions: 19->19
[2022-03-17T00:10:40.000+0530][gc,heap       ] GC(49) Humongous regions: 129->129
[2022-03-17T00:10:40.000+0530][gc,metaspace  ] GC(49) Metaspace: 45897K->45897K(1091584K)
[2022-03-17T00:10:40.000+0530][gc            ] GC(49) Pause Young (Normal) (G1 Evacuation Pause) 196M->148M(1024M) 11.472ms
[2022-03-17T00:10:40.000+0530][gc,cpu        ] GC(49) User=0.04s Sys=0.00s Real=0.01s
[2022-03-17T00:19:24.982+0530][gc,start      ] GC(50) Pause Young (Normal) (G1 Evacuation Pause)
[2022-03-17T00:19:24.983+0530][gc,task       ] GC(50) Using 8 workers of 8 for evacuation
[2022-03-17T00:19:25.002+0530][gc,phases     ] GC(50)   Pre Evacuate Collection Set: 0.1ms
[2022-03-17T00:19:25.002+0530][gc,phases     ] GC(50)   Evacuate Collection Set: 16.9ms
[2022-03-17T00:19:25.002+0530][gc,phases     ] GC(50)   Post Evacuate Collection Set: 1.2ms
[2022-03-17T00:19:25.002+0530][gc,phases     ] GC(50)   Other: 1.1ms
[2022-03-17T00:19:25.002+0530][gc,heap       ] GC(50) Eden regions: 48->0(48)
[2022-03-17T00:19:25.002+0530][gc,heap       ] GC(50) Survivor regions: 3->3(7)
[2022-03-17T00:19:25.002+0530][gc,heap       ] GC(50) Old regions: 19->19
[2022-03-17T00:19:25.002+0530][gc,heap       ] GC(50) Humongous regions: 129->129
[2022-03-17T00:19:25.002+0530][gc,metaspace  ] GC(50) Metaspace: 45900K->45900K(1091584K)
[2022-03-17T00:19:25.002+0530][gc            ] GC(50) Pause Young (Normal) (G1 Evacuation Pause) 196M->148M(1024M) 19.720ms
[2022-03-17T00:19:25.002+0530][gc,cpu        ] GC(50) User=0.05s Sys=0.02s Real=0.02s
[2022-03-17T00:28:13.168+0530][gc,start      ] GC(51) Pause Young (Normal) (G1 Evacuation Pause)
[2022-03-17T00:28:13.170+0530][gc,task       ] GC(51) Using 8 workers of 8 for evacuation
[2022-03-17T00:28:13.180+0530][gc,phases     ] GC(51)   Pre Evacuate Collection Set: 0.2ms
[2022-03-17T00:28:13.180+0530][gc,phases     ] GC(51)   Evacuate Collection Set: 6.8ms
[2022-03-17T00:28:13.180+0530][gc,phases     ] GC(51)   Post Evacuate Collection Set: 1.6ms
[2022-03-17T00:28:13.180+0530][gc,phases     ] GC(51)   Other: 3.0ms
[2022-03-17T00:28:13.180+0530][gc,heap       ] GC(51) Eden regions: 48->0(48)
[2022-03-17T00:28:13.180+0530][gc,heap       ] GC(51) Survivor regions: 3->3(7)
[2022-03-17T00:28:13.180+0530][gc,heap       ] GC(51) Old regions: 19->19
[2022-03-17T00:28:13.180+0530][gc,heap       ] GC(51) Humongous regions: 129->129
[2022-03-17T00:28:13.180+0530][gc,metaspace  ] GC(51) Metaspace: 45900K->45900K(1091584K)
[2022-03-17T00:28:13.181+0530][gc            ] GC(51) Pause Young (Normal) (G1 Evacuation Pause) 196M->148M(1024M) 12.298ms
[2022-03-17T00:28:13.181+0530][gc,cpu        ] GC(51) User=0.05s Sys=0.00s Real=0.02s
[2022-03-17T00:37:01.911+0530][gc,start      ] GC(52) Pause Young (Normal) (G1 Evacuation Pause)
[2022-03-17T00:37:01.920+0530][gc,task       ] GC(52) Using 8 workers of 8 for evacuation
[2022-03-17T00:37:02.783+0530][gc,mmu        ] GC(52) MMU target violated: 21.0ms (20.0ms/21.0ms)
[2022-03-17T00:37:02.784+0530][gc,phases     ] GC(52)   Pre Evacuate Collection Set: 499.9ms
[2022-03-17T00:37:02.784+0530][gc,phases     ] GC(52)   Evacuate Collection Set: 292.0ms
[2022-03-17T00:37:02.784+0530][gc,phases     ] GC(52)   Post Evacuate Collection Set: 54.9ms
[2022-03-17T00:37:02.784+0530][gc,phases     ] GC(52)   Other: 43.9ms
[2022-03-17T00:37:02.784+0530][gc,heap       ] GC(52) Eden regions: 48->0(48)
[2022-03-17T00:37:02.784+0530][gc,heap       ] GC(52) Survivor regions: 3->3(7)
[2022-03-17T00:37:02.784+0530][gc,heap       ] GC(52) Old regions: 19->19
[2022-03-17T00:37:02.784+0530][gc,heap       ] GC(52) Humongous regions: 129->129
[2022-03-17T00:37:02.784+0530][gc,metaspace  ] GC(52) Metaspace: 45900K->45900K(1091584K)
[2022-03-17T00:37:02.785+0530][gc            ] GC(52) Pause Young (Normal) (G1 Evacuation Pause) 196M->148M(1024M) 875.620ms
[2022-03-17T00:37:02.785+0530][gc,cpu        ] GC(52) User=0.55s Sys=0.07s Real=0.87s
[2022-03-17T00:45:29.887+0530][gc,start      ] GC(53) Pause Young (Normal) (G1 Evacuation Pause)
[2022-03-17T00:45:29.888+0530][gc,task       ] GC(53) Using 8 workers of 8 for evacuation
[2022-03-17T00:45:29.915+0530][gc,mmu        ] GC(53) MMU target violated: 21.0ms (20.0ms/21.0ms)
[2022-03-17T00:45:29.916+0530][gc,phases     ] GC(53)   Pre Evacuate Collection Set: 1.1ms
[2022-03-17T00:45:29.916+0530][gc,phases     ] GC(53)   Evacuate Collection Set: 22.3ms
[2022-03-17T00:45:29.916+0530][gc,phases     ] GC(53)   Post Evacuate Collection Set: 1.5ms
[2022-03-17T00:45:29.916+0530][gc,phases     ] GC(53)   Other: 5.5ms
[2022-03-17T00:45:29.916+0530][gc,heap       ] GC(53) Eden regions: 48->0(48)
[2022-03-17T00:45:29.916+0530][gc,heap       ] GC(53) Survivor regions: 3->3(7)
[2022-03-17T00:45:29.916+0530][gc,heap       ] GC(53) Old regions: 19->19
[2022-03-17T00:45:29.916+0530][gc,heap       ] GC(53) Humongous regions: 129->129
[2022-03-17T00:45:29.917+0530][gc,metaspace  ] GC(53) Metaspace: 45902K->45902K(1091584K)
[2022-03-17T00:45:29.917+0530][gc            ] GC(53) Pause Young (Normal) (G1 Evacuation Pause) 196M->149M(1024M) 30.244ms
[2022-03-17T00:45:29.917+0530][gc,cpu        ] GC(53) User=0.04s Sys=0.05s Real=0.04s
[2022-03-17T00:54:13.738+0530][gc,start      ] GC(54) Pause Young (Normal) (G1 Evacuation Pause)
[2022-03-17T00:54:13.739+0530][gc,task       ] GC(54) Using 8 workers of 8 for evacuation
[2022-03-17T00:54:13.886+0530][gc,mmu        ] GC(54) MMU target violated: 21.0ms (20.0ms/21.0ms)
[2022-03-17T00:54:13.887+0530][gc,phases     ] GC(54)   Pre Evacuate Collection Set: 58.4ms
[2022-03-17T00:54:13.887+0530][gc,phases     ] GC(54)   Evacuate Collection Set: 80.1ms
[2022-03-17T00:54:13.887+0530][gc,phases     ] GC(54)   Post Evacuate Collection Set: 4.9ms
[2022-03-17T00:54:13.887+0530][gc,phases     ] GC(54)   Other: 7.4ms
[2022-03-17T00:54:13.887+0530][gc,heap       ] GC(54) Eden regions: 48->0(49)
[2022-03-17T00:54:13.887+0530][gc,heap       ] GC(54) Survivor regions: 3->2(7)
[2022-03-17T00:54:13.887+0530][gc,heap       ] GC(54) Old regions: 19->19
[2022-03-17T00:54:13.887+0530][gc,heap       ] GC(54) Humongous regions: 129->129
[2022-03-17T00:54:13.888+0530][gc,metaspace  ] GC(54) Metaspace: 45902K->45902K(1091584K)
[2022-03-17T00:54:13.888+0530][gc            ] GC(54) Pause Young (Normal) (G1 Evacuation Pause) 197M->147M(1024M) 150.312ms
[2022-03-17T00:54:13.888+0530][gc,cpu        ] GC(54) User=0.36s Sys=0.00s Real=0.14s
[2022-03-17T01:03:09.992+0530][gc,start      ] GC(55) Pause Young (Normal) (G1 Evacuation Pause)
[2022-03-17T01:03:09.993+0530][gc,task       ] GC(55) Using 8 workers of 8 for evacuation
[2022-03-17T01:03:10.003+0530][gc,phases     ] GC(55)   Pre Evacuate Collection Set: 0.8ms
[2022-03-17T01:03:10.003+0530][gc,phases     ] GC(55)   Evacuate Collection Set: 6.8ms
[2022-03-17T01:03:10.003+0530][gc,phases     ] GC(55)   Post Evacuate Collection Set: 1.5ms
[2022-03-17T01:03:10.003+0530][gc,phases     ] GC(55)   Other: 2.2ms
[2022-03-17T01:03:10.003+0530][gc,heap       ] GC(55) Eden regions: 49->0(49)
[2022-03-17T01:03:10.003+0530][gc,heap       ] GC(55) Survivor regions: 2->2(7)
[2022-03-17T01:03:10.003+0530][gc,heap       ] GC(55) Old regions: 19->19
[2022-03-17T01:03:10.003+0530][gc,heap       ] GC(55) Humongous regions: 129->129
[2022-03-17T01:03:10.003+0530][gc,metaspace  ] GC(55) Metaspace: 45911K->45911K(1091584K)
[2022-03-17T01:03:10.003+0530][gc            ] GC(55) Pause Young (Normal) (G1 Evacuation Pause) 196M->147M(1024M) 11.099ms
[2022-03-17T01:03:10.003+0530][gc,cpu        ] GC(55) User=0.05s Sys=0.00s Real=0.01s
[2022-03-17T01:12:07.555+0530][gc,start      ] GC(56) Pause Young (Normal) (G1 Evacuation Pause)
[2022-03-17T01:12:07.555+0530][gc,task       ] GC(56) Using 8 workers of 8 for evacuation
[2022-03-17T01:12:07.565+0530][gc,phases     ] GC(56)   Pre Evacuate Collection Set: 0.5ms
[2022-03-17T01:12:07.565+0530][gc,phases     ] GC(56)   Evacuate Collection Set: 7.0ms
[2022-03-17T01:12:07.565+0530][gc,phases     ] GC(56)   Post Evacuate Collection Set: 1.5ms
[2022-03-17T01:12:07.565+0530][gc,phases     ] GC(56)   Other: 2.2ms
[2022-03-17T01:12:07.566+0530][gc,heap       ] GC(56) Eden regions: 49->0(49)
[2022-03-17T01:12:07.566+0530][gc,heap       ] GC(56) Survivor regions: 2->2(7)
[2022-03-17T01:12:07.566+0530][gc,heap       ] GC(56) Old regions: 19->19
[2022-03-17T01:12:07.566+0530][gc,heap       ] GC(56) Humongous regions: 129->129
[2022-03-17T01:12:07.566+0530][gc,metaspace  ] GC(56) Metaspace: 45923K->45923K(1091584K)
[2022-03-17T01:12:07.566+0530][gc            ] GC(56) Pause Young (Normal) (G1 Evacuation Pause) 196M->147M(1024M) 11.301ms
[2022-03-17T01:12:07.566+0530][gc,cpu        ] GC(56) User=0.02s Sys=0.01s Real=0.01s
[2022-03-17T01:21:07.291+0530][gc,start      ] GC(57) Pause Young (Normal) (G1 Evacuation Pause)
[2022-03-17T01:21:07.294+0530][gc,task       ] GC(57) Using 8 workers of 8 for evacuation
[2022-03-17T01:21:07.680+0530][gc,mmu        ] GC(57) MMU target violated: 21.0ms (20.0ms/21.0ms)
[2022-03-17T01:21:07.681+0530][gc,phases     ] GC(57)   Pre Evacuate Collection Set: 194.0ms
[2022-03-17T01:21:07.681+0530][gc,phases     ] GC(57)   Evacuate Collection Set: 158.0ms
[2022-03-17T01:21:07.681+0530][gc,phases     ] GC(57)   Post Evacuate Collection Set: 6.4ms
[2022-03-17T01:21:07.681+0530][gc,phases     ] GC(57)   Other: 33.6ms
[2022-03-17T01:21:07.681+0530][gc,heap       ] GC(57) Eden regions: 49->0(49)
[2022-03-17T01:21:07.681+0530][gc,heap       ] GC(57) Survivor regions: 2->2(7)
[2022-03-17T01:21:07.681+0530][gc,heap       ] GC(57) Old regions: 19->19
[2022-03-17T01:21:07.681+0530][gc,heap       ] GC(57) Humongous regions: 129->129
[2022-03-17T01:21:07.681+0530][gc,metaspace  ] GC(57) Metaspace: 45923K->45923K(1091584K)
[2022-03-17T01:21:07.681+0530][gc            ] GC(57) Pause Young (Normal) (G1 Evacuation Pause) 196M->148M(1024M) 390.325ms
[2022-03-17T01:21:07.681+0530][gc,cpu        ] GC(57) User=0.58s Sys=0.02s Real=0.39s
[2022-03-17T01:30:06.159+0530][gc,start      ] GC(58) Pause Young (Normal) (G1 Evacuation Pause)
[2022-03-17T01:30:06.160+0530][gc,task       ] GC(58) Using 8 workers of 8 for evacuation
[2022-03-17T01:30:06.168+0530][gc,phases     ] GC(58)   Pre Evacuate Collection Set: 0.0ms
[2022-03-17T01:30:06.168+0530][gc,phases     ] GC(58)   Evacuate Collection Set: 7.4ms
[2022-03-17T01:30:06.168+0530][gc,phases     ] GC(58)   Post Evacuate Collection Set: 0.6ms
[2022-03-17T01:30:06.168+0530][gc,phases     ] GC(58)   Other: 0.5ms
[2022-03-17T01:30:06.168+0530][gc,heap       ] GC(58) Eden regions: 49->0(48)
[2022-03-17T01:30:06.168+0530][gc,heap       ] GC(58) Survivor regions: 2->3(7)
[2022-03-17T01:30:06.168+0530][gc,heap       ] GC(58) Old regions: 19->19
[2022-03-17T01:30:06.168+0530][gc,heap       ] GC(58) Humongous regions: 129->129
[2022-03-17T01:30:06.168+0530][gc,metaspace  ] GC(58) Metaspace: 45923K->45923K(1091584K)
[2022-03-17T01:30:06.168+0530][gc            ] GC(58) Pause Young (Normal) (G1 Evacuation Pause) 197M->148M(1024M) 8.687ms
[2022-03-17T01:30:06.168+0530][gc,cpu        ] GC(58) User=0.02s Sys=0.00s Real=0.00s
[2022-03-17T09:24:07.228+0530][gc,start      ] GC(59) Pause Young (Normal) (G1 Evacuation Pause)
[2022-03-17T09:24:07.229+0530][gc,task       ] GC(59) Using 8 workers of 8 for evacuation
[2022-03-17T09:24:07.238+0530][gc,phases     ] GC(59)   Pre Evacuate Collection Set: 0.7ms
[2022-03-17T09:24:07.239+0530][gc,phases     ] GC(59)   Evacuate Collection Set: 7.8ms
[2022-03-17T09:24:07.239+0530][gc,phases     ] GC(59)   Post Evacuate Collection Set: 0.9ms
[2022-03-17T09:24:07.239+0530][gc,phases     ] GC(59)   Other: 0.8ms
[2022-03-17T09:24:07.239+0530][gc,heap       ] GC(59) Eden regions: 48->0(48)
[2022-03-17T09:24:07.239+0530][gc,heap       ] GC(59) Survivor regions: 3->3(7)
[2022-03-17T09:24:07.239+0530][gc,heap       ] GC(59) Old regions: 19->19
[2022-03-17T09:24:07.239+0530][gc,heap       ] GC(59) Humongous regions: 129->129
[2022-03-17T09:24:07.239+0530][gc,metaspace  ] GC(59) Metaspace: 45923K->45923K(1091584K)
[2022-03-17T09:24:07.239+0530][gc            ] GC(59) Pause Young (Normal) (G1 Evacuation Pause) 196M->148M(1024M) 10.434ms
[2022-03-17T09:24:07.239+0530][gc,cpu        ] GC(59) User=0.06s Sys=0.00s Real=0.01s
[2022-03-17T09:32:53.590+0530][gc,start      ] GC(60) Pause Young (Normal) (G1 Evacuation Pause)
[2022-03-17T09:32:53.590+0530][gc,task       ] GC(60) Using 8 workers of 8 for evacuation
[2022-03-17T09:32:53.607+0530][gc,phases     ] GC(60)   Pre Evacuate Collection Set: 0.1ms
[2022-03-17T09:32:53.607+0530][gc,phases     ] GC(60)   Evacuate Collection Set: 15.5ms
[2022-03-17T09:32:53.607+0530][gc,phases     ] GC(60)   Post Evacuate Collection Set: 1.2ms
[2022-03-17T09:32:53.608+0530][gc,phases     ] GC(60)   Other: 0.6ms
[2022-03-17T09:32:53.608+0530][gc,heap       ] GC(60) Eden regions: 48->0(48)
[2022-03-17T09:32:53.608+0530][gc,heap       ] GC(60) Survivor regions: 3->3(7)
[2022-03-17T09:32:53.608+0530][gc,heap       ] GC(60) Old regions: 19->19
[2022-03-17T09:32:53.608+0530][gc,heap       ] GC(60) Humongous regions: 129->129
[2022-03-17T09:32:53.608+0530][gc,metaspace  ] GC(60) Metaspace: 45923K->45923K(1091584K)
[2022-03-17T09:32:53.608+0530][gc            ] GC(60) Pause Young (Normal) (G1 Evacuation Pause) 196M->148M(1024M) 17.793ms
[2022-03-17T09:32:53.608+0530][gc,cpu        ] GC(60) User=0.08s Sys=0.00s Real=0.02s
[2022-03-17T09:41:42.330+0530][gc,start      ] GC(61) Pause Young (Normal) (G1 Evacuation Pause)
[2022-03-17T09:41:42.330+0530][gc,task       ] GC(61) Using 8 workers of 8 for evacuation
[2022-03-17T09:41:42.333+0530][gc,phases     ] GC(61)   Pre Evacuate Collection Set: 0.0ms
[2022-03-17T09:41:42.333+0530][gc,phases     ] GC(61)   Evacuate Collection Set: 2.3ms
[2022-03-17T09:41:42.333+0530][gc,phases     ] GC(61)   Post Evacuate Collection Set: 0.4ms
[2022-03-17T09:41:42.333+0530][gc,phases     ] GC(61)   Other: 0.2ms
[2022-03-17T09:41:42.333+0530][gc,heap       ] GC(61) Eden regions: 48->0(48)
[2022-03-17T09:41:42.333+0530][gc,heap       ] GC(61) Survivor regions: 3->3(7)
[2022-03-17T09:41:42.334+0530][gc,heap       ] GC(61) Old regions: 19->19
[2022-03-17T09:41:42.334+0530][gc,heap       ] GC(61) Humongous regions: 129->129
[2022-03-17T09:41:42.334+0530][gc,metaspace  ] GC(61) Metaspace: 45923K->45923K(1091584K)
[2022-03-17T09:41:42.334+0530][gc            ] GC(61) Pause Young (Normal) (G1 Evacuation Pause) 196M->148M(1024M) 3.173ms
[2022-03-17T09:41:42.334+0530][gc,cpu        ] GC(61) User=0.02s Sys=0.00s Real=0.00s
[2022-03-17T09:50:27.733+0530][gc,start      ] GC(62) Pause Young (Normal) (G1 Evacuation Pause)
[2022-03-17T09:50:27.733+0530][gc,task       ] GC(62) Using 8 workers of 8 for evacuation
[2022-03-17T09:50:27.741+0530][gc,phases     ] GC(62)   Pre Evacuate Collection Set: 0.1ms
[2022-03-17T09:50:27.741+0530][gc,phases     ] GC(62)   Evacuate Collection Set: 6.4ms
[2022-03-17T09:50:27.741+0530][gc,phases     ] GC(62)   Post Evacuate Collection Set: 0.6ms
[2022-03-17T09:50:27.741+0530][gc,phases     ] GC(62)   Other: 0.4ms
[2022-03-17T09:50:27.741+0530][gc,heap       ] GC(62) Eden regions: 48->0(48)
[2022-03-17T09:50:27.741+0530][gc,heap       ] GC(62) Survivor regions: 3->3(7)
[2022-03-17T09:50:27.741+0530][gc,heap       ] GC(62) Old regions: 19->19
[2022-03-17T09:50:27.741+0530][gc,heap       ] GC(62) Humongous regions: 129->129
[2022-03-17T09:50:27.741+0530][gc,metaspace  ] GC(62) Metaspace: 45925K->45925K(1091584K)
[2022-03-17T09:50:27.741+0530][gc            ] GC(62) Pause Young (Normal) (G1 Evacuation Pause) 196M->149M(1024M) 7.597ms
[2022-03-17T09:50:27.741+0530][gc,cpu        ] GC(62) User=0.04s Sys=0.00s Real=0.01s
[2022-03-17T09:59:14.750+0530][gc,start      ] GC(63) Pause Young (Normal) (G1 Evacuation Pause)
[2022-03-17T09:59:14.750+0530][gc,task       ] GC(63) Using 8 workers of 8 for evacuation
[2022-03-17T09:59:14.756+0530][gc,phases     ] GC(63)   Pre Evacuate Collection Set: 0.1ms
[2022-03-17T09:59:14.756+0530][gc,phases     ] GC(63)   Evacuate Collection Set: 5.7ms
[2022-03-17T09:59:14.756+0530][gc,phases     ] GC(63)   Post Evacuate Collection Set: 0.5ms
[2022-03-17T09:59:14.756+0530][gc,phases     ] GC(63)   Other: 3.4ms
[2022-03-17T09:59:14.756+0530][gc,heap       ] GC(63) Eden regions: 48->0(48)
[2022-03-17T09:59:14.756+0530][gc,heap       ] GC(63) Survivor regions: 3->3(7)
[2022-03-17T09:59:14.756+0530][gc,heap       ] GC(63) Old regions: 19->19
[2022-03-17T09:59:14.756+0530][gc,heap       ] GC(63) Humongous regions: 129->129
[2022-03-17T09:59:14.756+0530][gc,metaspace  ] GC(63) Metaspace: 45925K->45925K(1091584K)
[2022-03-17T09:59:14.756+0530][gc            ] GC(63) Pause Young (Normal) (G1 Evacuation Pause) 197M->149M(1024M) 6.783ms
[2022-03-17T09:59:14.756+0530][gc,cpu        ] GC(63) User=0.04s Sys=0.00s Real=0.00s
[2022-03-17T10:08:00.524+0530][gc,start      ] GC(64) Pause Young (Normal) (G1 Evacuation Pause)
[2022-03-17T10:08:00.525+0530][gc,task       ] GC(64) Using 8 workers of 8 for evacuation
[2022-03-17T10:08:00.531+0530][gc,phases     ] GC(64)   Pre Evacuate Collection Set: 0.3ms
[2022-03-17T10:08:00.531+0530][gc,phases     ] GC(64)   Evacuate Collection Set: 4.3ms
[2022-03-17T10:08:00.531+0530][gc,phases     ] GC(64)   Post Evacuate Collection Set: 1.1ms
[2022-03-17T10:08:00.532+0530][gc,phases     ] GC(64)   Other: 2.2ms
[2022-03-17T10:08:00.532+0530][gc,heap       ] GC(64) Eden regions: 48->0(49)
[2022-03-17T10:08:00.532+0530][gc,heap       ] GC(64) Survivor regions: 3->2(7)
[2022-03-17T10:08:00.532+0530][gc,heap       ] GC(64) Old regions: 19->19
[2022-03-17T10:08:00.532+0530][gc,heap       ] GC(64) Humongous regions: 129->129
[2022-03-17T10:08:00.532+0530][gc,metaspace  ] GC(64) Metaspace: 45927K->45927K(1091584K)
[2022-03-17T10:08:00.532+0530][gc            ] GC(64) Pause Young (Normal) (G1 Evacuation Pause) 197M->147M(1024M) 8.304ms
[2022-03-17T10:08:00.532+0530][gc,cpu        ] GC(64) User=0.04s Sys=0.00s Real=0.01s
[2022-03-17T10:17:01.340+0530][gc,start      ] GC(65) Pause Young (Normal) (G1 Evacuation Pause)
[2022-03-17T10:17:01.341+0530][gc,task       ] GC(65) Using 8 workers of 8 for evacuation
[2022-03-17T10:17:01.350+0530][gc,phases     ] GC(65)   Pre Evacuate Collection Set: 0.1ms
[2022-03-17T10:17:01.350+0530][gc,phases     ] GC(65)   Evacuate Collection Set: 7.2ms
[2022-03-17T10:17:01.350+0530][gc,phases     ] GC(65)   Post Evacuate Collection Set: 1.0ms
[2022-03-17T10:17:01.350+0530][gc,phases     ] GC(65)   Other: 1.7ms
[2022-03-17T10:17:01.350+0530][gc,heap       ] GC(65) Eden regions: 49->0(49)
[2022-03-17T10:17:01.350+0530][gc,heap       ] GC(65) Survivor regions: 2->2(7)
[2022-03-17T10:17:01.350+0530][gc,heap       ] GC(65) Old regions: 19->19
[2022-03-17T10:17:01.350+0530][gc,heap       ] GC(65) Humongous regions: 129->129
[2022-03-17T10:17:01.350+0530][gc,metaspace  ] GC(65) Metaspace: 45927K->45927K(1091584K)
[2022-03-17T10:17:01.350+0530][gc            ] GC(65) Pause Young (Normal) (G1 Evacuation Pause) 196M->147M(1024M) 10.284ms
[2022-03-17T10:17:01.350+0530][gc,cpu        ] GC(65) User=0.04s Sys=0.01s Real=0.01s
[2022-03-17T10:25:41.035+0530][gc,start      ] GC(66) Pause Young (Normal) (G1 Evacuation Pause)
[2022-03-17T10:25:41.035+0530][gc,task       ] GC(66) Using 8 workers of 8 for evacuation
[2022-03-17T10:25:41.045+0530][gc,phases     ] GC(66)   Pre Evacuate Collection Set: 0.0ms
[2022-03-17T10:25:41.045+0530][gc,phases     ] GC(66)   Evacuate Collection Set: 9.0ms
[2022-03-17T10:25:41.045+0530][gc,phases     ] GC(66)   Post Evacuate Collection Set: 1.0ms
[2022-03-17T10:25:41.045+0530][gc,phases     ] GC(66)   Other: 0.5ms
[2022-03-17T10:25:41.045+0530][gc,heap       ] GC(66) Eden regions: 49->0(49)
[2022-03-17T10:25:41.045+0530][gc,heap       ] GC(66) Survivor regions: 2->2(7)
[2022-03-17T10:25:41.045+0530][gc,heap       ] GC(66) Old regions: 19->19
[2022-03-17T10:25:41.045+0530][gc,heap       ] GC(66) Humongous regions: 129->129
[2022-03-17T10:25:41.045+0530][gc,metaspace  ] GC(66) Metaspace: 45933K->45933K(1091584K)
[2022-03-17T10:25:41.046+0530][gc            ] GC(66) Pause Young (Normal) (G1 Evacuation Pause) 196M->147M(1024M) 10.855ms
[2022-03-17T10:25:41.046+0530][gc,cpu        ] GC(66) User=0.06s Sys=0.00s Real=0.02s
[2022-03-17T10:34:38.125+0530][gc,start      ] GC(67) Pause Young (Normal) (G1 Evacuation Pause)
[2022-03-17T10:34:38.125+0530][gc,task       ] GC(67) Using 8 workers of 8 for evacuation
[2022-03-17T10:34:38.131+0530][gc,phases     ] GC(67)   Pre Evacuate Collection Set: 0.1ms
[2022-03-17T10:34:38.131+0530][gc,phases     ] GC(67)   Evacuate Collection Set: 4.0ms
[2022-03-17T10:34:38.131+0530][gc,phases     ] GC(67)   Post Evacuate Collection Set: 0.8ms
[2022-03-17T10:34:38.131+0530][gc,phases     ] GC(67)   Other: 1.4ms
[2022-03-17T10:34:38.131+0530][gc,heap       ] GC(67) Eden regions: 49->0(48)
[2022-03-17T10:34:38.131+0530][gc,heap       ] GC(67) Survivor regions: 2->3(7)
[2022-03-17T10:34:38.131+0530][gc,heap       ] GC(67) Old regions: 19->19
[2022-03-17T10:34:38.131+0530][gc,heap       ] GC(67) Humongous regions: 129->129
[2022-03-17T10:34:38.131+0530][gc,metaspace  ] GC(67) Metaspace: 45933K->45933K(1091584K)
[2022-03-17T10:34:38.131+0530][gc            ] GC(67) Pause Young (Normal) (G1 Evacuation Pause) 196M->148M(1024M) 6.457ms
[2022-03-17T10:34:38.131+0530][gc,cpu        ] GC(67) User=0.03s Sys=0.00s Real=0.00s
[2022-03-17T10:43:25.580+0530][gc,start      ] GC(68) Pause Young (Normal) (G1 Evacuation Pause)
[2022-03-17T10:43:25.584+0530][gc,task       ] GC(68) Using 8 workers of 8 for evacuation
[2022-03-17T10:43:25.590+0530][gc,phases     ] GC(68)   Pre Evacuate Collection Set: 0.1ms
[2022-03-17T10:43:25.590+0530][gc,phases     ] GC(68)   Evacuate Collection Set: 5.0ms
[2022-03-17T10:43:25.590+0530][gc,phases     ] GC(68)   Post Evacuate Collection Set: 0.6ms
[2022-03-17T10:43:25.590+0530][gc,phases     ] GC(68)   Other: 4.3ms
[2022-03-17T10:43:25.590+0530][gc,heap       ] GC(68) Eden regions: 48->0(435)
[2022-03-17T10:43:25.590+0530][gc,heap       ] GC(68) Survivor regions: 3->3(7)
[2022-03-17T10:43:25.590+0530][gc,heap       ] GC(68) Old regions: 19->19
[2022-03-17T10:43:25.590+0530][gc,heap       ] GC(68) Humongous regions: 129->129
[2022-03-17T10:43:25.590+0530][gc,metaspace  ] GC(68) Metaspace: 45934K->45934K(1091584K)
[2022-03-17T10:43:25.590+0530][gc            ] GC(68) Pause Young (Normal) (G1 Evacuation Pause) 196M->148M(1024M) 9.968ms
[2022-03-17T10:43:25.590+0530][gc,cpu        ] GC(68) User=0.04s Sys=0.00s Real=0.01s
[2022-03-17T12:03:58.793+0530][gc,start      ] GC(69) Pause Young (Normal) (G1 Evacuation Pause)
[2022-03-17T12:03:58.795+0530][gc,task       ] GC(69) Using 8 workers of 8 for evacuation
[2022-03-17T12:03:58.923+0530][gc,mmu        ] GC(69) MMU target violated: 21.0ms (20.0ms/21.0ms)
[2022-03-17T12:03:58.923+0530][gc,phases     ] GC(69)   Pre Evacuate Collection Set: 41.6ms
[2022-03-17T12:03:58.923+0530][gc,phases     ] GC(69)   Evacuate Collection Set: 69.8ms
[2022-03-17T12:03:58.923+0530][gc,phases     ] GC(69)   Post Evacuate Collection Set: 11.5ms
[2022-03-17T12:03:58.923+0530][gc,phases     ] GC(69)   Other: 10.1ms
[2022-03-17T12:03:58.923+0530][gc,heap       ] GC(69) Eden regions: 435->0(48)
[2022-03-17T12:03:58.923+0530][gc,heap       ] GC(69) Survivor regions: 3->3(55)
[2022-03-17T12:03:58.923+0530][gc,heap       ] GC(69) Old regions: 19->19
[2022-03-17T12:03:58.923+0530][gc,heap       ] GC(69) Humongous regions: 129->129
[2022-03-17T12:03:58.923+0530][gc,metaspace  ] GC(69) Metaspace: 45947K->45947K(1091584K)
[2022-03-17T12:03:58.923+0530][gc            ] GC(69) Pause Young (Normal) (G1 Evacuation Pause) 583M->148M(1024M) 129.550ms
[2022-03-17T12:03:58.923+0530][gc,cpu        ] GC(69) User=0.44s Sys=0.00s Real=0.13s
[2022-03-17T12:12:49.532+0530][gc,start      ] GC(70) Pause Young (Normal) (G1 Evacuation Pause)
[2022-03-17T12:12:49.532+0530][gc,task       ] GC(70) Using 8 workers of 8 for evacuation
[2022-03-17T12:12:49.549+0530][gc,phases     ] GC(70)   Pre Evacuate Collection Set: 0.0ms
[2022-03-17T12:12:49.549+0530][gc,phases     ] GC(70)   Evacuate Collection Set: 16.0ms
[2022-03-17T12:12:49.549+0530][gc,phases     ] GC(70)   Post Evacuate Collection Set: 0.8ms
[2022-03-17T12:12:49.549+0530][gc,phases     ] GC(70)   Other: 0.3ms
[2022-03-17T12:12:49.549+0530][gc,heap       ] GC(70) Eden regions: 48->0(48)
[2022-03-17T12:12:49.549+0530][gc,heap       ] GC(70) Survivor regions: 3->3(7)
[2022-03-17T12:12:49.549+0530][gc,heap       ] GC(70) Old regions: 19->19
[2022-03-17T12:12:49.549+0530][gc,heap       ] GC(70) Humongous regions: 129->129
[2022-03-17T12:12:49.549+0530][gc,metaspace  ] GC(70) Metaspace: 45947K->45947K(1091584K)
[2022-03-17T12:12:49.549+0530][gc            ] GC(70) Pause Young (Normal) (G1 Evacuation Pause) 196M->149M(1024M) 17.396ms
[2022-03-17T12:12:49.549+0530][gc,cpu        ] GC(70) User=0.03s Sys=0.01s Real=0.02s
[2022-03-17T12:21:39.374+0530][gc,start      ] GC(71) Pause Young (Normal) (G1 Evacuation Pause)
[2022-03-17T12:21:39.374+0530][gc,task       ] GC(71) Using 8 workers of 8 for evacuation
[2022-03-17T12:21:39.390+0530][gc,phases     ] GC(71)   Pre Evacuate Collection Set: 0.1ms
[2022-03-17T12:21:39.390+0530][gc,phases     ] GC(71)   Evacuate Collection Set: 15.4ms
[2022-03-17T12:21:39.390+0530][gc,phases     ] GC(71)   Post Evacuate Collection Set: 0.4ms
[2022-03-17T12:21:39.390+0530][gc,phases     ] GC(71)   Other: 0.5ms
[2022-03-17T12:21:39.390+0530][gc,heap       ] GC(71) Eden regions: 48->0(48)
[2022-03-17T12:21:39.390+0530][gc,heap       ] GC(71) Survivor regions: 3->3(7)
[2022-03-17T12:21:39.390+0530][gc,heap       ] GC(71) Old regions: 19->19
[2022-03-17T12:21:39.390+0530][gc,heap       ] GC(71) Humongous regions: 129->129
[2022-03-17T12:21:39.390+0530][gc,metaspace  ] GC(71) Metaspace: 45957K->45957K(1091584K)
[2022-03-17T12:21:39.390+0530][gc            ] GC(71) Pause Young (Normal) (G1 Evacuation Pause) 197M->149M(1024M) 16.466ms
[2022-03-17T12:21:39.390+0530][gc,cpu        ] GC(71) User=0.09s Sys=0.00s Real=0.02s
[2022-03-17T12:30:05.157+0530][gc,start      ] GC(72) Pause Young (Normal) (G1 Evacuation Pause)
[2022-03-17T12:30:05.157+0530][gc,task       ] GC(72) Using 8 workers of 8 for evacuation
[2022-03-17T12:30:05.163+0530][gc,phases     ] GC(72)   Pre Evacuate Collection Set: 0.0ms
[2022-03-17T12:30:05.164+0530][gc,phases     ] GC(72)   Evacuate Collection Set: 5.7ms
[2022-03-17T12:30:05.164+0530][gc,phases     ] GC(72)   Post Evacuate Collection Set: 0.5ms
[2022-03-17T12:30:05.164+0530][gc,phases     ] GC(72)   Other: 0.5ms
[2022-03-17T12:30:05.164+0530][gc,heap       ] GC(72) Eden regions: 48->0(47)
[2022-03-17T12:30:05.164+0530][gc,heap       ] GC(72) Survivor regions: 3->4(7)
[2022-03-17T12:30:05.164+0530][gc,heap       ] GC(72) Old regions: 19->19
[2022-03-17T12:30:05.164+0530][gc,heap       ] GC(72) Humongous regions: 129->129
[2022-03-17T12:30:05.164+0530][gc,metaspace  ] GC(72) Metaspace: 45957K->45957K(1091584K)
[2022-03-17T12:30:05.164+0530][gc            ] GC(72) Pause Young (Normal) (G1 Evacuation Pause) 197M->149M(1024M) 6.830ms
[2022-03-17T12:30:05.164+0530][gc,cpu        ] GC(72) User=0.05s Sys=0.00s Real=0.00s
[2022-03-17T12:38:43.251+0530][gc,start      ] GC(73) Pause Young (Normal) (G1 Evacuation Pause)
[2022-03-17T12:38:43.252+0530][gc,task       ] GC(73) Using 8 workers of 8 for evacuation
[2022-03-17T12:38:43.256+0530][gc,phases     ] GC(73)   Pre Evacuate Collection Set: 0.1ms
[2022-03-17T12:38:43.256+0530][gc,phases     ] GC(73)   Evacuate Collection Set: 3.0ms
[2022-03-17T12:38:43.256+0530][gc,phases     ] GC(73)   Post Evacuate Collection Set: 0.5ms
[2022-03-17T12:38:43.256+0530][gc,phases     ] GC(73)   Other: 3.6ms
[2022-03-17T12:38:43.256+0530][gc,heap       ] GC(73) Eden regions: 47->0(612)
[2022-03-17T12:38:43.256+0530][gc,heap       ] GC(73) Survivor regions: 4->2(7)
[2022-03-17T12:38:43.256+0530][gc,heap       ] GC(73) Old regions: 19->19
[2022-03-17T12:38:43.256+0530][gc,heap       ] GC(73) Humongous regions: 129->129
[2022-03-17T12:38:43.256+0530][gc,metaspace  ] GC(73) Metaspace: 45957K->45957K(1091584K)
[2022-03-17T12:38:43.256+0530][gc            ] GC(73) Pause Young (Normal) (G1 Evacuation Pause) 196M->147M(1024M) 4.296ms
[2022-03-17T12:38:43.256+0530][gc,cpu        ] GC(73) User=0.03s Sys=0.00s Real=0.00s
