[2022-03-16T15:03:20.934+0530][gc,heap] Heap region size: 1M
[2022-03-16T15:03:20.941+0530][gc     ] Using G1
[2022-03-16T15:03:20.941+0530][gc,heap,coops] Heap address: 0x00000000c0000000, size: 1024 MB, Compressed Oops mode: 32-bit
[2022-03-16T15:03:20.941+0530][gc,cds       ] Mark closed archive regions in map: [0x00000000fff00000, 0x00000000fff6aff8]
[2022-03-16T15:03:20.941+0530][gc,cds       ] Mark open archive regions in map: [0x00000000ffe00000, 0x00000000ffe46ff8]
[2022-03-16T15:03:21.621+0530][gc,start     ] GC(0) Pause Young (Normal) (G1 Evacuation Pause)
[2022-03-16T15:03:21.621+0530][gc,task      ] GC(0) Using 8 workers of 8 for evacuation
[2022-03-16T15:03:21.630+0530][gc,phases    ] GC(0)   Pre Evacuate Collection Set: 0.0ms
[2022-03-16T15:03:21.630+0530][gc,phases    ] GC(0)   Evacuate Collection Set: 8.2ms
[2022-03-16T15:03:21.630+0530][gc,phases    ] GC(0)   Post Evacuate Collection Set: 0.4ms
[2022-03-16T15:03:21.630+0530][gc,phases    ] GC(0)   Other: 0.8ms
[2022-03-16T15:03:21.630+0530][gc,heap      ] GC(0) Eden regions: 51->0(44)
[2022-03-16T15:03:21.630+0530][gc,heap      ] GC(0) Survivor regions: 0->7(7)
[2022-03-16T15:03:21.630+0530][gc,heap      ] GC(0) Old regions: 2->2
[2022-03-16T15:03:21.630+0530][gc,heap      ] GC(0) Humongous regions: 0->0
[2022-03-16T15:03:21.630+0530][gc,metaspace ] GC(0) Metaspace: 14838K->14838K(1062912K)
[2022-03-16T15:03:21.630+0530][gc           ] GC(0) Pause Young (Normal) (G1 Evacuation Pause) 51M->7M(1024M) 9.382ms
[2022-03-16T15:03:21.630+0530][gc,cpu       ] GC(0) User=0.06s Sys=0.00s Real=0.01s
[2022-03-16T15:03:21.899+0530][gc,start     ] GC(1) Pause Young (Concurrent Start) (Metadata GC Threshold)
[2022-03-16T15:03:21.899+0530][gc,task      ] GC(1) Using 8 workers of 8 for evacuation
[2022-03-16T15:03:21.906+0530][gc,phases    ] GC(1)   Pre Evacuate Collection Set: 0.0ms
[2022-03-16T15:03:21.906+0530][gc,phases    ] GC(1)   Evacuate Collection Set: 7.1ms
[2022-03-16T15:03:21.906+0530][gc,phases    ] GC(1)   Post Evacuate Collection Set: 0.4ms
[2022-03-16T15:03:21.906+0530][gc,phases    ] GC(1)   Other: 0.2ms
[2022-03-16T15:03:21.906+0530][gc,heap      ] GC(1) Eden regions: 24->0(49)
[2022-03-16T15:03:21.906+0530][gc,heap      ] GC(1) Survivor regions: 7->2(7)
[2022-03-16T15:03:21.906+0530][gc,heap      ] GC(1) Old regions: 2->9
[2022-03-16T15:03:21.906+0530][gc,heap      ] GC(1) Humongous regions: 0->0
[2022-03-16T15:03:21.906+0530][gc,metaspace ] GC(1) Metaspace: 20537K->20537K(1067008K)
[2022-03-16T15:03:21.906+0530][gc           ] GC(1) Pause Young (Concurrent Start) (Metadata GC Threshold) 30M->8M(1024M) 7.791ms
[2022-03-16T15:03:21.906+0530][gc,cpu       ] GC(1) User=0.05s Sys=0.00s Real=0.01s
[2022-03-16T15:03:21.906+0530][gc           ] GC(2) Concurrent Cycle
[2022-03-16T15:03:21.906+0530][gc,marking   ] GC(2) Concurrent Clear Claimed Marks
[2022-03-16T15:03:21.906+0530][gc,marking   ] GC(2) Concurrent Clear Claimed Marks 0.029ms
[2022-03-16T15:03:21.906+0530][gc,marking   ] GC(2) Concurrent Scan Root Regions
[2022-03-16T15:03:21.907+0530][gc,marking   ] GC(2) Concurrent Scan Root Regions 0.872ms
[2022-03-16T15:03:21.907+0530][gc,marking   ] GC(2) Concurrent Mark (0.977s)
[2022-03-16T15:03:21.907+0530][gc,marking   ] GC(2) Concurrent Mark From Roots
[2022-03-16T15:03:21.907+0530][gc,task      ] GC(2) Using 2 workers of 2 for marking
[2022-03-16T15:03:21.912+0530][gc,marking   ] GC(2) Concurrent Mark From Roots 4.212ms
[2022-03-16T15:03:21.912+0530][gc,marking   ] GC(2) Concurrent Preclean
[2022-03-16T15:03:21.912+0530][gc,marking   ] GC(2) Concurrent Preclean 0.098ms
[2022-03-16T15:03:21.912+0530][gc,marking   ] GC(2) Concurrent Mark (0.977s, 0.981s) 4.354ms
[2022-03-16T15:03:21.912+0530][gc,start     ] GC(2) Pause Remark
[2022-03-16T15:03:21.914+0530][gc,stringtable] GC(2) Cleaned string and symbol table, strings: 5094 processed, 0 removed, symbols: 50294 processed, 41 removed
[2022-03-16T15:03:21.914+0530][gc            ] GC(2) Pause Remark 8M->8M(1024M) 2.473ms
[2022-03-16T15:03:21.914+0530][gc,cpu        ] GC(2) User=0.01s Sys=0.00s Real=0.01s
[2022-03-16T15:03:21.914+0530][gc,marking    ] GC(2) Concurrent Rebuild Remembered Sets
[2022-03-16T15:03:21.917+0530][gc,marking    ] GC(2) Concurrent Rebuild Remembered Sets 2.513ms
[2022-03-16T15:03:21.917+0530][gc,start      ] GC(2) Pause Cleanup
[2022-03-16T15:03:21.917+0530][gc            ] GC(2) Pause Cleanup 8M->8M(1024M) 0.203ms
[2022-03-16T15:03:21.917+0530][gc,cpu        ] GC(2) User=0.00s Sys=0.00s Real=0.00s
[2022-03-16T15:03:21.917+0530][gc,marking    ] GC(2) Concurrent Cleanup for Next Mark
[2022-03-16T15:03:21.920+0530][gc,marking    ] GC(2) Concurrent Cleanup for Next Mark 3.191ms
[2022-03-16T15:03:21.920+0530][gc            ] GC(2) Concurrent Cycle 14.058ms
[2022-03-16T15:03:22.412+0530][gc,start      ] GC(3) Pause Young (Normal) (G1 Evacuation Pause)
[2022-03-16T15:03:22.412+0530][gc,task       ] GC(3) Using 8 workers of 8 for evacuation
[2022-03-16T15:03:22.415+0530][gc,phases     ] GC(3)   Pre Evacuate Collection Set: 0.0ms
[2022-03-16T15:03:22.415+0530][gc,phases     ] GC(3)   Evacuate Collection Set: 2.8ms
[2022-03-16T15:03:22.415+0530][gc,phases     ] GC(3)   Post Evacuate Collection Set: 0.4ms
[2022-03-16T15:03:22.415+0530][gc,phases     ] GC(3)   Other: 0.1ms
[2022-03-16T15:03:22.415+0530][gc,heap       ] GC(3) Eden regions: 49->0(46)
[2022-03-16T15:03:22.415+0530][gc,heap       ] GC(3) Survivor regions: 2->5(7)
[2022-03-16T15:03:22.415+0530][gc,heap       ] GC(3) Old regions: 9->9
[2022-03-16T15:03:22.415+0530][gc,heap       ] GC(3) Humongous regions: 129->129
[2022-03-16T15:03:22.415+0530][gc,metaspace  ] GC(3) Metaspace: 29009K->29009K(1075200K)
[2022-03-16T15:03:22.415+0530][gc            ] GC(3) Pause Young (Normal) (G1 Evacuation Pause) 186M->140M(1024M) 3.411ms
[2022-03-16T15:03:22.415+0530][gc,cpu        ] GC(3) User=0.03s Sys=0.00s Real=0.01s
[2022-03-16T15:03:22.779+0530][gc,start      ] GC(4) Pause Young (Concurrent Start) (Metadata GC Threshold)
[2022-03-16T15:03:22.779+0530][gc,task       ] GC(4) Using 8 workers of 8 for evacuation
[2022-03-16T15:03:22.786+0530][gc,phases     ] GC(4)   Pre Evacuate Collection Set: 0.1ms
[2022-03-16T15:03:22.786+0530][gc,phases     ] GC(4)   Evacuate Collection Set: 7.0ms
[2022-03-16T15:03:22.786+0530][gc,phases     ] GC(4)   Post Evacuate Collection Set: 0.4ms
[2022-03-16T15:03:22.786+0530][gc,phases     ] GC(4)   Other: 0.2ms
[2022-03-16T15:03:22.786+0530][gc,heap       ] GC(4) Eden regions: 29->0(45)
[2022-03-16T15:03:22.786+0530][gc,heap       ] GC(4) Survivor regions: 5->6(7)
[2022-03-16T15:03:22.786+0530][gc,heap       ] GC(4) Old regions: 9->10
[2022-03-16T15:03:22.786+0530][gc,heap       ] GC(4) Humongous regions: 129->129
[2022-03-16T15:03:22.786+0530][gc,metaspace  ] GC(4) Metaspace: 34621K->34621K(1081344K)
[2022-03-16T15:03:22.786+0530][gc            ] GC(4) Pause Young (Concurrent Start) (Metadata GC Threshold) 169M->142M(1024M) 7.685ms
[2022-03-16T15:03:22.786+0530][gc,cpu        ] GC(4) User=0.05s Sys=0.00s Real=0.01s
[2022-03-16T15:03:22.786+0530][gc            ] GC(5) Concurrent Cycle
[2022-03-16T15:03:22.786+0530][gc,marking    ] GC(5) Concurrent Clear Claimed Marks
[2022-03-16T15:03:22.786+0530][gc,marking    ] GC(5) Concurrent Clear Claimed Marks 0.068ms
[2022-03-16T15:03:22.786+0530][gc,marking    ] GC(5) Concurrent Scan Root Regions
[2022-03-16T15:03:22.789+0530][gc,marking    ] GC(5) Concurrent Scan Root Regions 2.101ms
[2022-03-16T15:03:22.789+0530][gc,marking    ] GC(5) Concurrent Mark (1.858s)
[2022-03-16T15:03:22.789+0530][gc,marking    ] GC(5) Concurrent Mark From Roots
[2022-03-16T15:03:22.789+0530][gc,task       ] GC(5) Using 2 workers of 2 for marking
[2022-03-16T15:03:22.796+0530][gc,marking    ] GC(5) Concurrent Mark From Roots 7.557ms
[2022-03-16T15:03:22.796+0530][gc,marking    ] GC(5) Concurrent Preclean
[2022-03-16T15:03:22.796+0530][gc,marking    ] GC(5) Concurrent Preclean 0.093ms
[2022-03-16T15:03:22.796+0530][gc,marking    ] GC(5) Concurrent Mark (1.858s, 1.866s) 7.709ms
[2022-03-16T15:03:22.796+0530][gc,start      ] GC(5) Pause Remark
[2022-03-16T15:03:22.801+0530][gc,stringtable] GC(5) Cleaned string and symbol table, strings: 10880 processed, 10 removed, symbols: 84005 processed, 16 removed
[2022-03-16T15:03:22.801+0530][gc            ] GC(5) Pause Remark 143M->143M(1024M) 4.918ms
[2022-03-16T15:03:22.801+0530][gc,cpu        ] GC(5) User=0.03s Sys=0.00s Real=0.00s
[2022-03-16T15:03:22.801+0530][gc,marking    ] GC(5) Concurrent Rebuild Remembered Sets
[2022-03-16T15:03:22.805+0530][gc,marking    ] GC(5) Concurrent Rebuild Remembered Sets 3.904ms
[2022-03-16T15:03:22.805+0530][gc,start      ] GC(5) Pause Cleanup
[2022-03-16T15:03:22.806+0530][gc            ] GC(5) Pause Cleanup 143M->143M(1024M) 0.206ms
[2022-03-16T15:03:22.806+0530][gc,cpu        ] GC(5) User=0.00s Sys=0.00s Real=0.00s
[2022-03-16T15:03:22.806+0530][gc,marking    ] GC(5) Concurrent Cleanup for Next Mark
[2022-03-16T15:03:22.810+0530][gc,marking    ] GC(5) Concurrent Cleanup for Next Mark 4.214ms
[2022-03-16T15:03:22.810+0530][gc            ] GC(5) Concurrent Cycle 23.598ms
[2022-03-16T15:09:47.343+0530][gc,start      ] GC(6) Pause Young (Normal) (G1 Evacuation Pause)
[2022-03-16T15:09:47.350+0530][gc,task       ] GC(6) Using 8 workers of 8 for evacuation
[2022-03-16T15:09:47.361+0530][gc,phases     ] GC(6)   Pre Evacuate Collection Set: 0.0ms
[2022-03-16T15:09:47.361+0530][gc,phases     ] GC(6)   Evacuate Collection Set: 9.8ms
[2022-03-16T15:09:47.361+0530][gc,phases     ] GC(6)   Post Evacuate Collection Set: 0.8ms
[2022-03-16T15:09:47.361+0530][gc,phases     ] GC(6)   Other: 7.2ms
[2022-03-16T15:09:47.361+0530][gc,heap       ] GC(6) Eden regions: 45->0(45)
[2022-03-16T15:09:47.361+0530][gc,heap       ] GC(6) Survivor regions: 6->6(7)
[2022-03-16T15:09:47.361+0530][gc,heap       ] GC(6) Old regions: 10->13
[2022-03-16T15:09:47.361+0530][gc,heap       ] GC(6) Humongous regions: 129->129
[2022-03-16T15:09:47.361+0530][gc,metaspace  ] GC(6) Metaspace: 40030K->40030K(1085440K)
[2022-03-16T15:09:47.361+0530][gc            ] GC(6) Pause Young (Normal) (G1 Evacuation Pause) 187M->145M(1024M) 17.911ms
[2022-03-16T15:09:47.361+0530][gc,cpu        ] GC(6) User=0.07s Sys=0.01s Real=0.02s
[2022-03-16T15:16:01.734+0530][gc,start      ] GC(7) Pause Young (Normal) (G1 Evacuation Pause)
[2022-03-16T15:16:01.737+0530][gc,task       ] GC(7) Using 8 workers of 8 for evacuation
[2022-03-16T15:16:01.758+0530][gc,mmu        ] GC(7) MMU target violated: 20.5ms (20.0ms/21.0ms)
[2022-03-16T15:16:01.758+0530][gc,phases     ] GC(7)   Pre Evacuate Collection Set: 0.1ms
[2022-03-16T15:16:01.758+0530][gc,phases     ] GC(7)   Evacuate Collection Set: 18.6ms
[2022-03-16T15:16:01.758+0530][gc,phases     ] GC(7)   Post Evacuate Collection Set: 1.5ms
[2022-03-16T15:16:01.758+0530][gc,phases     ] GC(7)   Other: 4.0ms
[2022-03-16T15:16:01.758+0530][gc,heap       ] GC(7) Eden regions: 45->0(47)
[2022-03-16T15:16:01.759+0530][gc,heap       ] GC(7) Survivor regions: 6->4(7)
[2022-03-16T15:16:01.759+0530][gc,heap       ] GC(7) Old regions: 13->15
[2022-03-16T15:16:01.759+0530][gc,heap       ] GC(7) Humongous regions: 129->129
[2022-03-16T15:16:01.759+0530][gc,metaspace  ] GC(7) Metaspace: 40576K->40576K(1085440K)
[2022-03-16T15:16:01.759+0530][gc            ] GC(7) Pause Young (Normal) (G1 Evacuation Pause) 190M->145M(1024M) 24.449ms
[2022-03-16T15:16:01.759+0530][gc,cpu        ] GC(7) User=0.13s Sys=0.00s Real=0.02s
[2022-03-16T15:23:51.887+0530][gc,start      ] GC(8) Pause Young (Normal) (G1 Evacuation Pause)
[2022-03-16T15:23:51.890+0530][gc,task       ] GC(8) Using 8 workers of 8 for evacuation
[2022-03-16T15:23:51.897+0530][gc,phases     ] GC(8)   Pre Evacuate Collection Set: 0.0ms
[2022-03-16T15:23:51.897+0530][gc,phases     ] GC(8)   Evacuate Collection Set: 5.6ms
[2022-03-16T15:23:51.897+0530][gc,phases     ] GC(8)   Post Evacuate Collection Set: 0.6ms
[2022-03-16T15:23:51.897+0530][gc,phases     ] GC(8)   Other: 3.2ms
[2022-03-16T15:23:51.897+0530][gc,heap       ] GC(8) Eden regions: 47->0(47)
[2022-03-16T15:23:51.897+0530][gc,heap       ] GC(8) Survivor regions: 4->4(7)
[2022-03-16T15:23:51.897+0530][gc,heap       ] GC(8) Old regions: 15->15
[2022-03-16T15:23:51.897+0530][gc,heap       ] GC(8) Humongous regions: 129->129
[2022-03-16T15:23:51.897+0530][gc,metaspace  ] GC(8) Metaspace: 40946K->40946K(1087488K)
[2022-03-16T15:23:51.897+0530][gc            ] GC(8) Pause Young (Normal) (G1 Evacuation Pause) 192M->145M(1024M) 9.583ms
[2022-03-16T15:23:51.897+0530][gc,cpu        ] GC(8) User=0.03s Sys=0.00s Real=0.01s
[2022-03-16T15:31:38.872+0530][gc,start      ] GC(9) Pause Young (Normal) (G1 Evacuation Pause)
[2022-03-16T15:31:38.875+0530][gc,task       ] GC(9) Using 8 workers of 8 for evacuation
[2022-03-16T15:31:38.889+0530][gc,phases     ] GC(9)   Pre Evacuate Collection Set: 0.1ms
[2022-03-16T15:31:38.889+0530][gc,phases     ] GC(9)   Evacuate Collection Set: 9.1ms
[2022-03-16T15:31:38.889+0530][gc,phases     ] GC(9)   Post Evacuate Collection Set: 4.0ms
[2022-03-16T15:31:38.889+0530][gc,phases     ] GC(9)   Other: 3.7ms
[2022-03-16T15:31:38.889+0530][gc,heap       ] GC(9) Eden regions: 47->0(47)
[2022-03-16T15:31:38.889+0530][gc,heap       ] GC(9) Survivor regions: 4->4(7)
[2022-03-16T15:31:38.889+0530][gc,heap       ] GC(9) Old regions: 15->15
[2022-03-16T15:31:38.889+0530][gc,heap       ] GC(9) Humongous regions: 129->129
[2022-03-16T15:31:38.889+0530][gc,metaspace  ] GC(9) Metaspace: 41050K->41050K(1087488K)
[2022-03-16T15:31:38.890+0530][gc            ] GC(9) Pause Young (Normal) (G1 Evacuation Pause) 192M->145M(1024M) 17.248ms
[2022-03-16T15:31:38.890+0530][gc,cpu        ] GC(9) User=0.08s Sys=0.00s Real=0.02s
[2022-03-16T15:38:26.911+0530][gc,start      ] GC(10) Pause Young (Normal) (G1 Evacuation Pause)
[2022-03-16T15:38:26.911+0530][gc,task       ] GC(10) Using 8 workers of 8 for evacuation
[2022-03-16T15:38:26.933+0530][gc,mmu        ] GC(10) MMU target violated: 21.0ms (20.0ms/21.0ms)
[2022-03-16T15:38:26.933+0530][gc,phases     ] GC(10)   Pre Evacuate Collection Set: 0.1ms
[2022-03-16T15:38:26.933+0530][gc,phases     ] GC(10)   Evacuate Collection Set: 17.8ms
[2022-03-16T15:38:26.933+0530][gc,phases     ] GC(10)   Post Evacuate Collection Set: 3.7ms
[2022-03-16T15:38:26.933+0530][gc,phases     ] GC(10)   Other: 0.9ms
[2022-03-16T15:38:26.933+0530][gc,heap       ] GC(10) Eden regions: 47->0(46)
[2022-03-16T15:38:26.933+0530][gc,heap       ] GC(10) Survivor regions: 4->5(7)
[2022-03-16T15:38:26.933+0530][gc,heap       ] GC(10) Old regions: 15->15
[2022-03-16T15:38:26.933+0530][gc,heap       ] GC(10) Humongous regions: 129->129
[2022-03-16T15:38:26.933+0530][gc,metaspace  ] GC(10) Metaspace: 42276K->42276K(1087488K)
[2022-03-16T15:38:26.933+0530][gc            ] GC(10) Pause Young (Normal) (G1 Evacuation Pause) 192M->146M(1024M) 22.424ms
[2022-03-16T15:38:26.933+0530][gc,cpu        ] GC(10) User=0.14s Sys=0.00s Real=0.03s
[2022-03-16T15:45:35.642+0530][gc,start      ] GC(11) Pause Young (Normal) (G1 Evacuation Pause)
[2022-03-16T15:45:35.645+0530][gc,task       ] GC(11) Using 8 workers of 8 for evacuation
[2022-03-16T15:45:35.664+0530][gc,phases     ] GC(11)   Pre Evacuate Collection Set: 0.1ms
[2022-03-16T15:45:35.664+0530][gc,phases     ] GC(11)   Evacuate Collection Set: 13.1ms
[2022-03-16T15:45:35.664+0530][gc,phases     ] GC(11)   Post Evacuate Collection Set: 4.6ms
[2022-03-16T15:45:35.664+0530][gc,phases     ] GC(11)   Other: 3.6ms
[2022-03-16T15:45:35.664+0530][gc,heap       ] GC(11) Eden regions: 46->0(50)
[2022-03-16T15:45:35.664+0530][gc,heap       ] GC(11) Survivor regions: 5->4(7)
[2022-03-16T15:45:35.664+0530][gc,heap       ] GC(11) Old regions: 15->16
[2022-03-16T15:45:35.664+0530][gc,heap       ] GC(11) Humongous regions: 129->129
[2022-03-16T15:45:35.664+0530][gc,metaspace  ] GC(11) Metaspace: 42519K->42519K(1087488K)
[2022-03-16T15:45:35.664+0530][gc            ] GC(11) Pause Young (Normal) (G1 Evacuation Pause) 192M->147M(1024M) 21.819ms
[2022-03-16T15:45:35.664+0530][gc,cpu        ] GC(11) User=0.12s Sys=0.01s Real=0.02s
[2022-03-16T15:53:34.871+0530][gc,start      ] GC(12) Pause Young (Normal) (G1 Evacuation Pause)
[2022-03-16T15:53:34.878+0530][gc,task       ] GC(12) Using 8 workers of 8 for evacuation
[2022-03-16T15:53:34.889+0530][gc,phases     ] GC(12)   Pre Evacuate Collection Set: 0.1ms
[2022-03-16T15:53:34.890+0530][gc,phases     ] GC(12)   Evacuate Collection Set: 8.1ms
[2022-03-16T15:53:34.890+0530][gc,phases     ] GC(12)   Post Evacuate Collection Set: 2.7ms
[2022-03-16T15:53:34.890+0530][gc,phases     ] GC(12)   Other: 7.4ms
[2022-03-16T15:53:34.890+0530][gc,heap       ] GC(12) Eden regions: 50->0(63)
[2022-03-16T15:53:34.890+0530][gc,heap       ] GC(12) Survivor regions: 4->5(7)
[2022-03-16T15:53:34.890+0530][gc,heap       ] GC(12) Old regions: 16->16
[2022-03-16T15:53:34.890+0530][gc,heap       ] GC(12) Humongous regions: 129->129
[2022-03-16T15:53:34.890+0530][gc,metaspace  ] GC(12) Metaspace: 42643K->42643K(1087488K)
[2022-03-16T15:53:34.890+0530][gc            ] GC(12) Pause Young (Normal) (G1 Evacuation Pause) 197M->147M(1024M) 18.383ms
[2022-03-16T15:53:34.890+0530][gc,cpu        ] GC(12) User=0.08s Sys=0.00s Real=0.02s
[2022-03-16T16:03:22.340+0530][gc,start      ] GC(13) Pause Young (Normal) (G1 Evacuation Pause)
[2022-03-16T16:03:22.341+0530][gc,task       ] GC(13) Using 8 workers of 8 for evacuation
[2022-03-16T16:03:22.347+0530][gc,phases     ] GC(13)   Pre Evacuate Collection Set: 0.0ms
[2022-03-16T16:03:22.347+0530][gc,phases     ] GC(13)   Evacuate Collection Set: 4.0ms
[2022-03-16T16:03:22.347+0530][gc,phases     ] GC(13)   Post Evacuate Collection Set: 2.5ms
[2022-03-16T16:03:22.347+0530][gc,phases     ] GC(13)   Other: 0.5ms
[2022-03-16T16:03:22.347+0530][gc,heap       ] GC(13) Eden regions: 63->0(116)
[2022-03-16T16:03:22.347+0530][gc,heap       ] GC(13) Survivor regions: 5->4(9)
[2022-03-16T16:03:22.347+0530][gc,heap       ] GC(13) Old regions: 16->16
[2022-03-16T16:03:22.347+0530][gc,heap       ] GC(13) Humongous regions: 129->129
[2022-03-16T16:03:22.347+0530][gc,metaspace  ] GC(13) Metaspace: 42890K->42890K(1089536K)
[2022-03-16T16:03:22.348+0530][gc            ] GC(13) Pause Young (Normal) (G1 Evacuation Pause) 210M->147M(1024M) 7.053ms
[2022-03-16T16:03:22.348+0530][gc,cpu        ] GC(13) User=0.04s Sys=0.00s Real=0.01s
[2022-03-16T16:21:13.087+0530][gc,start      ] GC(14) Pause Young (Normal) (G1 Evacuation Pause)
[2022-03-16T16:21:13.088+0530][gc,task       ] GC(14) Using 8 workers of 8 for evacuation
[2022-03-16T16:21:13.114+0530][gc,mmu        ] GC(14) MMU target violated: 21.0ms (20.0ms/21.0ms)
[2022-03-16T16:21:13.115+0530][gc,phases     ] GC(14)   Pre Evacuate Collection Set: 0.5ms
[2022-03-16T16:21:13.115+0530][gc,phases     ] GC(14)   Evacuate Collection Set: 18.3ms
[2022-03-16T16:21:13.115+0530][gc,phases     ] GC(14)   Post Evacuate Collection Set: 5.8ms
[2022-03-16T16:21:13.115+0530][gc,phases     ] GC(14)   Other: 4.2ms
[2022-03-16T16:21:13.115+0530][gc,heap       ] GC(14) Eden regions: 116->0(128)
[2022-03-16T16:21:13.115+0530][gc,heap       ] GC(14) Survivor regions: 4->4(15)
[2022-03-16T16:21:13.115+0530][gc,heap       ] GC(14) Old regions: 16->16
[2022-03-16T16:21:13.115+0530][gc,heap       ] GC(14) Humongous regions: 129->129
[2022-03-16T16:21:13.115+0530][gc,metaspace  ] GC(14) Metaspace: 42946K->42946K(1089536K)
[2022-03-16T16:21:13.115+0530][gc            ] GC(14) Pause Young (Normal) (G1 Evacuation Pause) 263M->147M(1024M) 28.314ms
[2022-03-16T16:21:13.115+0530][gc,cpu        ] GC(14) User=0.07s Sys=0.00s Real=0.03s
[2022-03-16T16:41:27.030+0530][gc,start      ] GC(15) Pause Young (Normal) (G1 Evacuation Pause)
[2022-03-16T16:41:27.037+0530][gc,task       ] GC(15) Using 8 workers of 8 for evacuation
[2022-03-16T16:41:27.059+0530][gc,mmu        ] GC(15) MMU target violated: 21.0ms (20.0ms/21.0ms)
[2022-03-16T16:41:27.059+0530][gc,phases     ] GC(15)   Pre Evacuate Collection Set: 0.1ms
[2022-03-16T16:41:27.059+0530][gc,phases     ] GC(15)   Evacuate Collection Set: 17.0ms
[2022-03-16T16:41:27.059+0530][gc,phases     ] GC(15)   Post Evacuate Collection Set: 4.0ms
[2022-03-16T16:41:27.059+0530][gc,phases     ] GC(15)   Other: 7.6ms
[2022-03-16T16:41:27.059+0530][gc,heap       ] GC(15) Eden regions: 128->0(128)
[2022-03-16T16:41:27.059+0530][gc,heap       ] GC(15) Survivor regions: 4->5(17)
[2022-03-16T16:41:27.059+0530][gc,heap       ] GC(15) Old regions: 16->16
[2022-03-16T16:41:27.059+0530][gc,heap       ] GC(15) Humongous regions: 129->129
[2022-03-16T16:41:27.059+0530][gc,metaspace  ] GC(15) Metaspace: 42980K->42980K(1089536K)
[2022-03-16T16:41:27.059+0530][gc            ] GC(15) Pause Young (Normal) (G1 Evacuation Pause) 275M->147M(1024M) 28.835ms
[2022-03-16T16:41:27.059+0530][gc,cpu        ] GC(15) User=0.13s Sys=0.00s Real=0.03s
[2022-03-16T17:01:46.857+0530][gc,start      ] GC(16) Pause Young (Normal) (G1 Evacuation Pause)
[2022-03-16T17:01:46.864+0530][gc,task       ] GC(16) Using 8 workers of 8 for evacuation
[2022-03-16T17:01:46.878+0530][gc,phases     ] GC(16)   Pre Evacuate Collection Set: 0.8ms
[2022-03-16T17:01:46.878+0530][gc,phases     ] GC(16)   Evacuate Collection Set: 10.2ms
[2022-03-16T17:01:46.878+0530][gc,phases     ] GC(16)   Post Evacuate Collection Set: 2.1ms
[2022-03-16T17:01:46.878+0530][gc,phases     ] GC(16)   Other: 7.8ms
[2022-03-16T17:01:46.878+0530][gc,heap       ] GC(16) Eden regions: 128->0(130)
[2022-03-16T17:01:46.878+0530][gc,heap       ] GC(16) Survivor regions: 5->4(17)
[2022-03-16T17:01:46.878+0530][gc,heap       ] GC(16) Old regions: 16->16
[2022-03-16T17:01:46.878+0530][gc,heap       ] GC(16) Humongous regions: 129->129
[2022-03-16T17:01:46.878+0530][gc,metaspace  ] GC(16) Metaspace: 42983K->42983K(1089536K)
[2022-03-16T17:01:46.879+0530][gc            ] GC(16) Pause Young (Normal) (G1 Evacuation Pause) 275M->147M(1024M) 21.423ms
[2022-03-16T17:01:46.879+0530][gc,cpu        ] GC(16) User=0.07s Sys=0.01s Real=0.02s
[2022-03-16T17:21:51.182+0530][gc,start      ] GC(17) Pause Young (Normal) (G1 Evacuation Pause)
[2022-03-16T17:21:51.189+0530][gc,task       ] GC(17) Using 8 workers of 8 for evacuation
[2022-03-16T17:21:51.209+0530][gc,phases     ] GC(17)   Pre Evacuate Collection Set: 0.1ms
[2022-03-16T17:21:51.209+0530][gc,phases     ] GC(17)   Evacuate Collection Set: 17.3ms
[2022-03-16T17:21:51.209+0530][gc,phases     ] GC(17)   Post Evacuate Collection Set: 1.7ms
[2022-03-16T17:21:51.209+0530][gc,phases     ] GC(17)   Other: 8.4ms
[2022-03-16T17:21:51.209+0530][gc,heap       ] GC(17) Eden regions: 130->0(137)
[2022-03-16T17:21:51.209+0530][gc,heap       ] GC(17) Survivor regions: 4->5(17)
[2022-03-16T17:21:51.209+0530][gc,heap       ] GC(17) Old regions: 16->16
[2022-03-16T17:21:51.209+0530][gc,heap       ] GC(17) Humongous regions: 129->129
[2022-03-16T17:21:51.209+0530][gc,metaspace  ] GC(17) Metaspace: 43011K->43011K(1089536K)
[2022-03-16T17:21:51.209+0530][gc            ] GC(17) Pause Young (Normal) (G1 Evacuation Pause) 277M->147M(1024M) 27.703ms
[2022-03-16T17:21:51.209+0530][gc,cpu        ] GC(17) User=0.09s Sys=0.01s Real=0.03s
[2022-03-16T17:43:46.066+0530][gc,start      ] GC(18) Pause Young (Normal) (G1 Evacuation Pause)
[2022-03-16T17:43:46.069+0530][gc,task       ] GC(18) Using 8 workers of 8 for evacuation
[2022-03-16T17:43:46.079+0530][gc,phases     ] GC(18)   Pre Evacuate Collection Set: 0.1ms
[2022-03-16T17:43:46.079+0530][gc,phases     ] GC(18)   Evacuate Collection Set: 7.8ms
[2022-03-16T17:43:46.079+0530][gc,phases     ] GC(18)   Post Evacuate Collection Set: 1.0ms
[2022-03-16T17:43:46.079+0530][gc,phases     ] GC(18)   Other: 4.3ms
[2022-03-16T17:43:46.079+0530][gc,heap       ] GC(18) Eden regions: 137->0(151)
[2022-03-16T17:43:46.079+0530][gc,heap       ] GC(18) Survivor regions: 5->5(18)
[2022-03-16T17:43:46.079+0530][gc,heap       ] GC(18) Old regions: 16->16
[2022-03-16T17:43:46.079+0530][gc,heap       ] GC(18) Humongous regions: 129->129
[2022-03-16T17:43:46.079+0530][gc,metaspace  ] GC(18) Metaspace: 43012K->43012K(1089536K)
[2022-03-16T17:43:46.079+0530][gc            ] GC(18) Pause Young (Normal) (G1 Evacuation Pause) 284M->147M(1024M) 13.314ms
[2022-03-16T17:43:46.079+0530][gc,cpu        ] GC(18) User=0.06s Sys=0.01s Real=0.01s
[2022-03-16T18:07:20.248+0530][gc,start      ] GC(19) Pause Young (Normal) (G1 Evacuation Pause)
[2022-03-16T18:07:20.248+0530][gc,task       ] GC(19) Using 8 workers of 8 for evacuation
[2022-03-16T18:07:20.265+0530][gc,phases     ] GC(19)   Pre Evacuate Collection Set: 0.1ms
[2022-03-16T18:07:20.265+0530][gc,phases     ] GC(19)   Evacuate Collection Set: 13.7ms
[2022-03-16T18:07:20.265+0530][gc,phases     ] GC(19)   Post Evacuate Collection Set: 2.6ms
[2022-03-16T18:07:20.265+0530][gc,phases     ] GC(19)   Other: 1.6ms
[2022-03-16T18:07:20.265+0530][gc,heap       ] GC(19) Eden regions: 151->0(265)
[2022-03-16T18:07:20.265+0530][gc,heap       ] GC(19) Survivor regions: 5->5(20)
[2022-03-16T18:07:20.265+0530][gc,heap       ] GC(19) Old regions: 16->16
[2022-03-16T18:07:20.265+0530][gc,heap       ] GC(19) Humongous regions: 129->129
[2022-03-16T18:07:20.265+0530][gc,metaspace  ] GC(19) Metaspace: 43020K->43020K(1089536K)
[2022-03-16T18:07:20.265+0530][gc            ] GC(19) Pause Young (Normal) (G1 Evacuation Pause) 298M->147M(1024M) 17.742ms
[2022-03-16T18:07:20.265+0530][gc,cpu        ] GC(19) User=0.09s Sys=0.01s Real=0.02s
[2022-03-16T20:27:13.367+0530][gc,start      ] GC(20) Pause Young (Normal) (G1 Evacuation Pause)
[2022-03-16T20:27:13.368+0530][gc,task       ] GC(20) Using 8 workers of 8 for evacuation
[2022-03-16T20:27:13.399+0530][gc,mmu        ] GC(20) MMU target violated: 21.0ms (20.0ms/21.0ms)
[2022-03-16T20:27:13.399+0530][gc,phases     ] GC(20)   Pre Evacuate Collection Set: 0.8ms
[2022-03-16T20:27:13.399+0530][gc,phases     ] GC(20)   Evacuate Collection Set: 24.6ms
[2022-03-16T20:27:13.399+0530][gc,phases     ] GC(20)   Post Evacuate Collection Set: 4.2ms
[2022-03-16T20:27:13.399+0530][gc,phases     ] GC(20)   Other: 4.6ms
[2022-03-16T20:27:13.399+0530][gc,heap       ] GC(20) Eden regions: 265->0(271)
[2022-03-16T20:27:13.399+0530][gc,heap       ] GC(20) Survivor regions: 5->5(34)
[2022-03-16T20:27:13.399+0530][gc,heap       ] GC(20) Old regions: 16->16
[2022-03-16T20:27:13.399+0530][gc,heap       ] GC(20) Humongous regions: 129->129
[2022-03-16T20:27:13.400+0530][gc,metaspace  ] GC(20) Metaspace: 43034K->43034K(1089536K)
[2022-03-16T20:27:13.400+0530][gc            ] GC(20) Pause Young (Normal) (G1 Evacuation Pause) 412M->147M(1024M) 32.968ms
[2022-03-16T20:27:13.400+0530][gc,cpu        ] GC(20) User=0.16s Sys=0.01s Real=0.04s
[2022-03-16T21:18:14.980+0530][gc,start      ] GC(21) Pause Young (Normal) (G1 Evacuation Pause)
[2022-03-16T21:18:14.988+0530][gc,task       ] GC(21) Using 8 workers of 8 for evacuation
[2022-03-16T21:18:15.099+0530][gc,mmu        ] GC(21) MMU target violated: 21.0ms (20.0ms/21.0ms)
[2022-03-16T21:18:15.099+0530][gc,phases     ] GC(21)   Pre Evacuate Collection Set: 17.7ms
[2022-03-16T21:18:15.099+0530][gc,phases     ] GC(21)   Evacuate Collection Set: 74.2ms
[2022-03-16T21:18:15.099+0530][gc,phases     ] GC(21)   Post Evacuate Collection Set: 15.6ms
[2022-03-16T21:18:15.099+0530][gc,phases     ] GC(21)   Other: 12.3ms
[2022-03-16T21:18:15.099+0530][gc,heap       ] GC(21) Eden regions: 271->0(46)
[2022-03-16T21:18:15.099+0530][gc,heap       ] GC(21) Survivor regions: 5->5(35)
[2022-03-16T21:18:15.099+0530][gc,heap       ] GC(21) Old regions: 16->16
[2022-03-16T21:18:15.099+0530][gc,heap       ] GC(21) Humongous regions: 129->129
[2022-03-16T21:18:15.099+0530][gc,metaspace  ] GC(21) Metaspace: 43044K->43044K(1089536K)
[2022-03-16T21:18:15.099+0530][gc            ] GC(21) Pause Young (Normal) (G1 Evacuation Pause) 418M->147M(1024M) 119.490ms
[2022-03-16T21:18:15.099+0530][gc,cpu        ] GC(21) User=0.28s Sys=0.03s Real=0.12s
[2022-03-16T21:26:52.971+0530][gc,start      ] GC(22) Pause Young (Normal) (G1 Evacuation Pause)
[2022-03-16T21:26:52.972+0530][gc,task       ] GC(22) Using 8 workers of 8 for evacuation
[2022-03-16T21:26:53.003+0530][gc,mmu        ] GC(22) MMU target violated: 21.0ms (20.0ms/21.0ms)
[2022-03-16T21:26:53.003+0530][gc,phases     ] GC(22)   Pre Evacuate Collection Set: 1.9ms
[2022-03-16T21:26:53.003+0530][gc,phases     ] GC(22)   Evacuate Collection Set: 27.3ms
[2022-03-16T21:26:53.003+0530][gc,phases     ] GC(22)   Post Evacuate Collection Set: 2.2ms
[2022-03-16T21:26:53.004+0530][gc,phases     ] GC(22)   Other: 1.8ms
[2022-03-16T21:26:53.004+0530][gc,heap       ] GC(22) Eden regions: 46->0(47)
[2022-03-16T21:26:53.004+0530][gc,heap       ] GC(22) Survivor regions: 5->4(7)
[2022-03-16T21:26:53.004+0530][gc,heap       ] GC(22) Old regions: 16->17
[2022-03-16T21:26:53.004+0530][gc,heap       ] GC(22) Humongous regions: 129->129
[2022-03-16T21:26:53.004+0530][gc,metaspace  ] GC(22) Metaspace: 43048K->43048K(1089536K)
[2022-03-16T21:26:53.004+0530][gc            ] GC(22) Pause Young (Normal) (G1 Evacuation Pause) 193M->147M(1024M) 32.996ms
[2022-03-16T21:26:53.004+0530][gc,cpu        ] GC(22) User=0.02s Sys=0.01s Real=0.03s
[2022-03-16T21:35:42.717+0530][gc,start      ] GC(23) Pause Young (Normal) (G1 Evacuation Pause)
[2022-03-16T21:35:42.719+0530][gc,task       ] GC(23) Using 8 workers of 8 for evacuation
[2022-03-16T21:35:42.980+0530][gc,mmu        ] GC(23) MMU target violated: 21.0ms (20.0ms/21.0ms)
[2022-03-16T21:35:42.981+0530][gc,phases     ] GC(23)   Pre Evacuate Collection Set: 106.0ms
[2022-03-16T21:35:42.981+0530][gc,phases     ] GC(23)   Evacuate Collection Set: 142.2ms
[2022-03-16T21:35:42.981+0530][gc,phases     ] GC(23)   Post Evacuate Collection Set: 6.9ms
[2022-03-16T21:35:42.981+0530][gc,phases     ] GC(23)   Other: 12.0ms
[2022-03-16T21:35:42.981+0530][gc,heap       ] GC(23) Eden regions: 47->0(47)
[2022-03-16T21:35:42.981+0530][gc,heap       ] GC(23) Survivor regions: 4->4(7)
[2022-03-16T21:35:42.981+0530][gc,heap       ] GC(23) Old regions: 17->17
[2022-03-16T21:35:42.981+0530][gc,heap       ] GC(23) Humongous regions: 129->129
[2022-03-16T21:35:42.981+0530][gc,metaspace  ] GC(23) Metaspace: 43048K->43048K(1089536K)
[2022-03-16T21:35:42.982+0530][gc            ] GC(23) Pause Young (Normal) (G1 Evacuation Pause) 194M->148M(1024M) 264.526ms
[2022-03-16T21:35:42.982+0530][gc,cpu        ] GC(23) User=0.25s Sys=0.08s Real=0.26s
[2022-03-16T21:44:08.386+0530][gc,start      ] GC(24) Pause Young (Normal) (G1 Evacuation Pause)
[2022-03-16T21:44:08.387+0530][gc,task       ] GC(24) Using 8 workers of 8 for evacuation
[2022-03-16T21:44:08.410+0530][gc,mmu        ] GC(24) MMU target violated: 21.0ms (20.0ms/21.0ms)
[2022-03-16T21:44:08.411+0530][gc,phases     ] GC(24)   Pre Evacuate Collection Set: 0.7ms
[2022-03-16T21:44:08.411+0530][gc,phases     ] GC(24)   Evacuate Collection Set: 18.3ms
[2022-03-16T21:44:08.411+0530][gc,phases     ] GC(24)   Post Evacuate Collection Set: 3.0ms
[2022-03-16T21:44:08.411+0530][gc,phases     ] GC(24)   Other: 3.3ms
[2022-03-16T21:44:08.411+0530][gc,heap       ] GC(24) Eden regions: 47->0(47)
[2022-03-16T21:44:08.411+0530][gc,heap       ] GC(24) Survivor regions: 4->4(7)
[2022-03-16T21:44:08.411+0530][gc,heap       ] GC(24) Old regions: 17->17
[2022-03-16T21:44:08.411+0530][gc,heap       ] GC(24) Humongous regions: 129->129
[2022-03-16T21:44:08.411+0530][gc,metaspace  ] GC(24) Metaspace: 43049K->43049K(1089536K)
[2022-03-16T21:44:08.411+0530][gc            ] GC(24) Pause Young (Normal) (G1 Evacuation Pause) 195M->147M(1024M) 25.099ms
[2022-03-16T21:44:08.411+0530][gc,cpu        ] GC(24) User=0.06s Sys=0.03s Real=0.03s
[2022-03-16T21:52:54.981+0530][gc,start      ] GC(25) Pause Young (Normal) (G1 Evacuation Pause)
[2022-03-16T21:52:54.983+0530][gc,task       ] GC(25) Using 8 workers of 8 for evacuation
[2022-03-16T21:52:54.998+0530][gc,phases     ] GC(25)   Pre Evacuate Collection Set: 0.1ms
[2022-03-16T21:52:54.998+0530][gc,phases     ] GC(25)   Evacuate Collection Set: 13.7ms
[2022-03-16T21:52:54.998+0530][gc,phases     ] GC(25)   Post Evacuate Collection Set: 0.7ms
[2022-03-16T21:52:54.998+0530][gc,phases     ] GC(25)   Other: 3.3ms
[2022-03-16T21:52:54.998+0530][gc,heap       ] GC(25) Eden regions: 47->0(46)
[2022-03-16T21:52:54.999+0530][gc,heap       ] GC(25) Survivor regions: 4->5(7)
[2022-03-16T21:52:54.999+0530][gc,heap       ] GC(25) Old regions: 17->17
[2022-03-16T21:52:54.999+0530][gc,heap       ] GC(25) Humongous regions: 129->129
[2022-03-16T21:52:54.999+0530][gc,metaspace  ] GC(25) Metaspace: 43050K->43050K(1089536K)
[2022-03-16T21:52:54.999+0530][gc            ] GC(25) Pause Young (Normal) (G1 Evacuation Pause) 194M->148M(1024M) 17.971ms
[2022-03-16T21:52:54.999+0530][gc,cpu        ] GC(25) User=0.08s Sys=0.00s Real=0.02s
[2022-03-16T22:01:30.029+0530][gc,start      ] GC(26) Pause Young (Normal) (G1 Evacuation Pause)
[2022-03-16T22:01:30.033+0530][gc,task       ] GC(26) Using 8 workers of 8 for evacuation
[2022-03-16T22:01:30.915+0530][gc,mmu        ] GC(26) MMU target violated: 21.0ms (20.0ms/21.0ms)
[2022-03-16T22:01:30.915+0530][gc,phases     ] GC(26)   Pre Evacuate Collection Set: 2.5ms
[2022-03-16T22:01:30.915+0530][gc,phases     ] GC(26)   Evacuate Collection Set: 872.0ms
[2022-03-16T22:01:30.915+0530][gc,phases     ] GC(26)   Post Evacuate Collection Set: 1.1ms
[2022-03-16T22:01:30.915+0530][gc,phases     ] GC(26)   Other: 12.9ms
[2022-03-16T22:01:30.915+0530][gc,heap       ] GC(26) Eden regions: 46->0(47)
[2022-03-16T22:01:30.915+0530][gc,heap       ] GC(26) Survivor regions: 5->4(7)
[2022-03-16T22:01:30.915+0530][gc,heap       ] GC(26) Old regions: 17->17
[2022-03-16T22:01:30.915+0530][gc,heap       ] GC(26) Humongous regions: 129->129
[2022-03-16T22:01:30.916+0530][gc,metaspace  ] GC(26) Metaspace: 43050K->43050K(1089536K)
[2022-03-16T22:01:30.916+0530][gc            ] GC(26) Pause Young (Normal) (G1 Evacuation Pause) 194M->148M(1024M) 888.590ms
[2022-03-16T22:01:30.916+0530][gc,cpu        ] GC(26) User=2.49s Sys=0.00s Real=0.89s
[2022-03-16T22:10:17.986+0530][gc,start      ] GC(27) Pause Young (Normal) (G1 Evacuation Pause)
[2022-03-16T22:10:17.990+0530][gc,task       ] GC(27) Using 8 workers of 8 for evacuation
[2022-03-16T22:10:18.335+0530][gc,mmu        ] GC(27) MMU target violated: 21.0ms (20.0ms/21.0ms)
[2022-03-16T22:10:18.335+0530][gc,phases     ] GC(27)   Pre Evacuate Collection Set: 252.9ms
[2022-03-16T22:10:18.335+0530][gc,phases     ] GC(27)   Evacuate Collection Set: 81.8ms
[2022-03-16T22:10:18.335+0530][gc,phases     ] GC(27)   Post Evacuate Collection Set: 4.8ms
[2022-03-16T22:10:18.335+0530][gc,phases     ] GC(27)   Other: 10.5ms
[2022-03-16T22:10:18.335+0530][gc,heap       ] GC(27) Eden regions: 47->0(48)
[2022-03-16T22:10:18.335+0530][gc,heap       ] GC(27) Survivor regions: 4->3(7)
[2022-03-16T22:10:18.335+0530][gc,heap       ] GC(27) Old regions: 17->17
[2022-03-16T22:10:18.335+0530][gc,heap       ] GC(27) Humongous regions: 129->129
[2022-03-16T22:10:18.336+0530][gc,metaspace  ] GC(27) Metaspace: 43050K->43050K(1089536K)
[2022-03-16T22:10:18.336+0530][gc            ] GC(27) Pause Young (Normal) (G1 Evacuation Pause) 195M->146M(1024M) 349.778ms
[2022-03-16T22:10:18.336+0530][gc,cpu        ] GC(27) User=0.41s Sys=0.01s Real=0.35s
[2022-03-16T22:19:17.389+0530][gc,start      ] GC(28) Pause Young (Normal) (G1 Evacuation Pause)
[2022-03-16T22:19:17.389+0530][gc,task       ] GC(28) Using 8 workers of 8 for evacuation
[2022-03-16T22:19:17.410+0530][gc,mmu        ] GC(28) MMU target violated: 20.1ms (20.0ms/21.0ms)
[2022-03-16T22:19:17.410+0530][gc,phases     ] GC(28)   Pre Evacuate Collection Set: 1.4ms
[2022-03-16T22:19:17.410+0530][gc,phases     ] GC(28)   Evacuate Collection Set: 16.8ms
[2022-03-16T22:19:17.410+0530][gc,phases     ] GC(28)   Post Evacuate Collection Set: 1.6ms
[2022-03-16T22:19:17.410+0530][gc,phases     ] GC(28)   Other: 1.6ms
[2022-03-16T22:19:17.410+0530][gc,heap       ] GC(28) Eden regions: 48->0(48)
[2022-03-16T22:19:17.410+0530][gc,heap       ] GC(28) Survivor regions: 3->3(7)
[2022-03-16T22:19:17.410+0530][gc,heap       ] GC(28) Old regions: 17->17
[2022-03-16T22:19:17.410+0530][gc,heap       ] GC(28) Humongous regions: 129->129
[2022-03-16T22:19:17.410+0530][gc,metaspace  ] GC(28) Metaspace: 43050K->43050K(1089536K)
[2022-03-16T22:19:17.410+0530][gc            ] GC(28) Pause Young (Normal) (G1 Evacuation Pause) 194M->146M(1024M) 21.648ms
[2022-03-16T22:19:17.410+0530][gc,cpu        ] GC(28) User=0.07s Sys=0.01s Real=0.02s
[2022-03-16T22:28:15.957+0530][gc,start      ] GC(29) Pause Young (Normal) (G1 Evacuation Pause)
[2022-03-16T22:28:15.958+0530][gc,task       ] GC(29) Using 8 workers of 8 for evacuation
[2022-03-16T22:28:15.964+0530][gc,phases     ] GC(29)   Pre Evacuate Collection Set: 0.0ms
[2022-03-16T22:28:15.964+0530][gc,phases     ] GC(29)   Evacuate Collection Set: 5.0ms
[2022-03-16T22:28:15.964+0530][gc,phases     ] GC(29)   Post Evacuate Collection Set: 0.8ms
[2022-03-16T22:28:15.964+0530][gc,phases     ] GC(29)   Other: 1.5ms
[2022-03-16T22:28:15.964+0530][gc,heap       ] GC(29) Eden regions: 48->0(48)
[2022-03-16T22:28:15.964+0530][gc,heap       ] GC(29) Survivor regions: 3->3(7)
[2022-03-16T22:28:15.964+0530][gc,heap       ] GC(29) Old regions: 17->17
[2022-03-16T22:28:15.964+0530][gc,heap       ] GC(29) Humongous regions: 129->129
[2022-03-16T22:28:15.964+0530][gc,metaspace  ] GC(29) Metaspace: 43050K->43050K(1089536K)
[2022-03-16T22:28:15.964+0530][gc            ] GC(29) Pause Young (Normal) (G1 Evacuation Pause) 194M->147M(1024M) 7.539ms
[2022-03-16T22:28:15.964+0530][gc,cpu        ] GC(29) User=0.02s Sys=0.01s Real=0.00s
[2022-03-16T22:37:16.801+0530][gc,start      ] GC(30) Pause Young (Normal) (G1 Evacuation Pause)
[2022-03-16T22:37:16.802+0530][gc,task       ] GC(30) Using 8 workers of 8 for evacuation
[2022-03-16T22:37:16.975+0530][gc,mmu        ] GC(30) MMU target violated: 21.0ms (20.0ms/21.0ms)
[2022-03-16T22:37:16.975+0530][gc,phases     ] GC(30)   Pre Evacuate Collection Set: 79.9ms
[2022-03-16T22:37:16.975+0530][gc,phases     ] GC(30)   Evacuate Collection Set: 84.0ms
[2022-03-16T22:37:16.975+0530][gc,phases     ] GC(30)   Post Evacuate Collection Set: 4.9ms
[2022-03-16T22:37:16.975+0530][gc,phases     ] GC(30)   Other: 7.6ms
[2022-03-16T22:37:16.975+0530][gc,heap       ] GC(30) Eden regions: 48->0(48)
[2022-03-16T22:37:16.975+0530][gc,heap       ] GC(30) Survivor regions: 3->3(7)
[2022-03-16T22:37:16.975+0530][gc,heap       ] GC(30) Old regions: 17->17
[2022-03-16T22:37:16.975+0530][gc,heap       ] GC(30) Humongous regions: 129->129
[2022-03-16T22:37:16.975+0530][gc,metaspace  ] GC(30) Metaspace: 43050K->43050K(1089536K)
[2022-03-16T22:37:16.975+0530][gc            ] GC(30) Pause Young (Normal) (G1 Evacuation Pause) 195M->147M(1024M) 174.583ms
[2022-03-16T22:37:16.975+0530][gc,cpu        ] GC(30) User=0.38s Sys=0.05s Real=0.17s
[2022-03-16T22:45:53.523+0530][gc,start      ] GC(31) Pause Young (Normal) (G1 Evacuation Pause)
[2022-03-16T22:45:53.525+0530][gc,task       ] GC(31) Using 8 workers of 8 for evacuation
[2022-03-16T22:45:53.546+0530][gc,mmu        ] GC(31) MMU target violated: 20.2ms (20.0ms/21.0ms)
[2022-03-16T22:45:53.547+0530][gc,phases     ] GC(31)   Pre Evacuate Collection Set: 1.0ms
[2022-03-16T22:45:53.547+0530][gc,phases     ] GC(31)   Evacuate Collection Set: 15.6ms
[2022-03-16T22:45:53.547+0530][gc,phases     ] GC(31)   Post Evacuate Collection Set: 2.2ms
[2022-03-16T22:45:53.547+0530][gc,phases     ] GC(31)   Other: 6.1ms
[2022-03-16T22:45:53.547+0530][gc,heap       ] GC(31) Eden regions: 48->0(48)
[2022-03-16T22:45:53.547+0530][gc,heap       ] GC(31) Survivor regions: 3->3(7)
[2022-03-16T22:45:53.547+0530][gc,heap       ] GC(31) Old regions: 17->17
[2022-03-16T22:45:53.547+0530][gc,heap       ] GC(31) Humongous regions: 129->129
[2022-03-16T22:45:53.548+0530][gc,metaspace  ] GC(31) Metaspace: 43050K->43050K(1089536K)
[2022-03-16T22:45:53.548+0530][gc            ] GC(31) Pause Young (Normal) (G1 Evacuation Pause) 195M->147M(1024M) 24.910ms
[2022-03-16T22:45:53.548+0530][gc,cpu        ] GC(31) User=0.05s Sys=0.01s Real=0.02s
[2022-03-16T22:54:50.340+0530][gc,start      ] GC(32) Pause Young (Normal) (G1 Evacuation Pause)
[2022-03-16T22:54:50.341+0530][gc,task       ] GC(32) Using 8 workers of 8 for evacuation
[2022-03-16T22:54:50.352+0530][gc,phases     ] GC(32)   Pre Evacuate Collection Set: 0.1ms
[2022-03-16T22:54:50.352+0530][gc,phases     ] GC(32)   Evacuate Collection Set: 10.2ms
[2022-03-16T22:54:50.352+0530][gc,phases     ] GC(32)   Post Evacuate Collection Set: 0.9ms
[2022-03-16T22:54:50.353+0530][gc,phases     ] GC(32)   Other: 2.1ms
[2022-03-16T22:54:50.353+0530][gc,heap       ] GC(32) Eden regions: 48->0(47)
[2022-03-16T22:54:50.353+0530][gc,heap       ] GC(32) Survivor regions: 3->4(7)
[2022-03-16T22:54:50.353+0530][gc,heap       ] GC(32) Old regions: 17->17
[2022-03-16T22:54:50.353+0530][gc,heap       ] GC(32) Humongous regions: 129->129
[2022-03-16T22:54:50.353+0530][gc,metaspace  ] GC(32) Metaspace: 43053K->43053K(1089536K)
[2022-03-16T22:54:50.353+0530][gc            ] GC(32) Pause Young (Normal) (G1 Evacuation Pause) 195M->147M(1024M) 13.335ms
[2022-03-16T22:54:50.353+0530][gc,cpu        ] GC(32) User=0.05s Sys=0.01s Real=0.01s
[2022-03-16T23:03:36.861+0530][gc,start      ] GC(33) Pause Young (Normal) (G1 Evacuation Pause)
[2022-03-16T23:03:36.862+0530][gc,task       ] GC(33) Using 8 workers of 8 for evacuation
[2022-03-16T23:03:36.872+0530][gc,phases     ] GC(33)   Pre Evacuate Collection Set: 0.2ms
[2022-03-16T23:03:36.872+0530][gc,phases     ] GC(33)   Evacuate Collection Set: 7.1ms
[2022-03-16T23:03:36.872+0530][gc,phases     ] GC(33)   Post Evacuate Collection Set: 1.3ms
[2022-03-16T23:03:36.872+0530][gc,phases     ] GC(33)   Other: 2.8ms
[2022-03-16T23:03:36.872+0530][gc,heap       ] GC(33) Eden regions: 47->0(47)
[2022-03-16T23:03:36.872+0530][gc,heap       ] GC(33) Survivor regions: 4->4(7)
[2022-03-16T23:03:36.872+0530][gc,heap       ] GC(33) Old regions: 17->17
[2022-03-16T23:03:36.872+0530][gc,heap       ] GC(33) Humongous regions: 129->129
[2022-03-16T23:03:36.872+0530][gc,metaspace  ] GC(33) Metaspace: 43058K->43058K(1089536K)
[2022-03-16T23:03:36.873+0530][gc            ] GC(33) Pause Young (Normal) (G1 Evacuation Pause) 194M->148M(1024M) 11.570ms
[2022-03-16T23:03:36.873+0530][gc,cpu        ] GC(33) User=0.05s Sys=0.00s Real=0.01s
[2022-03-16T23:12:26.296+0530][gc,start      ] GC(34) Pause Young (Normal) (G1 Evacuation Pause)
[2022-03-16T23:12:26.298+0530][gc,task       ] GC(34) Using 8 workers of 8 for evacuation
[2022-03-16T23:12:26.472+0530][gc,mmu        ] GC(34) MMU target violated: 21.0ms (20.0ms/21.0ms)
[2022-03-16T23:12:26.473+0530][gc,phases     ] GC(34)   Pre Evacuate Collection Set: 84.8ms
[2022-03-16T23:12:26.473+0530][gc,phases     ] GC(34)   Evacuate Collection Set: 77.5ms
[2022-03-16T23:12:26.473+0530][gc,phases     ] GC(34)   Post Evacuate Collection Set: 5.2ms
[2022-03-16T23:12:26.473+0530][gc,phases     ] GC(34)   Other: 12.5ms
[2022-03-16T23:12:26.473+0530][gc,heap       ] GC(34) Eden regions: 47->0(47)
[2022-03-16T23:12:26.473+0530][gc,heap       ] GC(34) Survivor regions: 4->4(7)
[2022-03-16T23:12:26.473+0530][gc,heap       ] GC(34) Old regions: 17->17
[2022-03-16T23:12:26.473+0530][gc,heap       ] GC(34) Humongous regions: 129->129
[2022-03-16T23:12:26.473+0530][gc,metaspace  ] GC(34) Metaspace: 43058K->43058K(1089536K)
[2022-03-16T23:12:26.473+0530][gc            ] GC(34) Pause Young (Normal) (G1 Evacuation Pause) 195M->148M(1024M) 177.372ms
[2022-03-16T23:12:26.473+0530][gc,cpu        ] GC(34) User=0.27s Sys=0.04s Real=0.18s
[2022-03-16T23:21:13.225+0530][gc,start      ] GC(35) Pause Young (Normal) (G1 Evacuation Pause)
[2022-03-16T23:21:13.226+0530][gc,task       ] GC(35) Using 8 workers of 8 for evacuation
[2022-03-16T23:21:13.256+0530][gc,mmu        ] GC(35) MMU target violated: 21.0ms (20.0ms/21.0ms)
[2022-03-16T23:21:13.256+0530][gc,phases     ] GC(35)   Pre Evacuate Collection Set: 4.0ms
[2022-03-16T23:21:13.256+0530][gc,phases     ] GC(35)   Evacuate Collection Set: 18.8ms
[2022-03-16T23:21:13.256+0530][gc,phases     ] GC(35)   Post Evacuate Collection Set: 1.7ms
[2022-03-16T23:21:13.256+0530][gc,phases     ] GC(35)   Other: 8.2ms
[2022-03-16T23:21:13.256+0530][gc,heap       ] GC(35) Eden regions: 47->0(48)
[2022-03-16T23:21:13.256+0530][gc,heap       ] GC(35) Survivor regions: 4->3(7)
[2022-03-16T23:21:13.256+0530][gc,heap       ] GC(35) Old regions: 17->18
[2022-03-16T23:21:13.256+0530][gc,heap       ] GC(35) Humongous regions: 129->129
[2022-03-16T23:21:13.256+0530][gc,metaspace  ] GC(35) Metaspace: 43058K->43058K(1089536K)
[2022-03-16T23:21:13.256+0530][gc            ] GC(35) Pause Young (Normal) (G1 Evacuation Pause) 195M->148M(1024M) 32.064ms
[2022-03-16T23:21:13.256+0530][gc,cpu        ] GC(35) User=0.06s Sys=0.01s Real=0.04s
[2022-03-16T23:30:13.352+0530][gc,start      ] GC(36) Pause Young (Normal) (G1 Evacuation Pause)
[2022-03-16T23:30:13.353+0530][gc,task       ] GC(36) Using 8 workers of 8 for evacuation
[2022-03-16T23:30:13.542+0530][gc,mmu        ] GC(36) MMU target violated: 21.0ms (20.0ms/21.0ms)
[2022-03-16T23:30:13.542+0530][gc,phases     ] GC(36)   Pre Evacuate Collection Set: 79.9ms
[2022-03-16T23:30:13.542+0530][gc,phases     ] GC(36)   Evacuate Collection Set: 99.4ms
[2022-03-16T23:30:13.542+0530][gc,phases     ] GC(36)   Post Evacuate Collection Set: 5.0ms
[2022-03-16T23:30:13.542+0530][gc,phases     ] GC(36)   Other: 7.3ms
[2022-03-16T23:30:13.542+0530][gc,heap       ] GC(36) Eden regions: 48->0(49)
[2022-03-16T23:30:13.542+0530][gc,heap       ] GC(36) Survivor regions: 3->2(7)
[2022-03-16T23:30:13.542+0530][gc,heap       ] GC(36) Old regions: 18->18
[2022-03-16T23:30:13.542+0530][gc,heap       ] GC(36) Humongous regions: 129->129
[2022-03-16T23:30:13.542+0530][gc,metaspace  ] GC(36) Metaspace: 43058K->43058K(1089536K)
[2022-03-16T23:30:13.543+0530][gc            ] GC(36) Pause Young (Normal) (G1 Evacuation Pause) 196M->146M(1024M) 190.781ms
[2022-03-16T23:30:13.543+0530][gc,cpu        ] GC(36) User=0.50s Sys=0.08s Real=0.19s
[2022-03-16T23:39:02.573+0530][gc,start      ] GC(37) Pause Young (Normal) (G1 Evacuation Pause)
[2022-03-16T23:39:02.574+0530][gc,task       ] GC(37) Using 8 workers of 8 for evacuation
[2022-03-16T23:39:02.594+0530][gc,phases     ] GC(37)   Pre Evacuate Collection Set: 1.5ms
[2022-03-16T23:39:02.594+0530][gc,phases     ] GC(37)   Evacuate Collection Set: 15.6ms
[2022-03-16T23:39:02.594+0530][gc,phases     ] GC(37)   Post Evacuate Collection Set: 1.4ms
[2022-03-16T23:39:02.594+0530][gc,phases     ] GC(37)   Other: 4.2ms
[2022-03-16T23:39:02.594+0530][gc,heap       ] GC(37) Eden regions: 49->0(49)
[2022-03-16T23:39:02.594+0530][gc,heap       ] GC(37) Survivor regions: 2->2(7)
[2022-03-16T23:39:02.594+0530][gc,heap       ] GC(37) Old regions: 18->18
[2022-03-16T23:39:02.594+0530][gc,heap       ] GC(37) Humongous regions: 129->129
[2022-03-16T23:39:02.595+0530][gc,metaspace  ] GC(37) Metaspace: 43058K->43058K(1089536K)
[2022-03-16T23:39:02.595+0530][gc            ] GC(37) Pause Young (Normal) (G1 Evacuation Pause) 195M->146M(1024M) 22.536ms
[2022-03-16T23:39:02.595+0530][gc,cpu        ] GC(37) User=0.06s Sys=0.00s Real=0.02s
[2022-03-16T23:48:11.500+0530][gc,start      ] GC(38) Pause Young (Normal) (G1 Evacuation Pause)
[2022-03-16T23:48:11.501+0530][gc,task       ] GC(38) Using 8 workers of 8 for evacuation
[2022-03-16T23:48:11.513+0530][gc,phases     ] GC(38)   Pre Evacuate Collection Set: 0.3ms
[2022-03-16T23:48:11.513+0530][gc,phases     ] GC(38)   Evacuate Collection Set: 8.8ms
[2022-03-16T23:48:11.513+0530][gc,phases     ] GC(38)   Post Evacuate Collection Set: 2.5ms
[2022-03-16T23:48:11.513+0530][gc,phases     ] GC(38)   Other: 3.3ms
[2022-03-16T23:48:11.514+0530][gc,heap       ] GC(38) Eden regions: 49->0(49)
[2022-03-16T23:48:11.514+0530][gc,heap       ] GC(38) Survivor regions: 2->2(7)
[2022-03-16T23:48:11.514+0530][gc,heap       ] GC(38) Old regions: 18->18
[2022-03-16T23:48:11.514+0530][gc,heap       ] GC(38) Humongous regions: 129->129
[2022-03-16T23:48:11.514+0530][gc,metaspace  ] GC(38) Metaspace: 43058K->43058K(1089536K)
[2022-03-16T23:48:11.515+0530][gc            ] GC(38) Pause Young (Normal) (G1 Evacuation Pause) 195M->147M(1024M) 14.934ms
[2022-03-16T23:48:11.515+0530][gc,cpu        ] GC(38) User=0.05s Sys=0.00s Real=0.01s
[2022-03-16T23:57:20.468+0530][gc,start      ] GC(39) Pause Young (Normal) (G1 Evacuation Pause)
[2022-03-16T23:57:20.468+0530][gc,task       ] GC(39) Using 8 workers of 8 for evacuation
[2022-03-16T23:57:20.477+0530][gc,phases     ] GC(39)   Pre Evacuate Collection Set: 0.1ms
[2022-03-16T23:57:20.477+0530][gc,phases     ] GC(39)   Evacuate Collection Set: 7.6ms
[2022-03-16T23:57:20.477+0530][gc,phases     ] GC(39)   Post Evacuate Collection Set: 1.0ms
[2022-03-16T23:57:20.477+0530][gc,phases     ] GC(39)   Other: 0.9ms
[2022-03-16T23:57:20.477+0530][gc,heap       ] GC(39) Eden regions: 49->0(48)
[2022-03-16T23:57:20.477+0530][gc,heap       ] GC(39) Survivor regions: 2->3(7)
[2022-03-16T23:57:20.477+0530][gc,heap       ] GC(39) Old regions: 18->18
[2022-03-16T23:57:20.477+0530][gc,heap       ] GC(39) Humongous regions: 129->129
[2022-03-16T23:57:20.477+0530][gc,metaspace  ] GC(39) Metaspace: 43058K->43058K(1089536K)
[2022-03-16T23:57:20.477+0530][gc            ] GC(39) Pause Young (Normal) (G1 Evacuation Pause) 196M->147M(1024M) 9.865ms
[2022-03-16T23:57:20.478+0530][gc,cpu        ] GC(39) User=0.02s Sys=0.02s Real=0.02s
[2022-03-17T00:06:19.601+0530][gc,start      ] GC(40) Pause Young (Normal) (G1 Evacuation Pause)
[2022-03-17T00:06:19.602+0530][gc,task       ] GC(40) Using 8 workers of 8 for evacuation
[2022-03-17T00:06:19.613+0530][gc,phases     ] GC(40)   Pre Evacuate Collection Set: 0.1ms
[2022-03-17T00:06:19.613+0530][gc,phases     ] GC(40)   Evacuate Collection Set: 8.9ms
[2022-03-17T00:06:19.613+0530][gc,phases     ] GC(40)   Post Evacuate Collection Set: 1.4ms
[2022-03-17T00:06:19.613+0530][gc,phases     ] GC(40)   Other: 2.8ms
[2022-03-17T00:06:19.613+0530][gc,heap       ] GC(40) Eden regions: 48->0(48)
[2022-03-17T00:06:19.613+0530][gc,heap       ] GC(40) Survivor regions: 3->3(7)
[2022-03-17T00:06:19.613+0530][gc,heap       ] GC(40) Old regions: 18->18
[2022-03-17T00:06:19.613+0530][gc,heap       ] GC(40) Humongous regions: 129->129
[2022-03-17T00:06:19.613+0530][gc,metaspace  ] GC(40) Metaspace: 43058K->43058K(1089536K)
[2022-03-17T00:06:19.614+0530][gc            ] GC(40) Pause Young (Normal) (G1 Evacuation Pause) 195M->147M(1024M) 12.914ms
[2022-03-17T00:06:19.614+0530][gc,cpu        ] GC(40) User=0.06s Sys=0.00s Real=0.01s
[2022-03-17T00:15:16.923+0530][gc,start      ] GC(41) Pause Young (Normal) (G1 Evacuation Pause)
[2022-03-17T00:15:16.924+0530][gc,task       ] GC(41) Using 8 workers of 8 for evacuation
[2022-03-17T00:15:16.937+0530][gc,phases     ] GC(41)   Pre Evacuate Collection Set: 0.6ms
[2022-03-17T00:15:16.937+0530][gc,phases     ] GC(41)   Evacuate Collection Set: 9.5ms
[2022-03-17T00:15:16.937+0530][gc,phases     ] GC(41)   Post Evacuate Collection Set: 1.3ms
[2022-03-17T00:15:16.937+0530][gc,phases     ] GC(41)   Other: 2.5ms
[2022-03-17T00:15:16.937+0530][gc,heap       ] GC(41) Eden regions: 48->0(48)
[2022-03-17T00:15:16.937+0530][gc,heap       ] GC(41) Survivor regions: 3->3(7)
[2022-03-17T00:15:16.937+0530][gc,heap       ] GC(41) Old regions: 18->18
[2022-03-17T00:15:16.937+0530][gc,heap       ] GC(41) Humongous regions: 129->129
[2022-03-17T00:15:16.937+0530][gc,metaspace  ] GC(41) Metaspace: 43058K->43058K(1089536K)
[2022-03-17T00:15:16.937+0530][gc            ] GC(41) Pause Young (Normal) (G1 Evacuation Pause) 195M->148M(1024M) 14.019ms
[2022-03-17T00:15:16.937+0530][gc,cpu        ] GC(41) User=0.03s Sys=0.02s Real=0.02s
[2022-03-17T00:24:14.980+0530][gc,start      ] GC(42) Pause Young (Normal) (G1 Evacuation Pause)
[2022-03-17T00:24:14.983+0530][gc,task       ] GC(42) Using 8 workers of 8 for evacuation
[2022-03-17T00:24:14.994+0530][gc,phases     ] GC(42)   Pre Evacuate Collection Set: 0.1ms
[2022-03-17T00:24:14.994+0530][gc,phases     ] GC(42)   Evacuate Collection Set: 9.7ms
[2022-03-17T00:24:14.994+0530][gc,phases     ] GC(42)   Post Evacuate Collection Set: 0.6ms
[2022-03-17T00:24:14.994+0530][gc,phases     ] GC(42)   Other: 3.9ms
[2022-03-17T00:24:14.994+0530][gc,heap       ] GC(42) Eden regions: 48->0(47)
[2022-03-17T00:24:14.994+0530][gc,heap       ] GC(42) Survivor regions: 3->4(7)
[2022-03-17T00:24:14.994+0530][gc,heap       ] GC(42) Old regions: 18->18
[2022-03-17T00:24:14.994+0530][gc,heap       ] GC(42) Humongous regions: 129->129
[2022-03-17T00:24:14.994+0530][gc,metaspace  ] GC(42) Metaspace: 43058K->43058K(1089536K)
[2022-03-17T00:24:14.994+0530][gc            ] GC(42) Pause Young (Normal) (G1 Evacuation Pause) 196M->148M(1024M) 14.048ms
[2022-03-17T00:24:14.994+0530][gc,cpu        ] GC(42) User=0.04s Sys=0.00s Real=0.01s
[2022-03-17T00:33:00.059+0530][gc,start      ] GC(43) Pause Young (Normal) (G1 Evacuation Pause)
[2022-03-17T00:33:00.062+0530][gc,task       ] GC(43) Using 8 workers of 8 for evacuation
[2022-03-17T00:33:00.270+0530][gc,mmu        ] GC(43) MMU target violated: 21.0ms (20.0ms/21.0ms)
[2022-03-17T00:33:00.270+0530][gc,phases     ] GC(43)   Pre Evacuate Collection Set: 96.7ms
[2022-03-17T00:33:00.270+0530][gc,phases     ] GC(43)   Evacuate Collection Set: 89.2ms
[2022-03-17T00:33:00.270+0530][gc,phases     ] GC(43)   Post Evacuate Collection Set: 16.6ms
[2022-03-17T00:33:00.270+0530][gc,phases     ] GC(43)   Other: 9.1ms
[2022-03-17T00:33:00.271+0530][gc,heap       ] GC(43) Eden regions: 47->0(49)
[2022-03-17T00:33:00.271+0530][gc,heap       ] GC(43) Survivor regions: 4->2(7)
[2022-03-17T00:33:00.271+0530][gc,heap       ] GC(43) Old regions: 18->18
[2022-03-17T00:33:00.271+0530][gc,heap       ] GC(43) Humongous regions: 129->129
[2022-03-17T00:33:00.271+0530][gc,metaspace  ] GC(43) Metaspace: 43058K->43058K(1089536K)
[2022-03-17T00:33:00.271+0530][gc            ] GC(43) Pause Young (Normal) (G1 Evacuation Pause) 195M->146M(1024M) 212.172ms
[2022-03-17T00:33:00.271+0530][gc,cpu        ] GC(43) User=0.31s Sys=0.02s Real=0.21s
[2022-03-17T00:41:51.681+0530][gc,start      ] GC(44) Pause Young (Normal) (G1 Evacuation Pause)
[2022-03-17T00:41:51.682+0530][gc,task       ] GC(44) Using 8 workers of 8 for evacuation
[2022-03-17T00:41:51.694+0530][gc,phases     ] GC(44)   Pre Evacuate Collection Set: 0.5ms
[2022-03-17T00:41:51.694+0530][gc,phases     ] GC(44)   Evacuate Collection Set: 9.8ms
[2022-03-17T00:41:51.694+0530][gc,phases     ] GC(44)   Post Evacuate Collection Set: 0.6ms
[2022-03-17T00:41:51.694+0530][gc,phases     ] GC(44)   Other: 1.5ms
[2022-03-17T00:41:51.694+0530][gc,heap       ] GC(44) Eden regions: 49->0(49)
[2022-03-17T00:41:51.694+0530][gc,heap       ] GC(44) Survivor regions: 2->2(7)
[2022-03-17T00:41:51.694+0530][gc,heap       ] GC(44) Old regions: 18->18
[2022-03-17T00:41:51.694+0530][gc,heap       ] GC(44) Humongous regions: 129->129
[2022-03-17T00:41:51.694+0530][gc,metaspace  ] GC(44) Metaspace: 43058K->43058K(1089536K)
[2022-03-17T00:41:51.694+0530][gc            ] GC(44) Pause Young (Normal) (G1 Evacuation Pause) 195M->146M(1024M) 12.653ms
[2022-03-17T00:41:51.694+0530][gc,cpu        ] GC(44) User=0.03s Sys=0.00s Real=0.01s
[2022-03-17T00:51:02.667+0530][gc,start      ] GC(45) Pause Young (Normal) (G1 Evacuation Pause)
[2022-03-17T00:51:02.670+0530][gc,task       ] GC(45) Using 8 workers of 8 for evacuation
[2022-03-17T00:51:02.820+0530][gc,mmu        ] GC(45) MMU target violated: 21.0ms (20.0ms/21.0ms)
[2022-03-17T00:51:02.820+0530][gc,phases     ] GC(45)   Pre Evacuate Collection Set: 71.1ms
[2022-03-17T00:51:02.820+0530][gc,phases     ] GC(45)   Evacuate Collection Set: 68.0ms
[2022-03-17T00:51:02.820+0530][gc,phases     ] GC(45)   Post Evacuate Collection Set: 5.7ms
[2022-03-17T00:51:02.820+0530][gc,phases     ] GC(45)   Other: 9.9ms
[2022-03-17T00:51:02.821+0530][gc,heap       ] GC(45) Eden regions: 49->0(49)
[2022-03-17T00:51:02.821+0530][gc,heap       ] GC(45) Survivor regions: 2->2(7)
[2022-03-17T00:51:02.821+0530][gc,heap       ] GC(45) Old regions: 18->18
[2022-03-17T00:51:02.821+0530][gc,heap       ] GC(45) Humongous regions: 129->129
[2022-03-17T00:51:02.821+0530][gc,metaspace  ] GC(45) Metaspace: 43058K->43058K(1089536K)
[2022-03-17T00:51:02.821+0530][gc            ] GC(45) Pause Young (Normal) (G1 Evacuation Pause) 195M->147M(1024M) 153.921ms
[2022-03-17T00:51:02.821+0530][gc,cpu        ] GC(45) User=0.31s Sys=0.01s Real=0.16s
[2022-03-17T01:00:13.091+0530][gc,start      ] GC(46) Pause Young (Normal) (G1 Evacuation Pause)
[2022-03-17T01:00:13.093+0530][gc,task       ] GC(46) Using 8 workers of 8 for evacuation
[2022-03-17T01:00:13.112+0530][gc,phases     ] GC(46)   Pre Evacuate Collection Set: 1.1ms
[2022-03-17T01:00:13.112+0530][gc,phases     ] GC(46)   Evacuate Collection Set: 12.8ms
[2022-03-17T01:00:13.112+0530][gc,phases     ] GC(46)   Post Evacuate Collection Set: 2.1ms
[2022-03-17T01:00:13.112+0530][gc,phases     ] GC(46)   Other: 5.8ms
[2022-03-17T01:00:13.112+0530][gc,heap       ] GC(46) Eden regions: 49->0(48)
[2022-03-17T01:00:13.112+0530][gc,heap       ] GC(46) Survivor regions: 2->3(7)
[2022-03-17T01:00:13.112+0530][gc,heap       ] GC(46) Old regions: 18->18
[2022-03-17T01:00:13.112+0530][gc,heap       ] GC(46) Humongous regions: 129->129
[2022-03-17T01:00:13.112+0530][gc,metaspace  ] GC(46) Metaspace: 43059K->43059K(1089536K)
[2022-03-17T01:00:13.112+0530][gc            ] GC(46) Pause Young (Normal) (G1 Evacuation Pause) 196M->147M(1024M) 21.601ms
[2022-03-17T01:00:13.112+0530][gc,cpu        ] GC(46) User=0.05s Sys=0.01s Real=0.02s
[2022-03-17T01:09:12.598+0530][gc,start      ] GC(47) Pause Young (Normal) (G1 Evacuation Pause)
[2022-03-17T01:09:12.601+0530][gc,task       ] GC(47) Using 8 workers of 8 for evacuation
[2022-03-17T01:09:12.616+0530][gc,phases     ] GC(47)   Pre Evacuate Collection Set: 0.1ms
[2022-03-17T01:09:12.616+0530][gc,phases     ] GC(47)   Evacuate Collection Set: 14.1ms
[2022-03-17T01:09:12.616+0530][gc,phases     ] GC(47)   Post Evacuate Collection Set: 1.0ms
[2022-03-17T01:09:12.616+0530][gc,phases     ] GC(47)   Other: 2.7ms
[2022-03-17T01:09:12.616+0530][gc,heap       ] GC(47) Eden regions: 48->0(48)
[2022-03-17T01:09:12.616+0530][gc,heap       ] GC(47) Survivor regions: 3->3(7)
[2022-03-17T01:09:12.616+0530][gc,heap       ] GC(47) Old regions: 18->18
[2022-03-17T01:09:12.616+0530][gc,heap       ] GC(47) Humongous regions: 129->129
[2022-03-17T01:09:12.617+0530][gc,metaspace  ] GC(47) Metaspace: 43077K->43077K(1089536K)
[2022-03-17T01:09:12.617+0530][gc            ] GC(47) Pause Young (Normal) (G1 Evacuation Pause) 195M->147M(1024M) 18.354ms
[2022-03-17T01:09:12.617+0530][gc,cpu        ] GC(47) User=0.07s Sys=0.00s Real=0.02s
[2022-03-17T01:18:11.138+0530][gc,start      ] GC(48) Pause Young (Normal) (G1 Evacuation Pause)
[2022-03-17T01:18:11.140+0530][gc,task       ] GC(48) Using 8 workers of 8 for evacuation
[2022-03-17T01:18:11.367+0530][gc,mmu        ] GC(48) MMU target violated: 21.0ms (20.0ms/21.0ms)
[2022-03-17T01:18:11.368+0530][gc,phases     ] GC(48)   Pre Evacuate Collection Set: 57.7ms
[2022-03-17T01:18:11.368+0530][gc,phases     ] GC(48)   Evacuate Collection Set: 161.3ms
[2022-03-17T01:18:11.368+0530][gc,phases     ] GC(48)   Post Evacuate Collection Set: 4.1ms
[2022-03-17T01:18:11.368+0530][gc,phases     ] GC(48)   Other: 6.9ms
[2022-03-17T01:18:11.368+0530][gc,heap       ] GC(48) Eden regions: 48->0(48)
[2022-03-17T01:18:11.368+0530][gc,heap       ] GC(48) Survivor regions: 3->3(7)
[2022-03-17T01:18:11.368+0530][gc,heap       ] GC(48) Old regions: 18->18
[2022-03-17T01:18:11.368+0530][gc,heap       ] GC(48) Humongous regions: 129->129
[2022-03-17T01:18:11.368+0530][gc,metaspace  ] GC(48) Metaspace: 43077K->43077K(1089536K)
[2022-03-17T01:18:11.368+0530][gc            ] GC(48) Pause Young (Normal) (G1 Evacuation Pause) 195M->148M(1024M) 229.385ms
[2022-03-17T01:18:11.368+0530][gc,cpu        ] GC(48) User=0.59s Sys=0.03s Real=0.22s
[2022-03-17T01:27:11.797+0530][gc,start      ] GC(49) Pause Young (Normal) (G1 Evacuation Pause)
[2022-03-17T01:27:11.797+0530][gc,task       ] GC(49) Using 8 workers of 8 for evacuation
[2022-03-17T01:27:11.807+0530][gc,phases     ] GC(49)   Pre Evacuate Collection Set: 0.7ms
[2022-03-17T01:27:11.807+0530][gc,phases     ] GC(49)   Evacuate Collection Set: 8.3ms
[2022-03-17T01:27:11.807+0530][gc,phases     ] GC(49)   Post Evacuate Collection Set: 0.6ms
[2022-03-17T01:27:11.807+0530][gc,phases     ] GC(49)   Other: 1.1ms
[2022-03-17T01:27:11.807+0530][gc,heap       ] GC(49) Eden regions: 48->0(48)
[2022-03-17T01:27:11.807+0530][gc,heap       ] GC(49) Survivor regions: 3->3(7)
[2022-03-17T01:27:11.807+0530][gc,heap       ] GC(49) Old regions: 18->18
[2022-03-17T01:27:11.807+0530][gc,heap       ] GC(49) Humongous regions: 129->129
[2022-03-17T01:27:11.807+0530][gc,metaspace  ] GC(49) Metaspace: 43077K->43077K(1089536K)
[2022-03-17T01:27:11.807+0530][gc            ] GC(49) Pause Young (Normal) (G1 Evacuation Pause) 196M->148M(1024M) 10.922ms
[2022-03-17T01:27:11.807+0530][gc,cpu        ] GC(49) User=0.03s Sys=0.01s Real=0.00s
[2022-03-17T09:21:46.931+0530][gc,start      ] GC(50) Pause Young (Normal) (G1 Evacuation Pause)
[2022-03-17T09:21:46.932+0530][gc,task       ] GC(50) Using 8 workers of 8 for evacuation
[2022-03-17T09:21:46.943+0530][gc,phases     ] GC(50)   Pre Evacuate Collection Set: 0.1ms
[2022-03-17T09:21:46.943+0530][gc,phases     ] GC(50)   Evacuate Collection Set: 10.3ms
[2022-03-17T09:21:46.943+0530][gc,phases     ] GC(50)   Post Evacuate Collection Set: 0.4ms
[2022-03-17T09:21:46.944+0530][gc,phases     ] GC(50)   Other: 1.5ms
[2022-03-17T09:21:46.944+0530][gc,heap       ] GC(50) Eden regions: 48->0(49)
[2022-03-17T09:21:46.944+0530][gc,heap       ] GC(50) Survivor regions: 3->2(7)
[2022-03-17T09:21:46.944+0530][gc,heap       ] GC(50) Old regions: 18->18
[2022-03-17T09:21:46.944+0530][gc,heap       ] GC(50) Humongous regions: 129->129
[2022-03-17T09:21:46.944+0530][gc,metaspace  ] GC(50) Metaspace: 43079K->43079K(1089536K)
[2022-03-17T09:21:46.944+0530][gc            ] GC(50) Pause Young (Normal) (G1 Evacuation Pause) 196M->147M(1024M) 12.405ms
[2022-03-17T09:21:46.944+0530][gc,cpu        ] GC(50) User=0.07s Sys=0.01s Real=0.01s
[2022-03-17T09:30:35.042+0530][gc,start      ] GC(51) Pause Young (Normal) (G1 Evacuation Pause)
[2022-03-17T09:30:35.042+0530][gc,task       ] GC(51) Using 8 workers of 8 for evacuation
[2022-03-17T09:30:35.047+0530][gc,phases     ] GC(51)   Pre Evacuate Collection Set: 0.0ms
[2022-03-17T09:30:35.047+0530][gc,phases     ] GC(51)   Evacuate Collection Set: 3.4ms
[2022-03-17T09:30:35.047+0530][gc,phases     ] GC(51)   Post Evacuate Collection Set: 1.0ms
[2022-03-17T09:30:35.047+0530][gc,phases     ] GC(51)   Other: 0.5ms
[2022-03-17T09:30:35.047+0530][gc,heap       ] GC(51) Eden regions: 49->0(49)
[2022-03-17T09:30:35.047+0530][gc,heap       ] GC(51) Survivor regions: 2->2(7)
[2022-03-17T09:30:35.047+0530][gc,heap       ] GC(51) Old regions: 18->18
[2022-03-17T09:30:35.047+0530][gc,heap       ] GC(51) Humongous regions: 129->129
[2022-03-17T09:30:35.047+0530][gc,metaspace  ] GC(51) Metaspace: 43079K->43079K(1089536K)
[2022-03-17T09:30:35.047+0530][gc            ] GC(51) Pause Young (Normal) (G1 Evacuation Pause) 196M->147M(1024M) 5.245ms
[2022-03-17T09:30:35.047+0530][gc,cpu        ] GC(51) User=0.03s Sys=0.00s Real=0.01s
[2022-03-17T09:39:43.518+0530][gc,start      ] GC(52) Pause Young (Normal) (G1 Evacuation Pause)
[2022-03-17T09:39:43.519+0530][gc,task       ] GC(52) Using 8 workers of 8 for evacuation
[2022-03-17T09:39:43.524+0530][gc,phases     ] GC(52)   Pre Evacuate Collection Set: 0.1ms
[2022-03-17T09:39:43.524+0530][gc,phases     ] GC(52)   Evacuate Collection Set: 3.8ms
[2022-03-17T09:39:43.524+0530][gc,phases     ] GC(52)   Post Evacuate Collection Set: 0.9ms
[2022-03-17T09:39:43.524+0530][gc,phases     ] GC(52)   Other: 0.5ms
[2022-03-17T09:39:43.524+0530][gc,heap       ] GC(52) Eden regions: 49->0(49)
[2022-03-17T09:39:43.524+0530][gc,heap       ] GC(52) Survivor regions: 2->2(7)
[2022-03-17T09:39:43.524+0530][gc,heap       ] GC(52) Old regions: 18->18
[2022-03-17T09:39:43.524+0530][gc,heap       ] GC(52) Humongous regions: 129->129
[2022-03-17T09:39:43.524+0530][gc,metaspace  ] GC(52) Metaspace: 43079K->43079K(1089536K)
[2022-03-17T09:39:43.524+0530][gc            ] GC(52) Pause Young (Normal) (G1 Evacuation Pause) 196M->147M(1024M) 5.433ms
[2022-03-17T09:39:43.524+0530][gc,cpu        ] GC(52) User=0.03s Sys=0.00s Real=0.00s
[2022-03-17T09:48:53.777+0530][gc,start      ] GC(53) Pause Young (Normal) (G1 Evacuation Pause)
[2022-03-17T09:48:53.777+0530][gc,task       ] GC(53) Using 8 workers of 8 for evacuation
[2022-03-17T09:48:53.786+0530][gc,phases     ] GC(53)   Pre Evacuate Collection Set: 0.1ms
[2022-03-17T09:48:53.787+0530][gc,phases     ] GC(53)   Evacuate Collection Set: 8.1ms
[2022-03-17T09:48:53.787+0530][gc,phases     ] GC(53)   Post Evacuate Collection Set: 0.9ms
[2022-03-17T09:48:53.787+0530][gc,phases     ] GC(53)   Other: 0.7ms
[2022-03-17T09:48:53.787+0530][gc,heap       ] GC(53) Eden regions: 49->0(48)
[2022-03-17T09:48:53.787+0530][gc,heap       ] GC(53) Survivor regions: 2->3(7)
[2022-03-17T09:48:53.787+0530][gc,heap       ] GC(53) Old regions: 18->18
[2022-03-17T09:48:53.787+0530][gc,heap       ] GC(53) Humongous regions: 129->129
[2022-03-17T09:48:53.787+0530][gc,metaspace  ] GC(53) Metaspace: 43079K->43079K(1089536K)
[2022-03-17T09:48:53.787+0530][gc            ] GC(53) Pause Young (Normal) (G1 Evacuation Pause) 196M->147M(1024M) 10.049ms
[2022-03-17T09:48:53.787+0530][gc,cpu        ] GC(53) User=0.05s Sys=0.00s Real=0.01s
[2022-03-17T09:57:52.434+0530][gc,start      ] GC(54) Pause Young (Normal) (G1 Evacuation Pause)
[2022-03-17T09:57:52.434+0530][gc,task       ] GC(54) Using 8 workers of 8 for evacuation
[2022-03-17T09:57:52.440+0530][gc,phases     ] GC(54)   Pre Evacuate Collection Set: 0.0ms
[2022-03-17T09:57:52.440+0530][gc,phases     ] GC(54)   Evacuate Collection Set: 4.4ms
[2022-03-17T09:57:52.440+0530][gc,phases     ] GC(54)   Post Evacuate Collection Set: 0.7ms
[2022-03-17T09:57:52.440+0530][gc,phases     ] GC(54)   Other: 0.4ms
[2022-03-17T09:57:52.440+0530][gc,heap       ] GC(54) Eden regions: 48->0(323)
[2022-03-17T09:57:52.440+0530][gc,heap       ] GC(54) Survivor regions: 3->3(7)
[2022-03-17T09:57:52.440+0530][gc,heap       ] GC(54) Old regions: 18->18
[2022-03-17T09:57:52.440+0530][gc,heap       ] GC(54) Humongous regions: 129->129
[2022-03-17T09:57:52.440+0530][gc,metaspace  ] GC(54) Metaspace: 43079K->43079K(1089536K)
[2022-03-17T09:57:52.443+0530][gc            ] GC(54) Pause Young (Normal) (G1 Evacuation Pause) 195M->147M(1024M) 8.848ms
[2022-03-17T09:57:52.443+0530][gc,cpu        ] GC(54) User=0.03s Sys=0.00s Real=0.01s
[2022-03-17T10:58:56.532+0530][gc,start      ] GC(55) Pause Young (Normal) (G1 Evacuation Pause)
[2022-03-17T10:58:56.534+0530][gc,task       ] GC(55) Using 8 workers of 8 for evacuation
[2022-03-17T10:58:56.659+0530][gc,mmu        ] GC(55) MMU target violated: 21.0ms (20.0ms/21.0ms)
[2022-03-17T10:58:56.659+0530][gc,phases     ] GC(55)   Pre Evacuate Collection Set: 49.4ms
[2022-03-17T10:58:56.659+0530][gc,phases     ] GC(55)   Evacuate Collection Set: 56.1ms
[2022-03-17T10:58:56.659+0530][gc,phases     ] GC(55)   Post Evacuate Collection Set: 14.3ms
[2022-03-17T10:58:56.659+0530][gc,phases     ] GC(55)   Other: 9.4ms
[2022-03-17T10:58:56.659+0530][gc,heap       ] GC(55) Eden regions: 323->0(49)
[2022-03-17T10:58:56.659+0530][gc,heap       ] GC(55) Survivor regions: 3->2(41)
[2022-03-17T10:58:56.659+0530][gc,heap       ] GC(55) Old regions: 18->18
[2022-03-17T10:58:56.659+0530][gc,heap       ] GC(55) Humongous regions: 129->129
[2022-03-17T10:58:56.659+0530][gc,metaspace  ] GC(55) Metaspace: 43079K->43079K(1089536K)
[2022-03-17T10:58:56.659+0530][gc            ] GC(55) Pause Young (Normal) (G1 Evacuation Pause) 470M->147M(1024M) 128.428ms
[2022-03-17T10:58:56.660+0530][gc,cpu        ] GC(55) User=0.30s Sys=0.03s Real=0.13s
[2022-03-17T11:08:09.325+0530][gc,start      ] GC(56) Pause Young (Normal) (G1 Evacuation Pause)
[2022-03-17T11:08:09.326+0530][gc,task       ] GC(56) Using 8 workers of 8 for evacuation
[2022-03-17T11:08:09.339+0530][gc,phases     ] GC(56)   Pre Evacuate Collection Set: 0.1ms
[2022-03-17T11:08:09.339+0530][gc,phases     ] GC(56)   Evacuate Collection Set: 10.7ms
[2022-03-17T11:08:09.339+0530][gc,phases     ] GC(56)   Post Evacuate Collection Set: 2.1ms
[2022-03-17T11:08:09.339+0530][gc,phases     ] GC(56)   Other: 0.9ms
[2022-03-17T11:08:09.339+0530][gc,heap       ] GC(56) Eden regions: 49->0(48)
[2022-03-17T11:08:09.339+0530][gc,heap       ] GC(56) Survivor regions: 2->3(7)
[2022-03-17T11:08:09.339+0530][gc,heap       ] GC(56) Old regions: 18->18
[2022-03-17T11:08:09.339+0530][gc,heap       ] GC(56) Humongous regions: 129->129
[2022-03-17T11:08:09.339+0530][gc,metaspace  ] GC(56) Metaspace: 43079K->43079K(1089536K)
[2022-03-17T11:08:09.340+0530][gc            ] GC(56) Pause Young (Normal) (G1 Evacuation Pause) 196M->147M(1024M) 14.196ms
[2022-03-17T11:08:09.340+0530][gc,cpu        ] GC(56) User=0.03s Sys=0.01s Real=0.01s
[2022-03-17T11:17:09.079+0530][gc,start      ] GC(57) Pause Young (Normal) (G1 Evacuation Pause)
[2022-03-17T11:17:09.081+0530][gc,task       ] GC(57) Using 8 workers of 8 for evacuation
[2022-03-17T11:17:09.096+0530][gc,phases     ] GC(57)   Pre Evacuate Collection Set: 0.5ms
[2022-03-17T11:17:09.096+0530][gc,phases     ] GC(57)   Evacuate Collection Set: 11.2ms
[2022-03-17T11:17:09.096+0530][gc,phases     ] GC(57)   Post Evacuate Collection Set: 2.1ms
[2022-03-17T11:17:09.096+0530][gc,phases     ] GC(57)   Other: 4.3ms
[2022-03-17T11:17:09.096+0530][gc,heap       ] GC(57) Eden regions: 48->0(48)
[2022-03-17T11:17:09.096+0530][gc,heap       ] GC(57) Survivor regions: 3->3(7)
[2022-03-17T11:17:09.096+0530][gc,heap       ] GC(57) Old regions: 18->18
[2022-03-17T11:17:09.096+0530][gc,heap       ] GC(57) Humongous regions: 129->129
[2022-03-17T11:17:09.096+0530][gc,metaspace  ] GC(57) Metaspace: 43079K->43079K(1089536K)
[2022-03-17T11:17:09.097+0530][gc            ] GC(57) Pause Young (Normal) (G1 Evacuation Pause) 195M->147M(1024M) 17.343ms
[2022-03-17T11:17:09.097+0530][gc,cpu        ] GC(57) User=0.03s Sys=0.03s Real=0.02s
[2022-03-17T11:25:45.818+0530][gc,start      ] GC(58) Pause Young (Normal) (G1 Evacuation Pause)
[2022-03-17T11:25:45.822+0530][gc,task       ] GC(58) Using 8 workers of 8 for evacuation
[2022-03-17T11:25:45.826+0530][gc,phases     ] GC(58)   Pre Evacuate Collection Set: 0.0ms
[2022-03-17T11:25:45.826+0530][gc,phases     ] GC(58)   Evacuate Collection Set: 3.4ms
[2022-03-17T11:25:45.826+0530][gc,phases     ] GC(58)   Post Evacuate Collection Set: 0.5ms
[2022-03-17T11:25:45.826+0530][gc,phases     ] GC(58)   Other: 4.3ms
[2022-03-17T11:25:45.826+0530][gc,heap       ] GC(58) Eden regions: 48->0(48)
[2022-03-17T11:25:45.826+0530][gc,heap       ] GC(58) Survivor regions: 3->3(7)
[2022-03-17T11:25:45.826+0530][gc,heap       ] GC(58) Old regions: 18->18
[2022-03-17T11:25:45.827+0530][gc,heap       ] GC(58) Humongous regions: 129->129
[2022-03-17T11:25:45.827+0530][gc,metaspace  ] GC(58) Metaspace: 43079K->43079K(1089536K)
[2022-03-17T11:25:45.827+0530][gc            ] GC(58) Pause Young (Normal) (G1 Evacuation Pause) 195M->147M(1024M) 8.523ms
[2022-03-17T11:25:45.827+0530][gc,cpu        ] GC(58) User=0.03s Sys=0.00s Real=0.01s
[2022-03-17T11:34:44.525+0530][gc,start      ] GC(59) Pause Young (Normal) (G1 Evacuation Pause)
[2022-03-17T11:34:44.525+0530][gc,task       ] GC(59) Using 8 workers of 8 for evacuation
[2022-03-17T11:34:44.534+0530][gc,phases     ] GC(59)   Pre Evacuate Collection Set: 0.1ms
[2022-03-17T11:34:44.534+0530][gc,phases     ] GC(59)   Evacuate Collection Set: 8.1ms
[2022-03-17T11:34:44.534+0530][gc,phases     ] GC(59)   Post Evacuate Collection Set: 0.4ms
[2022-03-17T11:34:44.534+0530][gc,phases     ] GC(59)   Other: 0.4ms
[2022-03-17T11:34:44.534+0530][gc,heap       ] GC(59) Eden regions: 48->0(48)
[2022-03-17T11:34:44.534+0530][gc,heap       ] GC(59) Survivor regions: 3->3(7)
[2022-03-17T11:34:44.534+0530][gc,heap       ] GC(59) Old regions: 18->18
[2022-03-17T11:34:44.534+0530][gc,heap       ] GC(59) Humongous regions: 129->129
[2022-03-17T11:34:44.534+0530][gc,metaspace  ] GC(59) Metaspace: 43079K->43079K(1089536K)
[2022-03-17T11:34:44.534+0530][gc            ] GC(59) Pause Young (Normal) (G1 Evacuation Pause) 195M->148M(1024M) 9.101ms
[2022-03-17T11:34:44.534+0530][gc,cpu        ] GC(59) User=0.04s Sys=0.01s Real=0.00s
[2022-03-17T11:43:42.968+0530][gc,start      ] GC(60) Pause Young (Normal) (G1 Evacuation Pause)
[2022-03-17T11:43:42.968+0530][gc,task       ] GC(60) Using 8 workers of 8 for evacuation
[2022-03-17T11:43:42.973+0530][gc,phases     ] GC(60)   Pre Evacuate Collection Set: 0.1ms
[2022-03-17T11:43:42.973+0530][gc,phases     ] GC(60)   Evacuate Collection Set: 3.0ms
[2022-03-17T11:43:42.973+0530][gc,phases     ] GC(60)   Post Evacuate Collection Set: 0.8ms
[2022-03-17T11:43:42.973+0530][gc,phases     ] GC(60)   Other: 0.5ms
[2022-03-17T11:43:42.973+0530][gc,heap       ] GC(60) Eden regions: 48->0(612)
[2022-03-17T11:43:42.973+0530][gc,heap       ] GC(60) Survivor regions: 3->2(7)
[2022-03-17T11:43:42.973+0530][gc,heap       ] GC(60) Old regions: 18->18
[2022-03-17T11:43:42.973+0530][gc,heap       ] GC(60) Humongous regions: 129->129
[2022-03-17T11:43:42.973+0530][gc,metaspace  ] GC(60) Metaspace: 43079K->43079K(1089536K)
[2022-03-17T11:43:42.973+0530][gc            ] GC(60) Pause Young (Normal) (G1 Evacuation Pause) 196M->146M(1024M) 4.708ms
[2022-03-17T11:43:42.973+0530][gc,cpu        ] GC(60) User=0.01s Sys=0.01s Real=0.00s
