[2022-03-16T15:02:33.670+0530][gc,heap] Heap region size: 1M
[2022-03-16T15:02:33.678+0530][gc     ] Using G1
[2022-03-16T15:02:33.678+0530][gc,heap,coops] Heap address: 0x00000000c0000000, size: 1024 MB, Compressed Oops mode: 32-bit
[2022-03-16T15:02:33.678+0530][gc,cds       ] Mark closed archive regions in map: [0x00000000fff00000, 0x00000000fff6aff8]
[2022-03-16T15:02:33.678+0530][gc,cds       ] Mark open archive regions in map: [0x00000000ffe00000, 0x00000000ffe46ff8]
[2022-03-16T15:02:34.414+0530][gc,start     ] GC(0) Pause Young (Normal) (G1 Evacuation Pause)
[2022-03-16T15:02:34.415+0530][gc,task      ] GC(0) Using 8 workers of 8 for evacuation
[2022-03-16T15:02:34.424+0530][gc,phases    ] GC(0)   Pre Evacuate Collection Set: 0.0ms
[2022-03-16T15:02:34.424+0530][gc,phases    ] GC(0)   Evacuate Collection Set: 8.3ms
[2022-03-16T15:02:34.424+0530][gc,phases    ] GC(0)   Post Evacuate Collection Set: 0.4ms
[2022-03-16T15:02:34.424+0530][gc,phases    ] GC(0)   Other: 0.7ms
[2022-03-16T15:02:34.424+0530][gc,heap      ] GC(0) Eden regions: 51->0(44)
[2022-03-16T15:02:34.424+0530][gc,heap      ] GC(0) Survivor regions: 0->7(7)
[2022-03-16T15:02:34.424+0530][gc,heap      ] GC(0) Old regions: 2->2
[2022-03-16T15:02:34.424+0530][gc,heap      ] GC(0) Humongous regions: 0->0
[2022-03-16T15:02:34.424+0530][gc,metaspace ] GC(0) Metaspace: 14848K->14848K(1062912K)
[2022-03-16T15:02:34.424+0530][gc           ] GC(0) Pause Young (Normal) (G1 Evacuation Pause) 51M->7M(1024M) 9.410ms
[2022-03-16T15:02:34.424+0530][gc,cpu       ] GC(0) User=0.07s Sys=0.00s Real=0.00s
[2022-03-16T15:02:35.009+0530][gc,start     ] GC(1) Pause Young (Concurrent Start) (Metadata GC Threshold)
[2022-03-16T15:02:35.009+0530][gc,task      ] GC(1) Using 8 workers of 8 for evacuation
[2022-03-16T15:02:35.018+0530][gc,phases    ] GC(1)   Pre Evacuate Collection Set: 0.0ms
[2022-03-16T15:02:35.018+0530][gc,phases    ] GC(1)   Evacuate Collection Set: 8.0ms
[2022-03-16T15:02:35.018+0530][gc,phases    ] GC(1)   Post Evacuate Collection Set: 0.4ms
[2022-03-16T15:02:35.018+0530][gc,phases    ] GC(1)   Other: 0.2ms
[2022-03-16T15:02:35.018+0530][gc,heap      ] GC(1) Eden regions: 24->0(49)
[2022-03-16T15:02:35.018+0530][gc,heap      ] GC(1) Survivor regions: 7->2(7)
[2022-03-16T15:02:35.018+0530][gc,heap      ] GC(1) Old regions: 2->9
[2022-03-16T15:02:35.018+0530][gc,heap      ] GC(1) Humongous regions: 0->0
[2022-03-16T15:02:35.018+0530][gc,metaspace ] GC(1) Metaspace: 20569K->20569K(1067008K)
[2022-03-16T15:02:35.018+0530][gc           ] GC(1) Pause Young (Concurrent Start) (Metadata GC Threshold) 30M->8M(1024M) 8.743ms
[2022-03-16T15:02:35.018+0530][gc,cpu       ] GC(1) User=0.04s Sys=0.00s Real=0.01s
[2022-03-16T15:02:35.018+0530][gc           ] GC(2) Concurrent Cycle
[2022-03-16T15:02:35.018+0530][gc,marking   ] GC(2) Concurrent Clear Claimed Marks
[2022-03-16T15:02:35.018+0530][gc,marking   ] GC(2) Concurrent Clear Claimed Marks 0.053ms
[2022-03-16T15:02:35.018+0530][gc,marking   ] GC(2) Concurrent Scan Root Regions
[2022-03-16T15:02:35.019+0530][gc,marking   ] GC(2) Concurrent Scan Root Regions 1.639ms
[2022-03-16T15:02:35.019+0530][gc,marking   ] GC(2) Concurrent Mark (1.352s)
[2022-03-16T15:02:35.019+0530][gc,marking   ] GC(2) Concurrent Mark From Roots
[2022-03-16T15:02:35.019+0530][gc,task      ] GC(2) Using 2 workers of 2 for marking
[2022-03-16T15:02:35.025+0530][gc,marking   ] GC(2) Concurrent Mark From Roots 6.031ms
[2022-03-16T15:02:35.025+0530][gc,marking   ] GC(2) Concurrent Preclean
[2022-03-16T15:02:35.026+0530][gc,marking   ] GC(2) Concurrent Preclean 0.104ms
[2022-03-16T15:02:35.026+0530][gc,marking   ] GC(2) Concurrent Mark (1.352s, 1.359s) 6.199ms
[2022-03-16T15:02:35.026+0530][gc,start     ] GC(2) Pause Remark
[2022-03-16T15:02:35.027+0530][gc,stringtable] GC(2) Cleaned string and symbol table, strings: 5113 processed, 0 removed, symbols: 50337 processed, 41 removed
[2022-03-16T15:02:35.027+0530][gc            ] GC(2) Pause Remark 8M->8M(1024M) 1.636ms
[2022-03-16T15:02:35.027+0530][gc,cpu        ] GC(2) User=0.01s Sys=0.00s Real=0.00s
[2022-03-16T15:02:35.028+0530][gc,marking    ] GC(2) Concurrent Rebuild Remembered Sets
[2022-03-16T15:02:35.030+0530][gc,marking    ] GC(2) Concurrent Rebuild Remembered Sets 2.652ms
[2022-03-16T15:02:35.031+0530][gc,start      ] GC(2) Pause Cleanup
[2022-03-16T15:02:35.031+0530][gc            ] GC(2) Pause Cleanup 9M->9M(1024M) 0.187ms
[2022-03-16T15:02:35.031+0530][gc,cpu        ] GC(2) User=0.00s Sys=0.00s Real=0.00s
[2022-03-16T15:02:35.031+0530][gc,marking    ] GC(2) Concurrent Cleanup for Next Mark
[2022-03-16T15:02:35.034+0530][gc,marking    ] GC(2) Concurrent Cleanup for Next Mark 2.931ms
[2022-03-16T15:02:35.034+0530][gc            ] GC(2) Concurrent Cycle 16.124ms
[2022-03-16T15:02:35.501+0530][gc,start      ] GC(3) Pause Young (Normal) (G1 Evacuation Pause)
[2022-03-16T15:02:35.501+0530][gc,task       ] GC(3) Using 8 workers of 8 for evacuation
[2022-03-16T15:02:35.506+0530][gc,phases     ] GC(3)   Pre Evacuate Collection Set: 0.0ms
[2022-03-16T15:02:35.506+0530][gc,phases     ] GC(3)   Evacuate Collection Set: 3.7ms
[2022-03-16T15:02:35.506+0530][gc,phases     ] GC(3)   Post Evacuate Collection Set: 0.4ms
[2022-03-16T15:02:35.506+0530][gc,phases     ] GC(3)   Other: 0.1ms
[2022-03-16T15:02:35.506+0530][gc,heap       ] GC(3) Eden regions: 49->0(46)
[2022-03-16T15:02:35.506+0530][gc,heap       ] GC(3) Survivor regions: 2->5(7)
[2022-03-16T15:02:35.506+0530][gc,heap       ] GC(3) Old regions: 9->9
[2022-03-16T15:02:35.506+0530][gc,heap       ] GC(3) Humongous regions: 129->129
[2022-03-16T15:02:35.506+0530][gc,metaspace  ] GC(3) Metaspace: 29073K->29073K(1075200K)
[2022-03-16T15:02:35.506+0530][gc            ] GC(3) Pause Young (Normal) (G1 Evacuation Pause) 186M->140M(1024M) 4.235ms
[2022-03-16T15:02:35.506+0530][gc,cpu        ] GC(3) User=0.03s Sys=0.00s Real=0.01s
[2022-03-16T15:02:35.785+0530][gc,start      ] GC(4) Pause Young (Concurrent Start) (Metadata GC Threshold)
[2022-03-16T15:02:35.785+0530][gc,task       ] GC(4) Using 8 workers of 8 for evacuation
[2022-03-16T15:02:35.792+0530][gc,phases     ] GC(4)   Pre Evacuate Collection Set: 0.1ms
[2022-03-16T15:02:35.792+0530][gc,phases     ] GC(4)   Evacuate Collection Set: 5.8ms
[2022-03-16T15:02:35.792+0530][gc,phases     ] GC(4)   Post Evacuate Collection Set: 0.4ms
[2022-03-16T15:02:35.792+0530][gc,phases     ] GC(4)   Other: 0.2ms
[2022-03-16T15:02:35.792+0530][gc,heap       ] GC(4) Eden regions: 29->0(45)
[2022-03-16T15:02:35.792+0530][gc,heap       ] GC(4) Survivor regions: 5->6(7)
[2022-03-16T15:02:35.792+0530][gc,heap       ] GC(4) Old regions: 9->9
[2022-03-16T15:02:35.792+0530][gc,heap       ] GC(4) Humongous regions: 129->129
[2022-03-16T15:02:35.792+0530][gc,metaspace  ] GC(4) Metaspace: 34657K->34657K(1081344K)
[2022-03-16T15:02:35.792+0530][gc            ] GC(4) Pause Young (Concurrent Start) (Metadata GC Threshold) 169M->142M(1024M) 6.540ms
[2022-03-16T15:02:35.792+0530][gc,cpu        ] GC(4) User=0.03s Sys=0.00s Real=0.00s
[2022-03-16T15:02:35.792+0530][gc            ] GC(5) Concurrent Cycle
[2022-03-16T15:02:35.792+0530][gc,marking    ] GC(5) Concurrent Clear Claimed Marks
[2022-03-16T15:02:35.792+0530][gc,marking    ] GC(5) Concurrent Clear Claimed Marks 0.147ms
[2022-03-16T15:02:35.792+0530][gc,marking    ] GC(5) Concurrent Scan Root Regions
[2022-03-16T15:02:35.794+0530][gc,marking    ] GC(5) Concurrent Scan Root Regions 2.320ms
[2022-03-16T15:02:35.794+0530][gc,marking    ] GC(5) Concurrent Mark (2.127s)
[2022-03-16T15:02:35.794+0530][gc,marking    ] GC(5) Concurrent Mark From Roots
[2022-03-16T15:02:35.794+0530][gc,task       ] GC(5) Using 2 workers of 2 for marking
[2022-03-16T15:02:35.801+0530][gc,marking    ] GC(5) Concurrent Mark From Roots 6.899ms
[2022-03-16T15:02:35.801+0530][gc,marking    ] GC(5) Concurrent Preclean
[2022-03-16T15:02:35.801+0530][gc,marking    ] GC(5) Concurrent Preclean 0.113ms
[2022-03-16T15:02:35.801+0530][gc,marking    ] GC(5) Concurrent Mark (2.127s, 2.134s) 7.087ms
[2022-03-16T15:02:35.801+0530][gc,start      ] GC(5) Pause Remark
[2022-03-16T15:02:35.805+0530][gc,stringtable] GC(5) Cleaned string and symbol table, strings: 10877 processed, 10 removed, symbols: 84026 processed, 17 removed
[2022-03-16T15:02:35.805+0530][gc            ] GC(5) Pause Remark 142M->142M(1024M) 3.424ms
[2022-03-16T15:02:35.805+0530][gc,cpu        ] GC(5) User=0.02s Sys=0.00s Real=0.01s
[2022-03-16T15:02:35.805+0530][gc,marking    ] GC(5) Concurrent Rebuild Remembered Sets
[2022-03-16T15:02:35.808+0530][gc,marking    ] GC(5) Concurrent Rebuild Remembered Sets 3.389ms
[2022-03-16T15:02:35.809+0530][gc,start      ] GC(5) Pause Cleanup
[2022-03-16T15:02:35.809+0530][gc            ] GC(5) Pause Cleanup 142M->142M(1024M) 0.288ms
[2022-03-16T15:02:35.809+0530][gc,cpu        ] GC(5) User=0.00s Sys=0.00s Real=0.00s
[2022-03-16T15:02:35.809+0530][gc,marking    ] GC(5) Concurrent Cleanup for Next Mark
[2022-03-16T15:02:35.812+0530][gc,marking    ] GC(5) Concurrent Cleanup for Next Mark 3.617ms
[2022-03-16T15:02:35.813+0530][gc            ] GC(5) Concurrent Cycle 20.897ms
[2022-03-16T15:02:48.083+0530][gc,heap,exit  ] Heap
[2022-03-16T15:02:48.083+0530][gc,heap,exit  ]  garbage-first heap   total 1048576K, used 156769K [0x00000000c0000000, 0x0000000100000000)
[2022-03-16T15:02:48.083+0530][gc,heap,exit  ]   region size 1024K, 19 young (19456K), 6 survivors (6144K)
[2022-03-16T15:02:48.083+0530][gc,heap,exit  ]  Metaspace       used 35972K, capacity 37390K, committed 37456K, reserved 1081344K
[2022-03-16T15:02:48.083+0530][gc,heap,exit  ]   class space    used 4292K, capacity 4974K, committed 4988K, reserved 1048576K
