[2022-03-16T15:33:16.182+0530][gc,heap] Heap region size: 1M
[2022-03-16T15:33:16.190+0530][gc     ] Using G1
[2022-03-16T15:33:16.190+0530][gc,heap,coops] Heap address: 0x00000000c0000000, size: 1024 MB, Compressed Oops mode: 32-bit
[2022-03-16T15:33:16.190+0530][gc,cds       ] Mark closed archive regions in map: [0x00000000fff00000, 0x00000000fff6aff8]
[2022-03-16T15:33:16.190+0530][gc,cds       ] Mark open archive regions in map: [0x00000000ffe00000, 0x00000000ffe46ff8]
[2022-03-16T15:33:16.939+0530][gc,start     ] GC(0) Pause Young (Normal) (G1 Evacuation Pause)
[2022-03-16T15:33:16.939+0530][gc,task      ] GC(0) Using 8 workers of 8 for evacuation
[2022-03-16T15:33:16.948+0530][gc,phases    ] GC(0)   Pre Evacuate Collection Set: 0.0ms
[2022-03-16T15:33:16.948+0530][gc,phases    ] GC(0)   Evacuate Collection Set: 8.4ms
[2022-03-16T15:33:16.948+0530][gc,phases    ] GC(0)   Post Evacuate Collection Set: 0.4ms
[2022-03-16T15:33:16.948+0530][gc,phases    ] GC(0)   Other: 0.6ms
[2022-03-16T15:33:16.948+0530][gc,heap      ] GC(0) Eden regions: 51->0(44)
[2022-03-16T15:33:16.948+0530][gc,heap      ] GC(0) Survivor regions: 0->7(7)
[2022-03-16T15:33:16.948+0530][gc,heap      ] GC(0) Old regions: 2->2
[2022-03-16T15:33:16.948+0530][gc,heap      ] GC(0) Humongous regions: 0->0
[2022-03-16T15:33:16.948+0530][gc,metaspace ] GC(0) Metaspace: 14830K->14830K(1062912K)
[2022-03-16T15:33:16.948+0530][gc           ] GC(0) Pause Young (Normal) (G1 Evacuation Pause) 51M->7M(1024M) 9.513ms
[2022-03-16T15:33:16.948+0530][gc,cpu       ] GC(0) User=0.07s Sys=0.00s Real=0.01s
[2022-03-16T15:33:17.424+0530][gc,start     ] GC(1) Pause Young (Concurrent Start) (Metadata GC Threshold)
[2022-03-16T15:33:17.424+0530][gc,task      ] GC(1) Using 8 workers of 8 for evacuation
[2022-03-16T15:33:17.433+0530][gc,phases    ] GC(1)   Pre Evacuate Collection Set: 0.0ms
[2022-03-16T15:33:17.433+0530][gc,phases    ] GC(1)   Evacuate Collection Set: 8.5ms
[2022-03-16T15:33:17.433+0530][gc,phases    ] GC(1)   Post Evacuate Collection Set: 0.4ms
[2022-03-16T15:33:17.433+0530][gc,phases    ] GC(1)   Other: 0.2ms
[2022-03-16T15:33:17.433+0530][gc,heap      ] GC(1) Eden regions: 24->0(49)
[2022-03-16T15:33:17.433+0530][gc,heap      ] GC(1) Survivor regions: 7->2(7)
[2022-03-16T15:33:17.433+0530][gc,heap      ] GC(1) Old regions: 2->9
[2022-03-16T15:33:17.433+0530][gc,heap      ] GC(1) Humongous regions: 0->0
[2022-03-16T15:33:17.433+0530][gc,metaspace ] GC(1) Metaspace: 20547K->20547K(1067008K)
[2022-03-16T15:33:17.433+0530][gc           ] GC(1) Pause Young (Concurrent Start) (Metadata GC Threshold) 30M->8M(1024M) 9.118ms
[2022-03-16T15:33:17.433+0530][gc,cpu       ] GC(1) User=0.03s Sys=0.00s Real=0.02s
[2022-03-16T15:33:17.433+0530][gc           ] GC(2) Concurrent Cycle
[2022-03-16T15:33:17.433+0530][gc,marking   ] GC(2) Concurrent Clear Claimed Marks
[2022-03-16T15:33:17.433+0530][gc,marking   ] GC(2) Concurrent Clear Claimed Marks 0.054ms
[2022-03-16T15:33:17.433+0530][gc,marking   ] GC(2) Concurrent Scan Root Regions
[2022-03-16T15:33:17.434+0530][gc,marking   ] GC(2) Concurrent Scan Root Regions 1.124ms
[2022-03-16T15:33:17.434+0530][gc,marking   ] GC(2) Concurrent Mark (1.255s)
[2022-03-16T15:33:17.434+0530][gc,marking   ] GC(2) Concurrent Mark From Roots
[2022-03-16T15:33:17.434+0530][gc,task      ] GC(2) Using 2 workers of 2 for marking
[2022-03-16T15:33:17.441+0530][gc,marking   ] GC(2) Concurrent Mark From Roots 6.173ms
[2022-03-16T15:33:17.441+0530][gc,marking   ] GC(2) Concurrent Preclean
[2022-03-16T15:33:17.441+0530][gc,marking   ] GC(2) Concurrent Preclean 0.087ms
[2022-03-16T15:33:17.441+0530][gc,marking   ] GC(2) Concurrent Mark (1.255s, 1.261s) 6.305ms
[2022-03-16T15:33:17.441+0530][gc,start     ] GC(2) Pause Remark
[2022-03-16T15:33:17.443+0530][gc,stringtable] GC(2) Cleaned string and symbol table, strings: 5113 processed, 0 removed, symbols: 50339 processed, 41 removed
[2022-03-16T15:33:17.443+0530][gc            ] GC(2) Pause Remark 8M->8M(1024M) 2.540ms
[2022-03-16T15:33:17.443+0530][gc,cpu        ] GC(2) User=0.02s Sys=0.00s Real=0.00s
[2022-03-16T15:33:17.443+0530][gc,marking    ] GC(2) Concurrent Rebuild Remembered Sets
[2022-03-16T15:33:17.447+0530][gc,marking    ] GC(2) Concurrent Rebuild Remembered Sets 3.259ms
[2022-03-16T15:33:17.447+0530][gc,start      ] GC(2) Pause Cleanup
[2022-03-16T15:33:17.447+0530][gc            ] GC(2) Pause Cleanup 9M->9M(1024M) 0.252ms
[2022-03-16T15:33:17.447+0530][gc,cpu        ] GC(2) User=0.00s Sys=0.00s Real=0.00s
[2022-03-16T15:33:17.447+0530][gc,marking    ] GC(2) Concurrent Cleanup for Next Mark
[2022-03-16T15:33:17.451+0530][gc,marking    ] GC(2) Concurrent Cleanup for Next Mark 3.238ms
[2022-03-16T15:33:17.451+0530][gc            ] GC(2) Concurrent Cycle 17.440ms
[2022-03-16T15:33:18.144+0530][gc,start      ] GC(3) Pause Young (Normal) (G1 Evacuation Pause)
[2022-03-16T15:33:18.144+0530][gc,task       ] GC(3) Using 8 workers of 8 for evacuation
[2022-03-16T15:33:18.147+0530][gc,phases     ] GC(3)   Pre Evacuate Collection Set: 0.0ms
[2022-03-16T15:33:18.147+0530][gc,phases     ] GC(3)   Evacuate Collection Set: 2.8ms
[2022-03-16T15:33:18.147+0530][gc,phases     ] GC(3)   Post Evacuate Collection Set: 0.4ms
[2022-03-16T15:33:18.147+0530][gc,phases     ] GC(3)   Other: 0.1ms
[2022-03-16T15:33:18.147+0530][gc,heap       ] GC(3) Eden regions: 49->0(47)
[2022-03-16T15:33:18.147+0530][gc,heap       ] GC(3) Survivor regions: 2->4(7)
[2022-03-16T15:33:18.147+0530][gc,heap       ] GC(3) Old regions: 9->9
[2022-03-16T15:33:18.147+0530][gc,heap       ] GC(3) Humongous regions: 129->129
[2022-03-16T15:33:18.147+0530][gc,metaspace  ] GC(3) Metaspace: 29514K->29514K(1075200K)
[2022-03-16T15:33:18.147+0530][gc            ] GC(3) Pause Young (Normal) (G1 Evacuation Pause) 186M->139M(1024M) 3.437ms
[2022-03-16T15:33:18.147+0530][gc,cpu        ] GC(3) User=0.03s Sys=0.00s Real=0.01s
[2022-03-16T15:33:18.472+0530][gc,start      ] GC(4) Pause Young (Concurrent Start) (Metadata GC Threshold)
[2022-03-16T15:33:18.472+0530][gc,task       ] GC(4) Using 8 workers of 8 for evacuation
[2022-03-16T15:33:18.479+0530][gc,phases     ] GC(4)   Pre Evacuate Collection Set: 0.1ms
[2022-03-16T15:33:18.479+0530][gc,phases     ] GC(4)   Evacuate Collection Set: 6.2ms
[2022-03-16T15:33:18.479+0530][gc,phases     ] GC(4)   Post Evacuate Collection Set: 0.4ms
[2022-03-16T15:33:18.479+0530][gc,phases     ] GC(4)   Other: 0.3ms
[2022-03-16T15:33:18.479+0530][gc,heap       ] GC(4) Eden regions: 29->0(44)
[2022-03-16T15:33:18.479+0530][gc,heap       ] GC(4) Survivor regions: 4->7(7)
[2022-03-16T15:33:18.479+0530][gc,heap       ] GC(4) Old regions: 9->9
[2022-03-16T15:33:18.479+0530][gc,heap       ] GC(4) Humongous regions: 129->129
[2022-03-16T15:33:18.479+0530][gc,metaspace  ] GC(4) Metaspace: 34546K->34546K(1081344K)
[2022-03-16T15:33:18.479+0530][gc            ] GC(4) Pause Young (Concurrent Start) (Metadata GC Threshold) 167M->142M(1024M) 7.012ms
[2022-03-16T15:33:18.479+0530][gc,cpu        ] GC(4) User=0.04s Sys=0.00s Real=0.01s
[2022-03-16T15:33:18.479+0530][gc            ] GC(5) Concurrent Cycle
[2022-03-16T15:33:18.479+0530][gc,marking    ] GC(5) Concurrent Clear Claimed Marks
[2022-03-16T15:33:18.479+0530][gc,marking    ] GC(5) Concurrent Clear Claimed Marks 0.049ms
[2022-03-16T15:33:18.479+0530][gc,marking    ] GC(5) Concurrent Scan Root Regions
[2022-03-16T15:33:18.483+0530][gc,marking    ] GC(5) Concurrent Scan Root Regions 3.137ms
[2022-03-16T15:33:18.483+0530][gc,marking    ] GC(5) Concurrent Mark (2.303s)
[2022-03-16T15:33:18.483+0530][gc,marking    ] GC(5) Concurrent Mark From Roots
[2022-03-16T15:33:18.483+0530][gc,task       ] GC(5) Using 2 workers of 2 for marking
[2022-03-16T15:33:18.489+0530][gc,marking    ] GC(5) Concurrent Mark From Roots 6.766ms
[2022-03-16T15:33:18.489+0530][gc,marking    ] GC(5) Concurrent Preclean
[2022-03-16T15:33:18.489+0530][gc,marking    ] GC(5) Concurrent Preclean 0.067ms
[2022-03-16T15:33:18.489+0530][gc,marking    ] GC(5) Concurrent Mark (2.303s, 2.310s) 6.875ms
[2022-03-16T15:33:18.490+0530][gc,start      ] GC(5) Pause Remark
[2022-03-16T15:33:18.492+0530][gc,stringtable] GC(5) Cleaned string and symbol table, strings: 10895 processed, 11 removed, symbols: 84684 processed, 16 removed
[2022-03-16T15:33:18.492+0530][gc            ] GC(5) Pause Remark 143M->143M(1024M) 2.671ms
[2022-03-16T15:33:18.492+0530][gc,cpu        ] GC(5) User=0.00s Sys=0.01s Real=0.01s
[2022-03-16T15:33:18.493+0530][gc,marking    ] GC(5) Concurrent Rebuild Remembered Sets
[2022-03-16T15:33:18.496+0530][gc,marking    ] GC(5) Concurrent Rebuild Remembered Sets 3.186ms
[2022-03-16T15:33:18.496+0530][gc,start      ] GC(5) Pause Cleanup
[2022-03-16T15:33:18.496+0530][gc            ] GC(5) Pause Cleanup 143M->143M(1024M) 0.182ms
[2022-03-16T15:33:18.496+0530][gc,cpu        ] GC(5) User=0.00s Sys=0.00s Real=0.00s
[2022-03-16T15:33:18.496+0530][gc,marking    ] GC(5) Concurrent Cleanup for Next Mark
[2022-03-16T15:33:18.499+0530][gc,marking    ] GC(5) Concurrent Cleanup for Next Mark 3.056ms
[2022-03-16T15:33:18.499+0530][gc            ] GC(5) Concurrent Cycle 19.864ms
[2022-03-16T15:39:08.132+0530][gc,start      ] GC(6) Pause Young (Normal) (G1 Evacuation Pause)
[2022-03-16T15:39:08.138+0530][gc,task       ] GC(6) Using 8 workers of 8 for evacuation
[2022-03-16T15:39:08.161+0530][gc,mmu        ] GC(6) MMU target violated: 21.0ms (20.0ms/21.0ms)
[2022-03-16T15:39:08.161+0530][gc,phases     ] GC(6)   Pre Evacuate Collection Set: 0.1ms
[2022-03-16T15:39:08.161+0530][gc,phases     ] GC(6)   Evacuate Collection Set: 21.1ms
[2022-03-16T15:39:08.161+0530][gc,phases     ] GC(6)   Post Evacuate Collection Set: 1.4ms
[2022-03-16T15:39:08.162+0530][gc,phases     ] GC(6)   Other: 7.5ms
[2022-03-16T15:39:08.162+0530][gc,heap       ] GC(6) Eden regions: 44->0(46)
[2022-03-16T15:39:08.162+0530][gc,heap       ] GC(6) Survivor regions: 7->5(7)
[2022-03-16T15:39:08.162+0530][gc,heap       ] GC(6) Old regions: 9->12
[2022-03-16T15:39:08.162+0530][gc,heap       ] GC(6) Humongous regions: 129->129
[2022-03-16T15:39:08.162+0530][gc,metaspace  ] GC(6) Metaspace: 39696K->39696K(1085440K)
[2022-03-16T15:39:08.162+0530][gc            ] GC(6) Pause Young (Normal) (G1 Evacuation Pause) 186M->143M(1024M) 30.243ms
[2022-03-16T15:39:08.162+0530][gc,cpu        ] GC(6) User=0.13s Sys=0.01s Real=0.03s
[2022-03-16T15:55:33.138+0530][gc,start      ] GC(7) Pause Young (Normal) (G1 Evacuation Pause)
[2022-03-16T15:55:33.138+0530][gc,task       ] GC(7) Using 8 workers of 8 for evacuation
[2022-03-16T15:55:33.143+0530][gc,phases     ] GC(7)   Pre Evacuate Collection Set: 0.0ms
[2022-03-16T15:55:33.143+0530][gc,phases     ] GC(7)   Evacuate Collection Set: 4.2ms
[2022-03-16T15:55:33.143+0530][gc,phases     ] GC(7)   Post Evacuate Collection Set: 0.6ms
[2022-03-16T15:55:33.143+0530][gc,phases     ] GC(7)   Other: 1.1ms
[2022-03-16T15:55:33.143+0530][gc,heap       ] GC(7) Eden regions: 46->0(49)
[2022-03-16T15:55:33.143+0530][gc,heap       ] GC(7) Survivor regions: 5->2(7)
[2022-03-16T15:55:33.143+0530][gc,heap       ] GC(7) Old regions: 12->15
[2022-03-16T15:55:33.143+0530][gc,heap       ] GC(7) Humongous regions: 129->129
[2022-03-16T15:55:33.143+0530][gc,metaspace  ] GC(7) Metaspace: 39937K->39937K(1085440K)
[2022-03-16T15:55:33.144+0530][gc            ] GC(7) Pause Young (Normal) (G1 Evacuation Pause) 189M->143M(1024M) 5.783ms
[2022-03-16T15:55:33.144+0530][gc,cpu        ] GC(7) User=0.03s Sys=0.00s Real=0.00s
[2022-03-16T16:14:47.341+0530][gc,start      ] GC(8) Pause Young (Normal) (G1 Evacuation Pause)
[2022-03-16T16:14:47.348+0530][gc,task       ] GC(8) Using 8 workers of 8 for evacuation
[2022-03-16T16:14:47.354+0530][gc,phases     ] GC(8)   Pre Evacuate Collection Set: 0.0ms
[2022-03-16T16:14:47.354+0530][gc,phases     ] GC(8)   Evacuate Collection Set: 4.5ms
[2022-03-16T16:14:47.354+0530][gc,phases     ] GC(8)   Post Evacuate Collection Set: 0.8ms
[2022-03-16T16:14:47.354+0530][gc,phases     ] GC(8)   Other: 8.0ms
[2022-03-16T16:14:47.354+0530][gc,heap       ] GC(8) Eden regions: 49->0(49)
[2022-03-16T16:14:47.354+0530][gc,heap       ] GC(8) Survivor regions: 2->2(7)
[2022-03-16T16:14:47.354+0530][gc,heap       ] GC(8) Old regions: 15->15
[2022-03-16T16:14:47.354+0530][gc,heap       ] GC(8) Humongous regions: 129->129
[2022-03-16T16:14:47.354+0530][gc,metaspace  ] GC(8) Metaspace: 40198K->40198K(1085440K)
[2022-03-16T16:14:47.354+0530][gc            ] GC(8) Pause Young (Normal) (G1 Evacuation Pause) 192M->143M(1024M) 13.539ms
[2022-03-16T16:14:47.354+0530][gc,cpu        ] GC(8) User=0.04s Sys=0.00s Real=0.02s
[2022-03-16T16:34:23.681+0530][gc,start      ] GC(9) Pause Young (Normal) (G1 Evacuation Pause)
[2022-03-16T16:34:23.688+0530][gc,task       ] GC(9) Using 8 workers of 8 for evacuation
[2022-03-16T16:34:23.701+0530][gc,phases     ] GC(9)   Pre Evacuate Collection Set: 0.1ms
[2022-03-16T16:34:23.701+0530][gc,phases     ] GC(9)   Evacuate Collection Set: 8.0ms
[2022-03-16T16:34:23.701+0530][gc,phases     ] GC(9)   Post Evacuate Collection Set: 4.3ms
[2022-03-16T16:34:23.701+0530][gc,phases     ] GC(9)   Other: 7.4ms
[2022-03-16T16:34:23.701+0530][gc,heap       ] GC(9) Eden regions: 49->0(51)
[2022-03-16T16:34:23.701+0530][gc,heap       ] GC(9) Survivor regions: 2->2(7)
[2022-03-16T16:34:23.701+0530][gc,heap       ] GC(9) Old regions: 15->15
[2022-03-16T16:34:23.701+0530][gc,heap       ] GC(9) Humongous regions: 129->129
[2022-03-16T16:34:23.701+0530][gc,metaspace  ] GC(9) Metaspace: 40436K->40436K(1085440K)
[2022-03-16T16:34:23.701+0530][gc            ] GC(9) Pause Young (Normal) (G1 Evacuation Pause) 192M->143M(1024M) 19.976ms
[2022-03-16T16:34:23.701+0530][gc,cpu        ] GC(9) User=0.07s Sys=0.00s Real=0.02s
[2022-03-16T16:54:56.498+0530][gc,start      ] GC(10) Pause Young (Normal) (G1 Evacuation Pause)
[2022-03-16T16:54:56.499+0530][gc,task       ] GC(10) Using 8 workers of 8 for evacuation
[2022-03-16T16:54:56.516+0530][gc,phases     ] GC(10)   Pre Evacuate Collection Set: 0.4ms
[2022-03-16T16:54:56.516+0530][gc,phases     ] GC(10)   Evacuate Collection Set: 9.4ms
[2022-03-16T16:54:56.516+0530][gc,phases     ] GC(10)   Post Evacuate Collection Set: 4.9ms
[2022-03-16T16:54:56.516+0530][gc,phases     ] GC(10)   Other: 4.8ms
[2022-03-16T16:54:56.516+0530][gc,heap       ] GC(10) Eden regions: 51->0(53)
[2022-03-16T16:54:56.516+0530][gc,heap       ] GC(10) Survivor regions: 2->2(7)
[2022-03-16T16:54:56.517+0530][gc,heap       ] GC(10) Old regions: 15->15
[2022-03-16T16:54:56.517+0530][gc,heap       ] GC(10) Humongous regions: 129->129
[2022-03-16T16:54:56.517+0530][gc,metaspace  ] GC(10) Metaspace: 40530K->40530K(1085440K)
[2022-03-16T16:54:56.517+0530][gc            ] GC(10) Pause Young (Normal) (G1 Evacuation Pause) 194M->143M(1024M) 19.213ms
[2022-03-16T16:54:56.517+0530][gc,cpu        ] GC(10) User=0.08s Sys=0.00s Real=0.02s
[2022-03-16T17:16:31.583+0530][gc,start      ] GC(11) Pause Young (Normal) (G1 Evacuation Pause)
[2022-03-16T17:16:31.583+0530][gc,task       ] GC(11) Using 8 workers of 8 for evacuation
[2022-03-16T17:16:31.593+0530][gc,phases     ] GC(11)   Pre Evacuate Collection Set: 0.1ms
[2022-03-16T17:16:31.594+0530][gc,phases     ] GC(11)   Evacuate Collection Set: 6.0ms
[2022-03-16T17:16:31.594+0530][gc,phases     ] GC(11)   Post Evacuate Collection Set: 3.7ms
[2022-03-16T17:16:31.594+0530][gc,phases     ] GC(11)   Other: 1.1ms
[2022-03-16T17:16:31.594+0530][gc,heap       ] GC(11) Eden regions: 53->0(54)
[2022-03-16T17:16:31.594+0530][gc,heap       ] GC(11) Survivor regions: 2->2(7)
[2022-03-16T17:16:31.594+0530][gc,heap       ] GC(11) Old regions: 15->15
[2022-03-16T17:16:31.594+0530][gc,heap       ] GC(11) Humongous regions: 129->129
[2022-03-16T17:16:31.594+0530][gc,metaspace  ] GC(11) Metaspace: 40555K->40555K(1085440K)
[2022-03-16T17:16:31.594+0530][gc            ] GC(11) Pause Young (Normal) (G1 Evacuation Pause) 196M->143M(1024M) 11.208ms
[2022-03-16T17:16:31.594+0530][gc,cpu        ] GC(11) User=0.06s Sys=0.00s Real=0.02s
[2022-03-16T17:38:03.684+0530][gc,start      ] GC(12) Pause Young (Normal) (G1 Evacuation Pause)
[2022-03-16T17:38:03.685+0530][gc,task       ] GC(12) Using 8 workers of 8 for evacuation
[2022-03-16T17:38:03.705+0530][gc,phases     ] GC(12)   Pre Evacuate Collection Set: 0.1ms
[2022-03-16T17:38:03.705+0530][gc,phases     ] GC(12)   Evacuate Collection Set: 14.7ms
[2022-03-16T17:38:03.705+0530][gc,phases     ] GC(12)   Post Evacuate Collection Set: 4.8ms
[2022-03-16T17:38:03.705+0530][gc,phases     ] GC(12)   Other: 1.2ms
[2022-03-16T17:38:03.705+0530][gc,heap       ] GC(12) Eden regions: 54->0(55)
[2022-03-16T17:38:03.705+0530][gc,heap       ] GC(12) Survivor regions: 2->2(7)
[2022-03-16T17:38:03.705+0530][gc,heap       ] GC(12) Old regions: 15->15
[2022-03-16T17:38:03.705+0530][gc,heap       ] GC(12) Humongous regions: 129->129
[2022-03-16T17:38:03.705+0530][gc,metaspace  ] GC(12) Metaspace: 40558K->40558K(1085440K)
[2022-03-16T17:38:03.705+0530][gc            ] GC(12) Pause Young (Normal) (G1 Evacuation Pause) 197M->143M(1024M) 20.950ms
[2022-03-16T17:38:03.705+0530][gc,cpu        ] GC(12) User=0.10s Sys=0.00s Real=0.02s
[2022-03-16T18:00:18.681+0530][gc,start      ] GC(13) Pause Young (Normal) (G1 Evacuation Pause)
[2022-03-16T18:00:18.688+0530][gc,task       ] GC(13) Using 8 workers of 8 for evacuation
[2022-03-16T18:00:18.700+0530][gc,phases     ] GC(13)   Pre Evacuate Collection Set: 0.1ms
[2022-03-16T18:00:18.700+0530][gc,phases     ] GC(13)   Evacuate Collection Set: 7.5ms
[2022-03-16T18:00:18.700+0530][gc,phases     ] GC(13)   Post Evacuate Collection Set: 3.5ms
[2022-03-16T18:00:18.700+0530][gc,phases     ] GC(13)   Other: 7.4ms
[2022-03-16T18:00:18.700+0530][gc,heap       ] GC(13) Eden regions: 55->0(56)
[2022-03-16T18:00:18.700+0530][gc,heap       ] GC(13) Survivor regions: 2->2(8)
[2022-03-16T18:00:18.700+0530][gc,heap       ] GC(13) Old regions: 15->15
[2022-03-16T18:00:18.700+0530][gc,heap       ] GC(13) Humongous regions: 129->129
[2022-03-16T18:00:18.700+0530][gc,metaspace  ] GC(13) Metaspace: 40588K->40588K(1085440K)
[2022-03-16T18:00:18.700+0530][gc            ] GC(13) Pause Young (Normal) (G1 Evacuation Pause) 198M->143M(1024M) 18.681ms
[2022-03-16T18:00:18.700+0530][gc,cpu        ] GC(13) User=0.08s Sys=0.00s Real=0.02s
[2022-03-16T18:23:03.685+0530][gc,start      ] GC(14) Pause Young (Normal) (G1 Evacuation Pause)
[2022-03-16T18:23:03.688+0530][gc,task       ] GC(14) Using 8 workers of 8 for evacuation
[2022-03-16T18:23:03.783+0530][gc,mmu        ] GC(14) MMU target violated: 21.0ms (20.0ms/21.0ms)
[2022-03-16T18:23:03.783+0530][gc,phases     ] GC(14)   Pre Evacuate Collection Set: 51.7ms
[2022-03-16T18:23:03.783+0530][gc,phases     ] GC(14)   Evacuate Collection Set: 36.0ms
[2022-03-16T18:23:03.783+0530][gc,phases     ] GC(14)   Post Evacuate Collection Set: 3.8ms
[2022-03-16T18:23:03.783+0530][gc,phases     ] GC(14)   Other: 8.8ms
[2022-03-16T18:23:03.783+0530][gc,heap       ] GC(14) Eden regions: 56->0(49)
[2022-03-16T18:23:03.783+0530][gc,heap       ] GC(14) Survivor regions: 2->2(8)
[2022-03-16T18:23:03.783+0530][gc,heap       ] GC(14) Old regions: 15->15
[2022-03-16T18:23:03.783+0530][gc,heap       ] GC(14) Humongous regions: 129->129
[2022-03-16T18:23:03.783+0530][gc,metaspace  ] GC(14) Metaspace: 40594K->40594K(1087488K)
[2022-03-16T18:23:03.784+0530][gc            ] GC(14) Pause Young (Normal) (G1 Evacuation Pause) 199M->143M(1024M) 98.507ms
[2022-03-16T18:23:03.784+0530][gc,cpu        ] GC(14) User=0.16s Sys=0.05s Real=0.09s
[2022-03-16T18:44:00.847+0530][gc,start      ] GC(15) Pause Young (Normal) (G1 Evacuation Pause)
[2022-03-16T18:44:00.855+0530][gc,task       ] GC(15) Using 8 workers of 8 for evacuation
[2022-03-16T18:44:00.865+0530][gc,phases     ] GC(15)   Pre Evacuate Collection Set: 0.1ms
[2022-03-16T18:44:00.865+0530][gc,phases     ] GC(15)   Evacuate Collection Set: 8.4ms
[2022-03-16T18:44:00.865+0530][gc,phases     ] GC(15)   Post Evacuate Collection Set: 1.1ms
[2022-03-16T18:44:00.865+0530][gc,phases     ] GC(15)   Other: 8.0ms
[2022-03-16T18:44:00.865+0530][gc,heap       ] GC(15) Eden regions: 49->0(49)
[2022-03-16T18:44:00.865+0530][gc,heap       ] GC(15) Survivor regions: 2->2(7)
[2022-03-16T18:44:00.865+0530][gc,heap       ] GC(15) Old regions: 15->15
[2022-03-16T18:44:00.865+0530][gc,heap       ] GC(15) Humongous regions: 129->129
[2022-03-16T18:44:00.865+0530][gc,metaspace  ] GC(15) Metaspace: 40595K->40595K(1087488K)
[2022-03-16T18:44:00.865+0530][gc            ] GC(15) Pause Young (Normal) (G1 Evacuation Pause) 192M->143M(1024M) 17.633ms
[2022-03-16T18:44:00.865+0530][gc,cpu        ] GC(15) User=0.06s Sys=0.00s Real=0.02s
[2022-03-16T20:39:39.298+0530][gc,start      ] GC(16) Pause Young (Normal) (G1 Evacuation Pause)
[2022-03-16T20:39:39.300+0530][gc,task       ] GC(16) Using 8 workers of 8 for evacuation
[2022-03-16T20:39:39.499+0530][gc,mmu        ] GC(16) MMU target violated: 21.0ms (20.0ms/21.0ms)
[2022-03-16T20:39:39.499+0530][gc,phases     ] GC(16)   Pre Evacuate Collection Set: 55.5ms
[2022-03-16T20:39:39.499+0530][gc,phases     ] GC(16)   Evacuate Collection Set: 134.7ms
[2022-03-16T20:39:39.499+0530][gc,phases     ] GC(16)   Post Evacuate Collection Set: 5.9ms
[2022-03-16T20:39:39.499+0530][gc,phases     ] GC(16)   Other: 7.6ms
[2022-03-16T20:39:39.499+0530][gc,heap       ] GC(16) Eden regions: 49->0(49)
[2022-03-16T20:39:39.500+0530][gc,heap       ] GC(16) Survivor regions: 2->2(7)
[2022-03-16T20:39:39.500+0530][gc,heap       ] GC(16) Old regions: 15->15
[2022-03-16T20:39:39.500+0530][gc,heap       ] GC(16) Humongous regions: 129->129
[2022-03-16T20:39:39.500+0530][gc,metaspace  ] GC(16) Metaspace: 40607K->40607K(1087488K)
[2022-03-16T20:39:39.500+0530][gc            ] GC(16) Pause Young (Normal) (G1 Evacuation Pause) 192M->143M(1024M) 202.855ms
[2022-03-16T20:39:39.500+0530][gc,cpu        ] GC(16) User=0.55s Sys=0.11s Real=0.20s
[2022-03-16T21:01:19.787+0530][gc,start      ] GC(17) Pause Young (Normal) (G1 Evacuation Pause)
[2022-03-16T21:01:19.788+0530][gc,task       ] GC(17) Using 8 workers of 8 for evacuation
[2022-03-16T21:01:19.801+0530][gc,phases     ] GC(17)   Pre Evacuate Collection Set: 0.7ms
[2022-03-16T21:01:19.801+0530][gc,phases     ] GC(17)   Evacuate Collection Set: 9.7ms
[2022-03-16T21:01:19.801+0530][gc,phases     ] GC(17)   Post Evacuate Collection Set: 1.8ms
[2022-03-16T21:01:19.801+0530][gc,phases     ] GC(17)   Other: 1.5ms
[2022-03-16T21:01:19.801+0530][gc,heap       ] GC(17) Eden regions: 49->0(49)
[2022-03-16T21:01:19.801+0530][gc,heap       ] GC(17) Survivor regions: 2->2(7)
[2022-03-16T21:01:19.801+0530][gc,heap       ] GC(17) Old regions: 15->15
[2022-03-16T21:01:19.801+0530][gc,heap       ] GC(17) Humongous regions: 129->129
[2022-03-16T21:01:19.801+0530][gc,metaspace  ] GC(17) Metaspace: 40612K->40612K(1087488K)
[2022-03-16T21:01:19.801+0530][gc            ] GC(17) Pause Young (Normal) (G1 Evacuation Pause) 192M->143M(1024M) 13.722ms
[2022-03-16T21:01:19.801+0530][gc,cpu        ] GC(17) User=0.05s Sys=0.01s Real=0.02s
[2022-03-16T21:22:58.849+0530][gc,start      ] GC(18) Pause Young (Normal) (G1 Evacuation Pause)
[2022-03-16T21:22:58.849+0530][gc,task       ] GC(18) Using 8 workers of 8 for evacuation
[2022-03-16T21:22:58.861+0530][gc,phases     ] GC(18)   Pre Evacuate Collection Set: 0.2ms
[2022-03-16T21:22:58.861+0530][gc,phases     ] GC(18)   Evacuate Collection Set: 9.3ms
[2022-03-16T21:22:58.861+0530][gc,phases     ] GC(18)   Post Evacuate Collection Set: 1.9ms
[2022-03-16T21:22:58.861+0530][gc,phases     ] GC(18)   Other: 1.0ms
[2022-03-16T21:22:58.861+0530][gc,heap       ] GC(18) Eden regions: 49->0(49)
[2022-03-16T21:22:58.861+0530][gc,heap       ] GC(18) Survivor regions: 2->2(7)
[2022-03-16T21:22:58.861+0530][gc,heap       ] GC(18) Old regions: 15->15
[2022-03-16T21:22:58.861+0530][gc,heap       ] GC(18) Humongous regions: 129->129
[2022-03-16T21:22:58.861+0530][gc,metaspace  ] GC(18) Metaspace: 40626K->40626K(1087488K)
[2022-03-16T21:22:58.861+0530][gc            ] GC(18) Pause Young (Normal) (G1 Evacuation Pause) 192M->143M(1024M) 12.686ms
[2022-03-16T21:22:58.861+0530][gc,cpu        ] GC(18) User=0.05s Sys=0.00s Real=0.01s
[2022-03-16T21:44:48.734+0530][gc,start      ] GC(19) Pause Young (Normal) (G1 Evacuation Pause)
[2022-03-16T21:44:48.735+0530][gc,task       ] GC(19) Using 8 workers of 8 for evacuation
[2022-03-16T21:44:48.864+0530][gc,mmu        ] GC(19) MMU target violated: 21.0ms (20.0ms/21.0ms)
[2022-03-16T21:44:48.865+0530][gc,phases     ] GC(19)   Pre Evacuate Collection Set: 43.3ms
[2022-03-16T21:44:48.865+0530][gc,phases     ] GC(19)   Evacuate Collection Set: 77.6ms
[2022-03-16T21:44:48.865+0530][gc,phases     ] GC(19)   Post Evacuate Collection Set: 5.6ms
[2022-03-16T21:44:48.865+0530][gc,phases     ] GC(19)   Other: 5.2ms
[2022-03-16T21:44:48.865+0530][gc,heap       ] GC(19) Eden regions: 49->0(49)
[2022-03-16T21:44:48.865+0530][gc,heap       ] GC(19) Survivor regions: 2->2(7)
[2022-03-16T21:44:48.865+0530][gc,heap       ] GC(19) Old regions: 15->15
[2022-03-16T21:44:48.865+0530][gc,heap       ] GC(19) Humongous regions: 129->129
[2022-03-16T21:44:48.865+0530][gc,metaspace  ] GC(19) Metaspace: 40629K->40629K(1087488K)
[2022-03-16T21:44:48.865+0530][gc            ] GC(19) Pause Young (Normal) (G1 Evacuation Pause) 192M->143M(1024M) 131.040ms
[2022-03-16T21:44:48.865+0530][gc,cpu        ] GC(19) User=0.26s Sys=0.01s Real=0.13s
[2022-03-16T22:06:35.186+0530][gc,start      ] GC(20) Pause Young (Normal) (G1 Evacuation Pause)
[2022-03-16T22:06:35.187+0530][gc,task       ] GC(20) Using 8 workers of 8 for evacuation
[2022-03-16T22:06:35.198+0530][gc,phases     ] GC(20)   Pre Evacuate Collection Set: 0.3ms
[2022-03-16T22:06:35.198+0530][gc,phases     ] GC(20)   Evacuate Collection Set: 6.5ms
[2022-03-16T22:06:35.198+0530][gc,phases     ] GC(20)   Post Evacuate Collection Set: 3.6ms
[2022-03-16T22:06:35.198+0530][gc,phases     ] GC(20)   Other: 2.7ms
[2022-03-16T22:06:35.198+0530][gc,heap       ] GC(20) Eden regions: 49->0(49)
[2022-03-16T22:06:35.198+0530][gc,heap       ] GC(20) Survivor regions: 2->2(7)
[2022-03-16T22:06:35.198+0530][gc,heap       ] GC(20) Old regions: 15->15
[2022-03-16T22:06:35.198+0530][gc,heap       ] GC(20) Humongous regions: 129->129
[2022-03-16T22:06:35.198+0530][gc,metaspace  ] GC(20) Metaspace: 40632K->40632K(1087488K)
[2022-03-16T22:06:35.198+0530][gc            ] GC(20) Pause Young (Normal) (G1 Evacuation Pause) 192M->143M(1024M) 12.870ms
[2022-03-16T22:06:35.198+0530][gc,cpu        ] GC(20) User=0.04s Sys=0.00s Real=0.02s
[2022-03-16T22:28:18.057+0530][gc,start      ] GC(21) Pause Young (Normal) (G1 Evacuation Pause)
[2022-03-16T22:28:18.126+0530][gc,task       ] GC(21) Using 8 workers of 8 for evacuation
[2022-03-16T22:28:18.447+0530][gc,mmu        ] GC(21) MMU target violated: 21.0ms (20.0ms/21.0ms)
[2022-03-16T22:28:18.447+0530][gc,phases     ] GC(21)   Pre Evacuate Collection Set: 204.7ms
[2022-03-16T22:28:18.447+0530][gc,phases     ] GC(21)   Evacuate Collection Set: 82.0ms
[2022-03-16T22:28:18.447+0530][gc,phases     ] GC(21)   Post Evacuate Collection Set: 4.3ms
[2022-03-16T22:28:18.447+0530][gc,phases     ] GC(21)   Other: 134.6ms
[2022-03-16T22:28:18.447+0530][gc,heap       ] GC(21) Eden regions: 49->0(50)
[2022-03-16T22:28:18.447+0530][gc,heap       ] GC(21) Survivor regions: 2->1(7)
[2022-03-16T22:28:18.447+0530][gc,heap       ] GC(21) Old regions: 15->16
[2022-03-16T22:28:18.447+0530][gc,heap       ] GC(21) Humongous regions: 129->129
[2022-03-16T22:28:18.447+0530][gc,metaspace  ] GC(21) Metaspace: 40632K->40632K(1087488K)
[2022-03-16T22:28:18.447+0530][gc            ] GC(21) Pause Young (Normal) (G1 Evacuation Pause) 192M->144M(1024M) 390.375ms
[2022-03-16T22:28:18.447+0530][gc,cpu        ] GC(21) User=0.29s Sys=0.06s Real=0.38s
[2022-03-16T22:50:31.546+0530][gc,start      ] GC(22) Pause Young (Normal) (G1 Evacuation Pause)
[2022-03-16T22:50:31.549+0530][gc,task       ] GC(22) Using 8 workers of 8 for evacuation
[2022-03-16T22:50:32.197+0530][gc,mmu        ] GC(22) MMU target violated: 21.0ms (20.0ms/21.0ms)
[2022-03-16T22:50:32.198+0530][gc,phases     ] GC(22)   Pre Evacuate Collection Set: 82.7ms
[2022-03-16T22:50:32.198+0530][gc,phases     ] GC(22)   Evacuate Collection Set: 554.9ms
[2022-03-16T22:50:32.198+0530][gc,phases     ] GC(22)   Post Evacuate Collection Set: 4.6ms
[2022-03-16T22:50:32.198+0530][gc,phases     ] GC(22)   Other: 11.6ms
[2022-03-16T22:50:32.198+0530][gc,heap       ] GC(22) Eden regions: 50->0(50)
[2022-03-16T22:50:32.198+0530][gc,heap       ] GC(22) Survivor regions: 1->1(7)
[2022-03-16T22:50:32.198+0530][gc,heap       ] GC(22) Old regions: 16->16
[2022-03-16T22:50:32.198+0530][gc,heap       ] GC(22) Humongous regions: 129->129
[2022-03-16T22:50:32.198+0530][gc,metaspace  ] GC(22) Metaspace: 40633K->40633K(1087488K)
[2022-03-16T22:50:32.198+0530][gc            ] GC(22) Pause Young (Normal) (G1 Evacuation Pause) 194M->143M(1024M) 652.779ms
[2022-03-16T22:50:32.199+0530][gc,cpu        ] GC(22) User=3.67s Sys=0.00s Real=0.66s
[2022-03-16T23:12:44.590+0530][gc,start      ] GC(23) Pause Young (Normal) (G1 Evacuation Pause)
[2022-03-16T23:12:44.593+0530][gc,task       ] GC(23) Using 8 workers of 8 for evacuation
[2022-03-16T23:12:44.738+0530][gc,mmu        ] GC(23) MMU target violated: 21.0ms (20.0ms/21.0ms)
[2022-03-16T23:12:44.738+0530][gc,phases     ] GC(23)   Pre Evacuate Collection Set: 74.7ms
[2022-03-16T23:12:44.738+0530][gc,phases     ] GC(23)   Evacuate Collection Set: 62.4ms
[2022-03-16T23:12:44.738+0530][gc,phases     ] GC(23)   Post Evacuate Collection Set: 4.4ms
[2022-03-16T23:12:44.738+0530][gc,phases     ] GC(23)   Other: 7.2ms
[2022-03-16T23:12:44.738+0530][gc,heap       ] GC(23) Eden regions: 50->0(50)
[2022-03-16T23:12:44.738+0530][gc,heap       ] GC(23) Survivor regions: 1->1(7)
[2022-03-16T23:12:44.738+0530][gc,heap       ] GC(23) Old regions: 16->16
[2022-03-16T23:12:44.738+0530][gc,heap       ] GC(23) Humongous regions: 129->129
[2022-03-16T23:12:44.738+0530][gc,metaspace  ] GC(23) Metaspace: 40633K->40633K(1087488K)
[2022-03-16T23:12:44.738+0530][gc            ] GC(23) Pause Young (Normal) (G1 Evacuation Pause) 193M->144M(1024M) 147.951ms
[2022-03-16T23:12:44.738+0530][gc,cpu        ] GC(23) User=0.31s Sys=0.00s Real=0.15s
[2022-03-16T23:34:54.786+0530][gc,start      ] GC(24) Pause Young (Normal) (G1 Evacuation Pause)
[2022-03-16T23:34:54.787+0530][gc,task       ] GC(24) Using 8 workers of 8 for evacuation
[2022-03-16T23:34:54.936+0530][gc,mmu        ] GC(24) MMU target violated: 21.0ms (20.0ms/21.0ms)
[2022-03-16T23:34:54.936+0530][gc,phases     ] GC(24)   Pre Evacuate Collection Set: 68.8ms
[2022-03-16T23:34:54.936+0530][gc,phases     ] GC(24)   Evacuate Collection Set: 70.7ms
[2022-03-16T23:34:54.936+0530][gc,phases     ] GC(24)   Post Evacuate Collection Set: 4.9ms
[2022-03-16T23:34:54.936+0530][gc,phases     ] GC(24)   Other: 6.1ms
[2022-03-16T23:34:54.936+0530][gc,heap       ] GC(24) Eden regions: 50->0(50)
[2022-03-16T23:34:54.936+0530][gc,heap       ] GC(24) Survivor regions: 1->1(7)
[2022-03-16T23:34:54.936+0530][gc,heap       ] GC(24) Old regions: 16->16
[2022-03-16T23:34:54.936+0530][gc,heap       ] GC(24) Humongous regions: 129->129
[2022-03-16T23:34:54.936+0530][gc,metaspace  ] GC(24) Metaspace: 40637K->40637K(1087488K)
[2022-03-16T23:34:54.937+0530][gc            ] GC(24) Pause Young (Normal) (G1 Evacuation Pause) 194M->144M(1024M) 150.242ms
[2022-03-16T23:34:54.937+0530][gc,cpu        ] GC(24) User=0.38s Sys=0.02s Real=0.16s
[2022-03-16T23:57:04.789+0530][gc,start      ] GC(25) Pause Young (Normal) (G1 Evacuation Pause)
[2022-03-16T23:57:04.790+0530][gc,task       ] GC(25) Using 8 workers of 8 for evacuation
[2022-03-16T23:57:04.795+0530][gc,phases     ] GC(25)   Pre Evacuate Collection Set: 0.3ms
[2022-03-16T23:57:04.795+0530][gc,phases     ] GC(25)   Evacuate Collection Set: 3.3ms
[2022-03-16T23:57:04.795+0530][gc,phases     ] GC(25)   Post Evacuate Collection Set: 0.8ms
[2022-03-16T23:57:04.795+0530][gc,phases     ] GC(25)   Other: 2.0ms
[2022-03-16T23:57:04.795+0530][gc,heap       ] GC(25) Eden regions: 50->0(50)
[2022-03-16T23:57:04.795+0530][gc,heap       ] GC(25) Survivor regions: 1->1(7)
[2022-03-16T23:57:04.795+0530][gc,heap       ] GC(25) Old regions: 16->16
[2022-03-16T23:57:04.795+0530][gc,heap       ] GC(25) Humongous regions: 129->129
[2022-03-16T23:57:04.795+0530][gc,metaspace  ] GC(25) Metaspace: 40637K->40637K(1087488K)
[2022-03-16T23:57:04.795+0530][gc            ] GC(25) Pause Young (Normal) (G1 Evacuation Pause) 194M->144M(1024M) 5.978ms
[2022-03-16T23:57:04.795+0530][gc,cpu        ] GC(25) User=0.02s Sys=0.00s Real=0.00s
[2022-03-17T00:19:16.041+0530][gc,start      ] GC(26) Pause Young (Normal) (G1 Evacuation Pause)
[2022-03-17T00:19:16.042+0530][gc,task       ] GC(26) Using 8 workers of 8 for evacuation
[2022-03-17T00:19:16.055+0530][gc,phases     ] GC(26)   Pre Evacuate Collection Set: 0.4ms
[2022-03-17T00:19:16.055+0530][gc,phases     ] GC(26)   Evacuate Collection Set: 11.5ms
[2022-03-17T00:19:16.055+0530][gc,phases     ] GC(26)   Post Evacuate Collection Set: 0.7ms
[2022-03-17T00:19:16.056+0530][gc,phases     ] GC(26)   Other: 5.0ms
[2022-03-17T00:19:16.056+0530][gc,heap       ] GC(26) Eden regions: 50->0(50)
[2022-03-17T00:19:16.056+0530][gc,heap       ] GC(26) Survivor regions: 1->1(7)
[2022-03-17T00:19:16.056+0530][gc,heap       ] GC(26) Old regions: 16->16
[2022-03-17T00:19:16.056+0530][gc,heap       ] GC(26) Humongous regions: 129->129
[2022-03-17T00:19:16.056+0530][gc,metaspace  ] GC(26) Metaspace: 40637K->40637K(1087488K)
[2022-03-17T00:19:16.056+0530][gc            ] GC(26) Pause Young (Normal) (G1 Evacuation Pause) 194M->144M(1024M) 15.299ms
[2022-03-17T00:19:16.056+0530][gc,cpu        ] GC(26) User=0.06s Sys=0.00s Real=0.01s
[2022-03-17T00:41:28.541+0530][gc,start      ] GC(27) Pause Young (Normal) (G1 Evacuation Pause)
[2022-03-17T00:41:28.542+0530][gc,task       ] GC(27) Using 8 workers of 8 for evacuation
[2022-03-17T00:41:28.671+0530][gc,mmu        ] GC(27) MMU target violated: 21.0ms (20.0ms/21.0ms)
[2022-03-17T00:41:28.671+0530][gc,phases     ] GC(27)   Pre Evacuate Collection Set: 64.9ms
[2022-03-17T00:41:28.671+0530][gc,phases     ] GC(27)   Evacuate Collection Set: 55.8ms
[2022-03-17T00:41:28.671+0530][gc,phases     ] GC(27)   Post Evacuate Collection Set: 4.9ms
[2022-03-17T00:41:28.671+0530][gc,phases     ] GC(27)   Other: 5.3ms
[2022-03-17T00:41:28.671+0530][gc,heap       ] GC(27) Eden regions: 50->0(50)
[2022-03-17T00:41:28.671+0530][gc,heap       ] GC(27) Survivor regions: 1->1(7)
[2022-03-17T00:41:28.671+0530][gc,heap       ] GC(27) Old regions: 16->17
[2022-03-17T00:41:28.671+0530][gc,heap       ] GC(27) Humongous regions: 129->129
[2022-03-17T00:41:28.671+0530][gc,metaspace  ] GC(27) Metaspace: 40637K->40637K(1087488K)
[2022-03-17T00:41:28.671+0530][gc            ] GC(27) Pause Young (Normal) (G1 Evacuation Pause) 194M->144M(1024M) 130.441ms
[2022-03-17T00:41:28.671+0530][gc,cpu        ] GC(27) User=0.29s Sys=0.00s Real=0.13s
[2022-03-17T01:03:41.219+0530][gc,start      ] GC(28) Pause Young (Normal) (G1 Evacuation Pause)
[2022-03-17T01:03:41.223+0530][gc,task       ] GC(28) Using 8 workers of 8 for evacuation
[2022-03-17T01:03:41.252+0530][gc,mmu        ] GC(28) MMU target violated: 21.0ms (20.0ms/21.0ms)
[2022-03-17T01:03:41.252+0530][gc,phases     ] GC(28)   Pre Evacuate Collection Set: 5.4ms
[2022-03-17T01:03:41.252+0530][gc,phases     ] GC(28)   Evacuate Collection Set: 22.5ms
[2022-03-17T01:03:41.253+0530][gc,phases     ] GC(28)   Post Evacuate Collection Set: 1.0ms
[2022-03-17T01:03:41.253+0530][gc,phases     ] GC(28)   Other: 5.0ms
[2022-03-17T01:03:41.253+0530][gc,heap       ] GC(28) Eden regions: 50->0(50)
[2022-03-17T01:03:41.253+0530][gc,heap       ] GC(28) Survivor regions: 1->1(7)
[2022-03-17T01:03:41.253+0530][gc,heap       ] GC(28) Old regions: 17->17
[2022-03-17T01:03:41.253+0530][gc,heap       ] GC(28) Humongous regions: 129->129
[2022-03-17T01:03:41.253+0530][gc,metaspace  ] GC(28) Metaspace: 40637K->40637K(1087488K)
[2022-03-17T01:03:41.253+0530][gc            ] GC(28) Pause Young (Normal) (G1 Evacuation Pause) 194M->144M(1024M) 34.206ms
[2022-03-17T01:03:41.253+0530][gc,cpu        ] GC(28) User=0.13s Sys=0.00s Real=0.03s
[2022-03-17T01:25:43.979+0530][gc,start      ] GC(29) Pause Young (Normal) (G1 Evacuation Pause)
[2022-03-17T01:25:43.980+0530][gc,task       ] GC(29) Using 8 workers of 8 for evacuation
[2022-03-17T01:25:44.037+0530][gc,mmu        ] GC(29) MMU target violated: 21.0ms (20.0ms/21.0ms)
[2022-03-17T01:25:44.037+0530][gc,phases     ] GC(29)   Pre Evacuate Collection Set: 2.3ms
[2022-03-17T01:25:44.038+0530][gc,phases     ] GC(29)   Evacuate Collection Set: 48.5ms
[2022-03-17T01:25:44.038+0530][gc,phases     ] GC(29)   Post Evacuate Collection Set: 5.3ms
[2022-03-17T01:25:44.038+0530][gc,phases     ] GC(29)   Other: 2.7ms
[2022-03-17T01:25:44.038+0530][gc,heap       ] GC(29) Eden regions: 50->0(50)
[2022-03-17T01:25:44.038+0530][gc,heap       ] GC(29) Survivor regions: 1->1(7)
[2022-03-17T01:25:44.038+0530][gc,heap       ] GC(29) Old regions: 17->17
[2022-03-17T01:25:44.038+0530][gc,heap       ] GC(29) Humongous regions: 129->129
[2022-03-17T01:25:44.038+0530][gc,metaspace  ] GC(29) Metaspace: 40637K->40637K(1087488K)
[2022-03-17T01:25:44.038+0530][gc            ] GC(29) Pause Young (Normal) (G1 Evacuation Pause) 194M->144M(1024M) 58.298ms
[2022-03-17T01:25:44.038+0530][gc,cpu        ] GC(29) User=0.18s Sys=0.00s Real=0.06s
[2022-03-17T09:33:29.336+0530][gc,start      ] GC(30) Pause Young (Normal) (G1 Evacuation Pause)
[2022-03-17T09:33:29.337+0530][gc,task       ] GC(30) Using 8 workers of 8 for evacuation
[2022-03-17T09:33:29.342+0530][gc,phases     ] GC(30)   Pre Evacuate Collection Set: 0.1ms
[2022-03-17T09:33:29.342+0530][gc,phases     ] GC(30)   Evacuate Collection Set: 3.9ms
[2022-03-17T09:33:29.342+0530][gc,phases     ] GC(30)   Post Evacuate Collection Set: 1.0ms
[2022-03-17T09:33:29.343+0530][gc,phases     ] GC(30)   Other: 1.0ms
[2022-03-17T09:33:29.343+0530][gc,heap       ] GC(30) Eden regions: 50->0(50)
[2022-03-17T09:33:29.343+0530][gc,heap       ] GC(30) Survivor regions: 1->1(7)
[2022-03-17T09:33:29.343+0530][gc,heap       ] GC(30) Old regions: 17->17
[2022-03-17T09:33:29.343+0530][gc,heap       ] GC(30) Humongous regions: 129->129
[2022-03-17T09:33:29.343+0530][gc,metaspace  ] GC(30) Metaspace: 40655K->40655K(1087488K)
[2022-03-17T09:33:29.343+0530][gc            ] GC(30) Pause Young (Normal) (G1 Evacuation Pause) 194M->144M(1024M) 6.248ms
[2022-03-17T09:33:29.343+0530][gc,cpu        ] GC(30) User=0.02s Sys=0.00s Real=0.01s
[2022-03-17T09:55:41.889+0530][gc,start      ] GC(31) Pause Young (Normal) (G1 Evacuation Pause)
[2022-03-17T09:55:41.889+0530][gc,task       ] GC(31) Using 8 workers of 8 for evacuation
[2022-03-17T09:55:41.898+0530][gc,phases     ] GC(31)   Pre Evacuate Collection Set: 0.0ms
[2022-03-17T09:55:41.898+0530][gc,phases     ] GC(31)   Evacuate Collection Set: 8.0ms
[2022-03-17T09:55:41.898+0530][gc,phases     ] GC(31)   Post Evacuate Collection Set: 0.4ms
[2022-03-17T09:55:41.898+0530][gc,phases     ] GC(31)   Other: 0.4ms
[2022-03-17T09:55:41.898+0530][gc,heap       ] GC(31) Eden regions: 50->0(50)
[2022-03-17T09:55:41.898+0530][gc,heap       ] GC(31) Survivor regions: 1->1(7)
[2022-03-17T09:55:41.898+0530][gc,heap       ] GC(31) Old regions: 17->17
[2022-03-17T09:55:41.898+0530][gc,heap       ] GC(31) Humongous regions: 129->129
[2022-03-17T09:55:41.898+0530][gc,metaspace  ] GC(31) Metaspace: 40657K->40657K(1087488K)
[2022-03-17T09:55:41.898+0530][gc            ] GC(31) Pause Young (Normal) (G1 Evacuation Pause) 194M->144M(1024M) 8.911ms
[2022-03-17T09:55:41.898+0530][gc,cpu        ] GC(31) User=0.05s Sys=0.00s Real=0.01s
[2022-03-17T10:17:54.333+0530][gc,start      ] GC(32) Pause Young (Normal) (G1 Evacuation Pause)
[2022-03-17T10:17:54.336+0530][gc,task       ] GC(32) Using 8 workers of 8 for evacuation
[2022-03-17T10:17:54.338+0530][gc,phases     ] GC(32)   Pre Evacuate Collection Set: 0.1ms
[2022-03-17T10:17:54.338+0530][gc,phases     ] GC(32)   Evacuate Collection Set: 1.0ms
[2022-03-17T10:17:54.338+0530][gc,phases     ] GC(32)   Post Evacuate Collection Set: 0.6ms
[2022-03-17T10:17:54.338+0530][gc,phases     ] GC(32)   Other: 3.8ms
[2022-03-17T10:17:54.338+0530][gc,heap       ] GC(32) Eden regions: 50->0(50)
[2022-03-17T10:17:54.338+0530][gc,heap       ] GC(32) Survivor regions: 1->1(7)
[2022-03-17T10:17:54.338+0530][gc,heap       ] GC(32) Old regions: 17->17
[2022-03-17T10:17:54.338+0530][gc,heap       ] GC(32) Humongous regions: 129->129
[2022-03-17T10:17:54.339+0530][gc,metaspace  ] GC(32) Metaspace: 40657K->40657K(1087488K)
[2022-03-17T10:17:54.339+0530][gc            ] GC(32) Pause Young (Normal) (G1 Evacuation Pause) 194M->144M(1024M) 5.858ms
[2022-03-17T10:17:54.339+0530][gc,cpu        ] GC(32) User=0.01s Sys=0.00s Real=0.01s
[2022-03-17T10:40:05.040+0530][gc,start      ] GC(33) Pause Young (Normal) (G1 Evacuation Pause)
[2022-03-17T10:40:05.044+0530][gc,task       ] GC(33) Using 8 workers of 8 for evacuation
[2022-03-17T10:40:05.049+0530][gc,phases     ] GC(33)   Pre Evacuate Collection Set: 0.1ms
[2022-03-17T10:40:05.049+0530][gc,phases     ] GC(33)   Evacuate Collection Set: 3.5ms
[2022-03-17T10:40:05.049+0530][gc,phases     ] GC(33)   Post Evacuate Collection Set: 0.6ms
[2022-03-17T10:40:05.049+0530][gc,phases     ] GC(33)   Other: 4.7ms
[2022-03-17T10:40:05.049+0530][gc,heap       ] GC(33) Eden regions: 50->0(52)
[2022-03-17T10:40:05.049+0530][gc,heap       ] GC(33) Survivor regions: 1->1(7)
[2022-03-17T10:40:05.049+0530][gc,heap       ] GC(33) Old regions: 17->17
[2022-03-17T10:40:05.049+0530][gc,heap       ] GC(33) Humongous regions: 129->129
[2022-03-17T10:40:05.049+0530][gc,metaspace  ] GC(33) Metaspace: 40657K->40657K(1087488K)
[2022-03-17T10:40:05.049+0530][gc            ] GC(33) Pause Young (Normal) (G1 Evacuation Pause) 194M->144M(1024M) 9.140ms
[2022-03-17T10:40:05.049+0530][gc,cpu        ] GC(33) User=0.01s Sys=0.01s Real=0.01s
[2022-03-17T11:02:57.660+0530][gc,start      ] GC(34) Pause Young (Normal) (G1 Evacuation Pause)
[2022-03-17T11:02:57.662+0530][gc,task       ] GC(34) Using 8 workers of 8 for evacuation
[2022-03-17T11:02:57.769+0530][gc,mmu        ] GC(34) MMU target violated: 21.0ms (20.0ms/21.0ms)
[2022-03-17T11:02:57.769+0530][gc,phases     ] GC(34)   Pre Evacuate Collection Set: 77.5ms
[2022-03-17T11:02:57.769+0530][gc,phases     ] GC(34)   Evacuate Collection Set: 22.0ms
[2022-03-17T11:02:57.769+0530][gc,phases     ] GC(34)   Post Evacuate Collection Set: 1.9ms
[2022-03-17T11:02:57.769+0530][gc,phases     ] GC(34)   Other: 8.9ms
[2022-03-17T11:02:57.769+0530][gc,heap       ] GC(34) Eden regions: 52->0(50)
[2022-03-17T11:02:57.769+0530][gc,heap       ] GC(34) Survivor regions: 1->1(7)
[2022-03-17T11:02:57.769+0530][gc,heap       ] GC(34) Old regions: 17->17
[2022-03-17T11:02:57.769+0530][gc,heap       ] GC(34) Humongous regions: 129->129
[2022-03-17T11:02:57.770+0530][gc,metaspace  ] GC(34) Metaspace: 40657K->40657K(1087488K)
[2022-03-17T11:02:57.770+0530][gc            ] GC(34) Pause Young (Normal) (G1 Evacuation Pause) 196M->144M(1024M) 109.830ms
[2022-03-17T11:02:57.770+0530][gc,cpu        ] GC(34) User=0.10s Sys=0.01s Real=0.11s
[2022-03-17T11:25:11.727+0530][gc,start      ] GC(35) Pause Young (Normal) (G1 Evacuation Pause)
[2022-03-17T11:25:11.728+0530][gc,task       ] GC(35) Using 8 workers of 8 for evacuation
[2022-03-17T11:25:11.738+0530][gc,phases     ] GC(35)   Pre Evacuate Collection Set: 0.9ms
[2022-03-17T11:25:11.738+0530][gc,phases     ] GC(35)   Evacuate Collection Set: 7.2ms
[2022-03-17T11:25:11.738+0530][gc,phases     ] GC(35)   Post Evacuate Collection Set: 1.0ms
[2022-03-17T11:25:11.738+0530][gc,phases     ] GC(35)   Other: 1.9ms
[2022-03-17T11:25:11.738+0530][gc,heap       ] GC(35) Eden regions: 50->0(50)
[2022-03-17T11:25:11.738+0530][gc,heap       ] GC(35) Survivor regions: 1->1(7)
[2022-03-17T11:25:11.738+0530][gc,heap       ] GC(35) Old regions: 17->17
[2022-03-17T11:25:11.738+0530][gc,heap       ] GC(35) Humongous regions: 129->129
[2022-03-17T11:25:11.738+0530][gc,metaspace  ] GC(35) Metaspace: 40657K->40657K(1087488K)
[2022-03-17T11:25:11.738+0530][gc            ] GC(35) Pause Young (Normal) (G1 Evacuation Pause) 194M->144M(1024M) 10.866ms
[2022-03-17T11:25:11.738+0530][gc,cpu        ] GC(35) User=0.04s Sys=0.00s Real=0.01s
[2022-03-17T11:47:18.514+0530][gc,start      ] GC(36) Pause Young (Normal) (G1 Evacuation Pause)
[2022-03-17T11:47:18.514+0530][gc,task       ] GC(36) Using 8 workers of 8 for evacuation
[2022-03-17T11:47:18.519+0530][gc,phases     ] GC(36)   Pre Evacuate Collection Set: 0.1ms
[2022-03-17T11:47:18.519+0530][gc,phases     ] GC(36)   Evacuate Collection Set: 3.7ms
[2022-03-17T11:47:18.519+0530][gc,phases     ] GC(36)   Post Evacuate Collection Set: 0.9ms
[2022-03-17T11:47:18.519+0530][gc,phases     ] GC(36)   Other: 0.5ms
[2022-03-17T11:47:18.519+0530][gc,heap       ] GC(36) Eden regions: 50->0(50)
[2022-03-17T11:47:18.520+0530][gc,heap       ] GC(36) Survivor regions: 1->1(7)
[2022-03-17T11:47:18.520+0530][gc,heap       ] GC(36) Old regions: 17->17
[2022-03-17T11:47:18.520+0530][gc,heap       ] GC(36) Humongous regions: 129->129
[2022-03-17T11:47:18.520+0530][gc,metaspace  ] GC(36) Metaspace: 40657K->40657K(1087488K)
[2022-03-17T11:47:18.520+0530][gc            ] GC(36) Pause Young (Normal) (G1 Evacuation Pause) 194M->144M(1024M) 5.840ms
[2022-03-17T11:47:18.520+0530][gc,cpu        ] GC(36) User=0.02s Sys=0.00s Real=0.01s
[2022-03-17T12:09:27.724+0530][gc,start      ] GC(37) Pause Young (Normal) (G1 Evacuation Pause)
[2022-03-17T12:09:27.727+0530][gc,task       ] GC(37) Using 8 workers of 8 for evacuation
[2022-03-17T12:09:27.729+0530][gc,phases     ] GC(37)   Pre Evacuate Collection Set: 0.1ms
[2022-03-17T12:09:27.729+0530][gc,phases     ] GC(37)   Evacuate Collection Set: 0.8ms
[2022-03-17T12:09:27.730+0530][gc,phases     ] GC(37)   Post Evacuate Collection Set: 0.7ms
[2022-03-17T12:09:27.730+0530][gc,phases     ] GC(37)   Other: 3.7ms
[2022-03-17T12:09:27.730+0530][gc,heap       ] GC(37) Eden regions: 50->0(50)
[2022-03-17T12:09:27.730+0530][gc,heap       ] GC(37) Survivor regions: 1->1(7)
[2022-03-17T12:09:27.730+0530][gc,heap       ] GC(37) Old regions: 17->17
[2022-03-17T12:09:27.730+0530][gc,heap       ] GC(37) Humongous regions: 129->129
[2022-03-17T12:09:27.730+0530][gc,metaspace  ] GC(37) Metaspace: 40657K->40657K(1087488K)
[2022-03-17T12:09:27.730+0530][gc            ] GC(37) Pause Young (Normal) (G1 Evacuation Pause) 194M->144M(1024M) 5.624ms
[2022-03-17T12:09:27.730+0530][gc,cpu        ] GC(37) User=0.01s Sys=0.01s Real=0.01s
[2022-03-17T12:31:42.393+0530][gc,start      ] GC(38) Pause Young (Normal) (G1 Evacuation Pause)
[2022-03-17T12:31:42.394+0530][gc,task       ] GC(38) Using 8 workers of 8 for evacuation
[2022-03-17T12:31:42.396+0530][gc,phases     ] GC(38)   Pre Evacuate Collection Set: 0.1ms
[2022-03-17T12:31:42.396+0530][gc,phases     ] GC(38)   Evacuate Collection Set: 0.8ms
[2022-03-17T12:31:42.396+0530][gc,phases     ] GC(38)   Post Evacuate Collection Set: 1.0ms
[2022-03-17T12:31:42.396+0530][gc,phases     ] GC(38)   Other: 0.6ms
[2022-03-17T12:31:42.396+0530][gc,heap       ] GC(38) Eden regions: 50->0(52)
[2022-03-17T12:31:42.396+0530][gc,heap       ] GC(38) Survivor regions: 1->1(7)
[2022-03-17T12:31:42.396+0530][gc,heap       ] GC(38) Old regions: 17->17
[2022-03-17T12:31:42.396+0530][gc,heap       ] GC(38) Humongous regions: 129->129
[2022-03-17T12:31:42.396+0530][gc,metaspace  ] GC(38) Metaspace: 40657K->40657K(1087488K)
[2022-03-17T12:31:42.396+0530][gc            ] GC(38) Pause Young (Normal) (G1 Evacuation Pause) 194M->144M(1024M) 2.654ms
[2022-03-17T12:31:42.396+0530][gc,cpu        ] GC(38) User=0.01s Sys=0.00s Real=0.00s
