[2022-03-16T15:00:24.485+0530][gc,heap] Heap region size: 1M
[2022-03-16T15:00:24.492+0530][gc     ] Using G1
[2022-03-16T15:00:24.492+0530][gc,heap,coops] Heap address: 0x00000000c0000000, size: 1024 MB, Compressed Oops mode: 32-bit
[2022-03-16T15:00:24.492+0530][gc,cds       ] Mark closed archive regions in map: [0x00000000fff00000, 0x00000000fff6aff8]
[2022-03-16T15:00:24.492+0530][gc,cds       ] Mark open archive regions in map: [0x00000000ffe00000, 0x00000000ffe46ff8]
[2022-03-16T15:00:25.132+0530][gc,start     ] GC(0) Pause Young (Normal) (G1 Evacuation Pause)
[2022-03-16T15:00:25.134+0530][gc,task      ] GC(0) Using 8 workers of 8 for evacuation
[2022-03-16T15:00:25.143+0530][gc,phases    ] GC(0)   Pre Evacuate Collection Set: 0.0ms
[2022-03-16T15:00:25.143+0530][gc,phases    ] GC(0)   Evacuate Collection Set: 8.2ms
[2022-03-16T15:00:25.143+0530][gc,phases    ] GC(0)   Post Evacuate Collection Set: 0.4ms
[2022-03-16T15:00:25.143+0530][gc,phases    ] GC(0)   Other: 1.7ms
[2022-03-16T15:00:25.143+0530][gc,heap      ] GC(0) Eden regions: 51->0(44)
[2022-03-16T15:00:25.143+0530][gc,heap      ] GC(0) Survivor regions: 0->7(7)
[2022-03-16T15:00:25.143+0530][gc,heap      ] GC(0) Old regions: 2->2
[2022-03-16T15:00:25.143+0530][gc,heap      ] GC(0) Humongous regions: 0->0
[2022-03-16T15:00:25.143+0530][gc,metaspace ] GC(0) Metaspace: 14849K->14849K(1062912K)
[2022-03-16T15:00:25.143+0530][gc           ] GC(0) Pause Young (Normal) (G1 Evacuation Pause) 51M->7M(1024M) 10.370ms
[2022-03-16T15:00:25.143+0530][gc,cpu       ] GC(0) User=0.06s Sys=0.00s Real=0.00s
[2022-03-16T15:00:25.564+0530][gc,start     ] GC(1) Pause Young (Concurrent Start) (Metadata GC Threshold)
[2022-03-16T15:00:25.564+0530][gc,task      ] GC(1) Using 8 workers of 8 for evacuation
[2022-03-16T15:00:25.572+0530][gc,phases    ] GC(1)   Pre Evacuate Collection Set: 0.1ms
[2022-03-16T15:00:25.572+0530][gc,phases    ] GC(1)   Evacuate Collection Set: 7.1ms
[2022-03-16T15:00:25.572+0530][gc,phases    ] GC(1)   Post Evacuate Collection Set: 0.4ms
[2022-03-16T15:00:25.572+0530][gc,phases    ] GC(1)   Other: 0.2ms
[2022-03-16T15:00:25.572+0530][gc,heap      ] GC(1) Eden regions: 24->0(49)
[2022-03-16T15:00:25.572+0530][gc,heap      ] GC(1) Survivor regions: 7->2(7)
[2022-03-16T15:00:25.572+0530][gc,heap      ] GC(1) Old regions: 2->9
[2022-03-16T15:00:25.572+0530][gc,heap      ] GC(1) Humongous regions: 0->0
[2022-03-16T15:00:25.572+0530][gc,metaspace ] GC(1) Metaspace: 20534K->20534K(1067008K)
[2022-03-16T15:00:25.572+0530][gc           ] GC(1) Pause Young (Concurrent Start) (Metadata GC Threshold) 30M->8M(1024M) 7.903ms
[2022-03-16T15:00:25.572+0530][gc,cpu       ] GC(1) User=0.04s Sys=0.01s Real=0.01s
[2022-03-16T15:00:25.572+0530][gc           ] GC(2) Concurrent Cycle
[2022-03-16T15:00:25.572+0530][gc,marking   ] GC(2) Concurrent Clear Claimed Marks
[2022-03-16T15:00:25.572+0530][gc,marking   ] GC(2) Concurrent Clear Claimed Marks 0.048ms
[2022-03-16T15:00:25.572+0530][gc,marking   ] GC(2) Concurrent Scan Root Regions
[2022-03-16T15:00:25.573+0530][gc,marking   ] GC(2) Concurrent Scan Root Regions 1.181ms
[2022-03-16T15:00:25.573+0530][gc,marking   ] GC(2) Concurrent Mark (1.091s)
[2022-03-16T15:00:25.573+0530][gc,marking   ] GC(2) Concurrent Mark From Roots
[2022-03-16T15:00:25.573+0530][gc,task      ] GC(2) Using 2 workers of 2 for marking
[2022-03-16T15:00:25.578+0530][gc,marking   ] GC(2) Concurrent Mark From Roots 5.217ms
[2022-03-16T15:00:25.578+0530][gc,marking   ] GC(2) Concurrent Preclean
[2022-03-16T15:00:25.578+0530][gc,marking   ] GC(2) Concurrent Preclean 0.082ms
[2022-03-16T15:00:25.578+0530][gc,marking   ] GC(2) Concurrent Mark (1.091s, 1.097s) 5.346ms
[2022-03-16T15:00:25.579+0530][gc,start     ] GC(2) Pause Remark
[2022-03-16T15:00:25.581+0530][gc,stringtable] GC(2) Cleaned string and symbol table, strings: 5093 processed, 0 removed, symbols: 50276 processed, 41 removed
[2022-03-16T15:00:25.581+0530][gc            ] GC(2) Pause Remark 8M->8M(1024M) 2.375ms
[2022-03-16T15:00:25.581+0530][gc,cpu        ] GC(2) User=0.02s Sys=0.00s Real=0.00s
[2022-03-16T15:00:25.581+0530][gc,marking    ] GC(2) Concurrent Rebuild Remembered Sets
[2022-03-16T15:00:25.584+0530][gc,marking    ] GC(2) Concurrent Rebuild Remembered Sets 3.095ms
[2022-03-16T15:00:25.584+0530][gc,start      ] GC(2) Pause Cleanup
[2022-03-16T15:00:25.584+0530][gc            ] GC(2) Pause Cleanup 8M->8M(1024M) 0.154ms
[2022-03-16T15:00:25.584+0530][gc,cpu        ] GC(2) User=0.00s Sys=0.00s Real=0.01s
[2022-03-16T15:00:25.584+0530][gc,marking    ] GC(2) Concurrent Cleanup for Next Mark
[2022-03-16T15:00:25.588+0530][gc,marking    ] GC(2) Concurrent Cleanup for Next Mark 3.164ms
[2022-03-16T15:00:25.588+0530][gc            ] GC(2) Concurrent Cycle 15.813ms
[2022-03-16T15:00:26.101+0530][gc,start      ] GC(3) Pause Young (Normal) (G1 Evacuation Pause)
[2022-03-16T15:00:26.101+0530][gc,task       ] GC(3) Using 8 workers of 8 for evacuation
[2022-03-16T15:00:26.105+0530][gc,phases     ] GC(3)   Pre Evacuate Collection Set: 0.0ms
[2022-03-16T15:00:26.105+0530][gc,phases     ] GC(3)   Evacuate Collection Set: 3.7ms
[2022-03-16T15:00:26.105+0530][gc,phases     ] GC(3)   Post Evacuate Collection Set: 0.4ms
[2022-03-16T15:00:26.105+0530][gc,phases     ] GC(3)   Other: 0.1ms
[2022-03-16T15:00:26.105+0530][gc,heap       ] GC(3) Eden regions: 49->0(47)
[2022-03-16T15:00:26.105+0530][gc,heap       ] GC(3) Survivor regions: 2->4(7)
[2022-03-16T15:00:26.105+0530][gc,heap       ] GC(3) Old regions: 9->9
[2022-03-16T15:00:26.105+0530][gc,heap       ] GC(3) Humongous regions: 129->129
[2022-03-16T15:00:26.105+0530][gc,metaspace  ] GC(3) Metaspace: 29282K->29282K(1075200K)
[2022-03-16T15:00:26.105+0530][gc            ] GC(3) Pause Young (Normal) (G1 Evacuation Pause) 186M->139M(1024M) 4.265ms
[2022-03-16T15:00:26.105+0530][gc,cpu        ] GC(3) User=0.02s Sys=0.00s Real=0.01s
[2022-03-16T15:00:30.643+0530][gc,heap,exit  ] Heap
[2022-03-16T15:00:30.643+0530][gc,heap,exit  ]  garbage-first heap   total 1048576K, used 164816K [0x00000000c0000000, 0x0000000100000000)
[2022-03-16T15:00:30.643+0530][gc,heap,exit  ]   region size 1024K, 26 young (26624K), 4 survivors (4096K)
[2022-03-16T15:00:30.643+0530][gc,heap,exit  ]  Metaspace       used 32386K, capacity 33692K, committed 33792K, reserved 1079296K
[2022-03-16T15:00:30.643+0530][gc,heap,exit  ]   class space    used 3971K, capacity 4582K, committed 4608K, reserved 1048576K
