[2022-03-16T15:01:24.394+0530][gc,heap] Heap region size: 1M
[2022-03-16T15:01:24.405+0530][gc     ] Using G1
[2022-03-16T15:01:24.405+0530][gc,heap,coops] Heap address: 0x00000000c0000000, size: 1024 MB, Compressed Oops mode: 32-bit
[2022-03-16T15:01:24.405+0530][gc,cds       ] Mark closed archive regions in map: [0x00000000fff00000, 0x00000000fff6aff8]
[2022-03-16T15:01:24.405+0530][gc,cds       ] Mark open archive regions in map: [0x00000000ffe00000, 0x00000000ffe46ff8]
[2022-03-16T15:01:25.063+0530][gc,start     ] GC(0) Pause Young (Normal) (G1 Evacuation Pause)
[2022-03-16T15:01:25.063+0530][gc,task      ] GC(0) Using 8 workers of 8 for evacuation
[2022-03-16T15:01:25.072+0530][gc,phases    ] GC(0)   Pre Evacuate Collection Set: 0.0ms
[2022-03-16T15:01:25.072+0530][gc,phases    ] GC(0)   Evacuate Collection Set: 8.3ms
[2022-03-16T15:01:25.072+0530][gc,phases    ] GC(0)   Post Evacuate Collection Set: 0.5ms
[2022-03-16T15:01:25.072+0530][gc,phases    ] GC(0)   Other: 0.7ms
[2022-03-16T15:01:25.072+0530][gc,heap      ] GC(0) Eden regions: 51->0(44)
[2022-03-16T15:01:25.072+0530][gc,heap      ] GC(0) Survivor regions: 0->7(7)
[2022-03-16T15:01:25.072+0530][gc,heap      ] GC(0) Old regions: 2->2
[2022-03-16T15:01:25.072+0530][gc,heap      ] GC(0) Humongous regions: 0->0
[2022-03-16T15:01:25.072+0530][gc,metaspace ] GC(0) Metaspace: 14827K->14827K(1062912K)
[2022-03-16T15:01:25.073+0530][gc           ] GC(0) Pause Young (Normal) (G1 Evacuation Pause) 51M->7M(1024M) 9.566ms
[2022-03-16T15:01:25.073+0530][gc,cpu       ] GC(0) User=0.07s Sys=0.00s Real=0.02s
[2022-03-16T15:01:25.368+0530][gc,start     ] GC(1) Pause Young (Concurrent Start) (Metadata GC Threshold)
[2022-03-16T15:01:25.368+0530][gc,task      ] GC(1) Using 8 workers of 8 for evacuation
[2022-03-16T15:01:25.376+0530][gc,phases    ] GC(1)   Pre Evacuate Collection Set: 0.0ms
[2022-03-16T15:01:25.376+0530][gc,phases    ] GC(1)   Evacuate Collection Set: 8.1ms
[2022-03-16T15:01:25.376+0530][gc,phases    ] GC(1)   Post Evacuate Collection Set: 0.5ms
[2022-03-16T15:01:25.376+0530][gc,phases    ] GC(1)   Other: 0.2ms
[2022-03-16T15:01:25.376+0530][gc,heap      ] GC(1) Eden regions: 24->0(49)
[2022-03-16T15:01:25.376+0530][gc,heap      ] GC(1) Survivor regions: 7->2(7)
[2022-03-16T15:01:25.376+0530][gc,heap      ] GC(1) Old regions: 2->9
[2022-03-16T15:01:25.376+0530][gc,heap      ] GC(1) Humongous regions: 0->0
[2022-03-16T15:01:25.376+0530][gc,metaspace ] GC(1) Metaspace: 20536K->20536K(1067008K)
[2022-03-16T15:01:25.376+0530][gc           ] GC(1) Pause Young (Concurrent Start) (Metadata GC Threshold) 30M->8M(1024M) 8.926ms
[2022-03-16T15:01:25.377+0530][gc,cpu       ] GC(1) User=0.04s Sys=0.01s Real=0.01s
[2022-03-16T15:01:25.377+0530][gc           ] GC(2) Concurrent Cycle
[2022-03-16T15:01:25.377+0530][gc,marking   ] GC(2) Concurrent Clear Claimed Marks
[2022-03-16T15:01:25.377+0530][gc,marking   ] GC(2) Concurrent Clear Claimed Marks 0.060ms
[2022-03-16T15:01:25.377+0530][gc,marking   ] GC(2) Concurrent Scan Root Regions
[2022-03-16T15:01:25.378+0530][gc,marking   ] GC(2) Concurrent Scan Root Regions 1.500ms
[2022-03-16T15:01:25.378+0530][gc,marking   ] GC(2) Concurrent Mark (0.990s)
[2022-03-16T15:01:25.378+0530][gc,marking   ] GC(2) Concurrent Mark From Roots
[2022-03-16T15:01:25.378+0530][gc,task      ] GC(2) Using 2 workers of 2 for marking
[2022-03-16T15:01:25.384+0530][gc,marking   ] GC(2) Concurrent Mark From Roots 5.935ms
[2022-03-16T15:01:25.384+0530][gc,marking   ] GC(2) Concurrent Preclean
[2022-03-16T15:01:25.384+0530][gc,marking   ] GC(2) Concurrent Preclean 0.090ms
[2022-03-16T15:01:25.384+0530][gc,marking   ] GC(2) Concurrent Mark (0.990s, 0.996s) 6.072ms
[2022-03-16T15:01:25.384+0530][gc,start     ] GC(2) Pause Remark
[2022-03-16T15:01:25.387+0530][gc,stringtable] GC(2) Cleaned string and symbol table, strings: 5099 processed, 0 removed, symbols: 50338 processed, 41 removed
[2022-03-16T15:01:25.387+0530][gc            ] GC(2) Pause Remark 8M->8M(1024M) 2.501ms
[2022-03-16T15:01:25.387+0530][gc,cpu        ] GC(2) User=0.01s Sys=0.01s Real=0.01s
[2022-03-16T15:01:25.387+0530][gc,marking    ] GC(2) Concurrent Rebuild Remembered Sets
[2022-03-16T15:01:25.390+0530][gc,marking    ] GC(2) Concurrent Rebuild Remembered Sets 3.119ms
[2022-03-16T15:01:25.390+0530][gc,start      ] GC(2) Pause Cleanup
[2022-03-16T15:01:25.390+0530][gc            ] GC(2) Pause Cleanup 9M->9M(1024M) 0.192ms
[2022-03-16T15:01:25.390+0530][gc,cpu        ] GC(2) User=0.00s Sys=0.00s Real=0.00s
[2022-03-16T15:01:25.390+0530][gc,marking    ] GC(2) Concurrent Cleanup for Next Mark
[2022-03-16T15:01:25.394+0530][gc,marking    ] GC(2) Concurrent Cleanup for Next Mark 3.383ms
[2022-03-16T15:01:25.394+0530][gc            ] GC(2) Concurrent Cycle 17.193ms
[2022-03-16T15:01:25.853+0530][gc,start      ] GC(3) Pause Young (Normal) (G1 Evacuation Pause)
[2022-03-16T15:01:25.853+0530][gc,task       ] GC(3) Using 8 workers of 8 for evacuation
[2022-03-16T15:01:25.857+0530][gc,phases     ] GC(3)   Pre Evacuate Collection Set: 0.0ms
[2022-03-16T15:01:25.857+0530][gc,phases     ] GC(3)   Evacuate Collection Set: 3.5ms
[2022-03-16T15:01:25.857+0530][gc,phases     ] GC(3)   Post Evacuate Collection Set: 0.3ms
[2022-03-16T15:01:25.857+0530][gc,phases     ] GC(3)   Other: 0.1ms
[2022-03-16T15:01:25.857+0530][gc,heap       ] GC(3) Eden regions: 49->0(47)
[2022-03-16T15:01:25.857+0530][gc,heap       ] GC(3) Survivor regions: 2->4(7)
[2022-03-16T15:01:25.857+0530][gc,heap       ] GC(3) Old regions: 9->9
[2022-03-16T15:01:25.857+0530][gc,heap       ] GC(3) Humongous regions: 129->129
[2022-03-16T15:01:25.857+0530][gc,metaspace  ] GC(3) Metaspace: 29216K->29216K(1075200K)
[2022-03-16T15:01:25.857+0530][gc            ] GC(3) Pause Young (Normal) (G1 Evacuation Pause) 186M->139M(1024M) 4.038ms
[2022-03-16T15:01:25.857+0530][gc,cpu        ] GC(3) User=0.03s Sys=0.00s Real=0.00s
[2022-03-16T15:01:26.112+0530][gc,start      ] GC(4) Pause Young (Concurrent Start) (Metadata GC Threshold)
[2022-03-16T15:01:26.112+0530][gc,task       ] GC(4) Using 8 workers of 8 for evacuation
[2022-03-16T15:01:26.118+0530][gc,phases     ] GC(4)   Pre Evacuate Collection Set: 0.1ms
[2022-03-16T15:01:26.118+0530][gc,phases     ] GC(4)   Evacuate Collection Set: 5.9ms
[2022-03-16T15:01:26.118+0530][gc,phases     ] GC(4)   Post Evacuate Collection Set: 0.3ms
[2022-03-16T15:01:26.118+0530][gc,phases     ] GC(4)   Other: 0.3ms
[2022-03-16T15:01:26.118+0530][gc,heap       ] GC(4) Eden regions: 25->0(45)
[2022-03-16T15:01:26.118+0530][gc,heap       ] GC(4) Survivor regions: 4->6(7)
[2022-03-16T15:01:26.118+0530][gc,heap       ] GC(4) Old regions: 9->10
[2022-03-16T15:01:26.118+0530][gc,heap       ] GC(4) Humongous regions: 129->129
[2022-03-16T15:01:26.118+0530][gc,metaspace  ] GC(4) Metaspace: 34314K->34314K(1081344K)
[2022-03-16T15:01:26.118+0530][gc            ] GC(4) Pause Young (Concurrent Start) (Metadata GC Threshold) 164M->142M(1024M) 6.638ms
[2022-03-16T15:01:26.118+0530][gc,cpu        ] GC(4) User=0.04s Sys=0.00s Real=0.01s
[2022-03-16T15:01:26.118+0530][gc            ] GC(5) Concurrent Cycle
[2022-03-16T15:01:26.118+0530][gc,marking    ] GC(5) Concurrent Clear Claimed Marks
[2022-03-16T15:01:26.119+0530][gc,marking    ] GC(5) Concurrent Clear Claimed Marks 0.096ms
[2022-03-16T15:01:26.119+0530][gc,marking    ] GC(5) Concurrent Scan Root Regions
[2022-03-16T15:01:26.121+0530][gc,marking    ] GC(5) Concurrent Scan Root Regions 2.492ms
[2022-03-16T15:01:26.121+0530][gc,marking    ] GC(5) Concurrent Mark (1.732s)
[2022-03-16T15:01:26.121+0530][gc,marking    ] GC(5) Concurrent Mark From Roots
[2022-03-16T15:01:26.121+0530][gc,task       ] GC(5) Using 2 workers of 2 for marking
[2022-03-16T15:01:26.132+0530][gc,marking    ] GC(5) Concurrent Mark From Roots 10.525ms
[2022-03-16T15:01:26.132+0530][gc,marking    ] GC(5) Concurrent Preclean
[2022-03-16T15:01:26.132+0530][gc,marking    ] GC(5) Concurrent Preclean 0.081ms
[2022-03-16T15:01:26.132+0530][gc,marking    ] GC(5) Concurrent Mark (1.732s, 1.743s) 10.667ms
[2022-03-16T15:01:26.132+0530][gc,start      ] GC(5) Pause Remark
[2022-03-16T15:01:26.135+0530][gc,stringtable] GC(5) Cleaned string and symbol table, strings: 10782 processed, 10 removed, symbols: 84542 processed, 18 removed
[2022-03-16T15:01:26.135+0530][gc            ] GC(5) Pause Remark 143M->143M(1024M) 3.607ms
[2022-03-16T15:01:26.135+0530][gc,cpu        ] GC(5) User=0.03s Sys=0.00s Real=0.01s
[2022-03-16T15:01:26.136+0530][gc,marking    ] GC(5) Concurrent Rebuild Remembered Sets
[2022-03-16T15:01:26.140+0530][gc,marking    ] GC(5) Concurrent Rebuild Remembered Sets 4.106ms
[2022-03-16T15:01:26.141+0530][gc,start      ] GC(5) Pause Cleanup
[2022-03-16T15:01:26.141+0530][gc            ] GC(5) Pause Cleanup 143M->143M(1024M) 0.405ms
[2022-03-16T15:01:26.141+0530][gc,cpu        ] GC(5) User=0.00s Sys=0.00s Real=0.00s
[2022-03-16T15:01:26.142+0530][gc,marking    ] GC(5) Concurrent Cleanup for Next Mark
[2022-03-16T15:01:26.146+0530][gc,marking    ] GC(5) Concurrent Cleanup for Next Mark 4.612ms
[2022-03-16T15:01:26.146+0530][gc            ] GC(5) Concurrent Cycle 27.794ms
[2022-03-16T15:07:02.615+0530][gc,start      ] GC(6) Pause Young (Concurrent Start) (G1 Evacuation Pause)
[2022-03-16T15:07:02.618+0530][gc,task       ] GC(6) Using 8 workers of 8 for evacuation
[2022-03-16T15:07:02.631+0530][gc,phases     ] GC(6)   Pre Evacuate Collection Set: 0.3ms
[2022-03-16T15:07:02.631+0530][gc,phases     ] GC(6)   Evacuate Collection Set: 11.8ms
[2022-03-16T15:07:02.631+0530][gc,phases     ] GC(6)   Post Evacuate Collection Set: 0.8ms
[2022-03-16T15:07:02.631+0530][gc,phases     ] GC(6)   Other: 3.8ms
[2022-03-16T15:07:02.631+0530][gc,heap       ] GC(6) Eden regions: 45->0(46)
[2022-03-16T15:07:02.631+0530][gc,heap       ] GC(6) Survivor regions: 6->5(7)
[2022-03-16T15:07:02.631+0530][gc,heap       ] GC(6) Old regions: 10->13
[2022-03-16T15:07:02.631+0530][gc,heap       ] GC(6) Humongous regions: 129->129
[2022-03-16T15:07:02.631+0530][gc,metaspace  ] GC(6) Metaspace: 41819K->41819K(1087488K)
[2022-03-16T15:07:02.631+0530][gc            ] GC(6) Pause Young (Concurrent Start) (G1 Evacuation Pause) 187M->144M(1024M) 16.777ms
[2022-03-16T15:07:02.631+0530][gc,cpu        ] GC(6) User=0.07s Sys=0.00s Real=0.01s
[2022-03-16T15:07:02.631+0530][gc            ] GC(7) Concurrent Cycle
[2022-03-16T15:07:02.631+0530][gc,marking    ] GC(7) Concurrent Clear Claimed Marks
[2022-03-16T15:07:02.632+0530][gc,marking    ] GC(7) Concurrent Clear Claimed Marks 0.237ms
[2022-03-16T15:07:02.632+0530][gc,marking    ] GC(7) Concurrent Scan Root Regions
[2022-03-16T15:07:02.634+0530][gc,marking    ] GC(7) Concurrent Scan Root Regions 2.687ms
[2022-03-16T15:07:02.634+0530][gc,marking    ] GC(7) Concurrent Mark (338.246s)
[2022-03-16T15:07:02.634+0530][gc,marking    ] GC(7) Concurrent Mark From Roots
[2022-03-16T15:07:02.634+0530][gc,task       ] GC(7) Using 2 workers of 2 for marking
[2022-03-16T15:07:02.643+0530][gc,marking    ] GC(7) Concurrent Mark From Roots 8.725ms
[2022-03-16T15:07:02.643+0530][gc,marking    ] GC(7) Concurrent Preclean
[2022-03-16T15:07:02.643+0530][gc,marking    ] GC(7) Concurrent Preclean 0.106ms
[2022-03-16T15:07:02.643+0530][gc,marking    ] GC(7) Concurrent Mark (338.246s, 338.255s) 8.886ms
[2022-03-16T15:07:02.643+0530][gc,start      ] GC(7) Pause Remark
[2022-03-16T15:07:02.646+0530][gc,stringtable] GC(7) Cleaned string and symbol table, strings: 11792 processed, 5 removed, symbols: 90496 processed, 2 removed
[2022-03-16T15:07:02.646+0530][gc            ] GC(7) Pause Remark 145M->145M(1024M) 2.744ms
[2022-03-16T15:07:02.646+0530][gc,cpu        ] GC(7) User=0.02s Sys=0.00s Real=0.01s
[2022-03-16T15:07:02.646+0530][gc,marking    ] GC(7) Concurrent Rebuild Remembered Sets
[2022-03-16T15:07:02.652+0530][gc,marking    ] GC(7) Concurrent Rebuild Remembered Sets 5.534ms
[2022-03-16T15:07:02.652+0530][gc,start      ] GC(7) Pause Cleanup
[2022-03-16T15:07:02.652+0530][gc            ] GC(7) Pause Cleanup 145M->145M(1024M) 0.201ms
[2022-03-16T15:07:02.652+0530][gc,cpu        ] GC(7) User=0.00s Sys=0.00s Real=0.00s
[2022-03-16T15:07:02.652+0530][gc,marking    ] GC(7) Concurrent Cleanup for Next Mark
[2022-03-16T15:07:02.653+0530][gc,marking    ] GC(7) Concurrent Cleanup for Next Mark 0.940ms
[2022-03-16T15:07:02.653+0530][gc            ] GC(7) Concurrent Cycle 21.897ms
[2022-03-16T15:13:00.114+0530][gc,start      ] GC(8) Pause Young (Normal) (G1 Evacuation Pause)
[2022-03-16T15:13:00.114+0530][gc,task       ] GC(8) Using 8 workers of 8 for evacuation
[2022-03-16T15:13:00.134+0530][gc,phases     ] GC(8)   Pre Evacuate Collection Set: 0.3ms
[2022-03-16T15:13:00.134+0530][gc,phases     ] GC(8)   Evacuate Collection Set: 17.1ms
[2022-03-16T15:13:00.134+0530][gc,phases     ] GC(8)   Post Evacuate Collection Set: 1.6ms
[2022-03-16T15:13:00.134+0530][gc,phases     ] GC(8)   Other: 2.0ms
[2022-03-16T15:13:00.134+0530][gc,heap       ] GC(8) Eden regions: 46->0(46)
[2022-03-16T15:13:00.134+0530][gc,heap       ] GC(8) Survivor regions: 5->5(7)
[2022-03-16T15:13:00.134+0530][gc,heap       ] GC(8) Old regions: 13->15
[2022-03-16T15:13:00.134+0530][gc,heap       ] GC(8) Humongous regions: 129->129
[2022-03-16T15:13:00.135+0530][gc,metaspace  ] GC(8) Metaspace: 42981K->42981K(1087488K)
[2022-03-16T15:13:00.135+0530][gc            ] GC(8) Pause Young (Normal) (G1 Evacuation Pause) 190M->146M(1024M) 20.762ms
[2022-03-16T15:13:00.135+0530][gc,cpu        ] GC(8) User=0.12s Sys=0.00s Real=0.02s
[2022-03-16T15:20:47.086+0530][gc,start      ] GC(9) Pause Young (Normal) (G1 Evacuation Pause)
[2022-03-16T15:20:47.089+0530][gc,task       ] GC(9) Using 8 workers of 8 for evacuation
[2022-03-16T15:20:47.106+0530][gc,phases     ] GC(9)   Pre Evacuate Collection Set: 0.1ms
[2022-03-16T15:20:47.106+0530][gc,phases     ] GC(9)   Evacuate Collection Set: 15.0ms
[2022-03-16T15:20:47.106+0530][gc,phases     ] GC(9)   Post Evacuate Collection Set: 1.7ms
[2022-03-16T15:20:47.106+0530][gc,phases     ] GC(9)   Other: 3.7ms
[2022-03-16T15:20:47.106+0530][gc,heap       ] GC(9) Eden regions: 46->0(48)
[2022-03-16T15:20:47.106+0530][gc,heap       ] GC(9) Survivor regions: 5->3(7)
[2022-03-16T15:20:47.106+0530][gc,heap       ] GC(9) Old regions: 15->17
[2022-03-16T15:20:47.106+0530][gc,heap       ] GC(9) Humongous regions: 129->129
[2022-03-16T15:20:47.106+0530][gc,metaspace  ] GC(9) Metaspace: 43162K->43162K(1089536K)
[2022-03-16T15:20:47.106+0530][gc            ] GC(9) Pause Young (Normal) (G1 Evacuation Pause) 192M->147M(1024M) 20.656ms
[2022-03-16T15:20:47.106+0530][gc,cpu        ] GC(9) User=0.10s Sys=0.00s Real=0.02s
[2022-03-16T15:28:16.303+0530][gc,start      ] GC(10) Pause Young (Normal) (G1 Evacuation Pause)
[2022-03-16T15:28:16.310+0530][gc,task       ] GC(10) Using 8 workers of 8 for evacuation
[2022-03-16T15:28:16.318+0530][gc,phases     ] GC(10)   Pre Evacuate Collection Set: 0.1ms
[2022-03-16T15:28:16.318+0530][gc,phases     ] GC(10)   Evacuate Collection Set: 6.4ms
[2022-03-16T15:28:16.318+0530][gc,phases     ] GC(10)   Post Evacuate Collection Set: 1.3ms
[2022-03-16T15:28:16.318+0530][gc,phases     ] GC(10)   Other: 7.3ms
[2022-03-16T15:28:16.318+0530][gc,heap       ] GC(10) Eden regions: 48->0(48)
[2022-03-16T15:28:16.318+0530][gc,heap       ] GC(10) Survivor regions: 3->3(7)
[2022-03-16T15:28:16.318+0530][gc,heap       ] GC(10) Old regions: 17->17
[2022-03-16T15:28:16.318+0530][gc,heap       ] GC(10) Humongous regions: 129->129
[2022-03-16T15:28:16.318+0530][gc,metaspace  ] GC(10) Metaspace: 43387K->43387K(1089536K)
[2022-03-16T15:28:16.318+0530][gc            ] GC(10) Pause Young (Normal) (G1 Evacuation Pause) 195M->146M(1024M) 15.399ms
[2022-03-16T15:28:16.318+0530][gc,cpu        ] GC(10) User=0.05s Sys=0.00s Real=0.02s
[2022-03-16T15:32:47.817+0530][gc,heap,exit  ] Heap
[2022-03-16T15:32:47.817+0530][gc,heap,exit  ]  garbage-first heap   total 1048576K, used 188196K [0x00000000c0000000, 0x0000000100000000)
[2022-03-16T15:32:47.818+0530][gc,heap,exit  ]   region size 1024K, 42 young (43008K), 3 survivors (3072K)
[2022-03-16T15:32:47.818+0530][gc,heap,exit  ]  Metaspace       used 44611K, capacity 47558K, committed 47660K, reserved 1089536K
[2022-03-16T15:32:47.818+0530][gc,heap,exit  ]   class space    used 5985K, capacity 7466K, committed 7552K, reserved 1048576K
