[2022-03-16T14:40:23.649+0530][gc,heap] Heap region size: 1M
[2022-03-16T14:40:23.657+0530][gc     ] Using G1
[2022-03-16T14:40:23.657+0530][gc,heap,coops] Heap address: 0x00000000c0000000, size: 1024 MB, Compressed Oops mode: 32-bit
[2022-03-16T14:40:23.657+0530][gc,cds       ] Mark closed archive regions in map: [0x00000000fff00000, 0x00000000fff6aff8]
[2022-03-16T14:40:23.657+0530][gc,cds       ] Mark open archive regions in map: [0x00000000ffe00000, 0x00000000ffe46ff8]
[2022-03-16T14:40:24.318+0530][gc,start     ] GC(0) Pause Young (Normal) (G1 Evacuation Pause)
[2022-03-16T14:40:24.319+0530][gc,task      ] GC(0) Using 8 workers of 8 for evacuation
[2022-03-16T14:40:24.328+0530][gc,phases    ] GC(0)   Pre Evacuate Collection Set: 0.0ms
[2022-03-16T14:40:24.328+0530][gc,phases    ] GC(0)   Evacuate Collection Set: 8.2ms
[2022-03-16T14:40:24.328+0530][gc,phases    ] GC(0)   Post Evacuate Collection Set: 0.7ms
[2022-03-16T14:40:24.328+0530][gc,phases    ] GC(0)   Other: 0.5ms
[2022-03-16T14:40:24.328+0530][gc,heap      ] GC(0) Eden regions: 51->0(44)
[2022-03-16T14:40:24.328+0530][gc,heap      ] GC(0) Survivor regions: 0->7(7)
[2022-03-16T14:40:24.328+0530][gc,heap      ] GC(0) Old regions: 2->2
[2022-03-16T14:40:24.328+0530][gc,heap      ] GC(0) Humongous regions: 0->0
[2022-03-16T14:40:24.328+0530][gc,metaspace ] GC(0) Metaspace: 14833K->14833K(1062912K)
[2022-03-16T14:40:24.328+0530][gc           ] GC(0) Pause Young (Normal) (G1 Evacuation Pause) 51M->7M(1024M) 9.482ms
[2022-03-16T14:40:24.328+0530][gc,cpu       ] GC(0) User=0.03s Sys=0.02s Real=0.01s
[2022-03-16T14:40:42.791+0530][gc,heap,exit ] Heap
[2022-03-16T14:40:42.792+0530][gc,heap,exit ]  garbage-first heap   total 1048576K, used 11546K [0x00000000c0000000, 0x0000000100000000)
[2022-03-16T14:40:42.792+0530][gc,heap,exit ]   region size 1024K, 12 young (12288K), 7 survivors (7168K)
[2022-03-16T14:40:42.792+0530][gc,heap,exit ]  Metaspace       used 15457K, capacity 15940K, committed 16256K, reserved 1062912K
[2022-03-16T14:40:42.792+0530][gc,heap,exit ]   class space    used 1915K, capacity 2122K, committed 2176K, reserved 1048576K
