[2022-03-16T15:00:05.991+0530][gc,heap] Heap region size: 1M
[2022-03-16T15:00:05.995+0530][gc     ] Using G1
[2022-03-16T15:00:05.995+0530][gc,heap,coops] Heap address: 0x00000000e0000000, size: 512 MB, Compressed Oops mode: 32-bit
[2022-03-16T15:00:05.995+0530][gc,cds       ] Mark closed archive regions in map: [0x00000000fff00000, 0x00000000fff6aff8]
[2022-03-16T15:00:05.995+0530][gc,cds       ] Mark open archive regions in map: [0x00000000ffe00000, 0x00000000ffe46ff8]
[2022-03-16T15:00:06.426+0530][gc,start     ] GC(0) Pause Young (Normal) (G1 Evacuation Pause)
[2022-03-16T15:00:06.427+0530][gc,task      ] GC(0) Using 8 workers of 8 for evacuation
[2022-03-16T15:00:06.435+0530][gc,phases    ] GC(0)   Pre Evacuate Collection Set: 0.0ms
[2022-03-16T15:00:06.435+0530][gc,phases    ] GC(0)   Evacuate Collection Set: 7.4ms
[2022-03-16T15:00:06.435+0530][gc,phases    ] GC(0)   Post Evacuate Collection Set: 0.4ms
[2022-03-16T15:00:06.435+0530][gc,phases    ] GC(0)   Other: 0.7ms
[2022-03-16T15:00:06.435+0530][gc,heap      ] GC(0) Eden regions: 25->0(21)
[2022-03-16T15:00:06.435+0530][gc,heap      ] GC(0) Survivor regions: 0->4(4)
[2022-03-16T15:00:06.435+0530][gc,heap      ] GC(0) Old regions: 2->5
[2022-03-16T15:00:06.435+0530][gc,heap      ] GC(0) Humongous regions: 0->0
[2022-03-16T15:00:06.435+0530][gc,metaspace ] GC(0) Metaspace: 7891K->7891K(1056768K)
[2022-03-16T15:00:06.435+0530][gc           ] GC(0) Pause Young (Normal) (G1 Evacuation Pause) 25M->7M(512M) 8.579ms
[2022-03-16T15:00:06.435+0530][gc,cpu       ] GC(0) User=0.04s Sys=0.01s Real=0.01s
[2022-03-16T15:24:18.347+0530][gc,heap,exit ] Heap
[2022-03-16T15:24:18.347+0530][gc,heap,exit ]  garbage-first heap   total 524288K, used 24049K [0x00000000e0000000, 0x0000000100000000)
[2022-03-16T15:24:18.347+0530][gc,heap,exit ]   region size 1024K, 21 young (21504K), 4 survivors (4096K)
[2022-03-16T15:24:18.347+0530][gc,heap,exit ]  Metaspace       used 9410K, capacity 9814K, committed 10240K, reserved 1058816K
[2022-03-16T15:24:18.347+0530][gc,heap,exit ]   class space    used 987K, capacity 1155K, committed 1280K, reserved 1048576K
