[2022-03-16T15:24:22.492+0530][gc,heap] Heap region size: 1M
[2022-03-16T15:24:22.496+0530][gc     ] Using G1
[2022-03-16T15:24:22.496+0530][gc,heap,coops] Heap address: 0x00000000e0000000, size: 512 MB, Compressed Oops mode: 32-bit
[2022-03-16T15:24:22.496+0530][gc,cds       ] Mark closed archive regions in map: [0x00000000fff00000, 0x00000000fff6aff8]
[2022-03-16T15:24:22.496+0530][gc,cds       ] Mark open archive regions in map: [0x00000000ffe00000, 0x00000000ffe46ff8]
[2022-03-16T15:24:22.925+0530][gc,start     ] GC(0) Pause Young (Normal) (G1 Evacuation Pause)
[2022-03-16T15:24:22.926+0530][gc,task      ] GC(0) Using 8 workers of 8 for evacuation
[2022-03-16T15:24:22.937+0530][gc,phases    ] GC(0)   Pre Evacuate Collection Set: 0.0ms
[2022-03-16T15:24:22.937+0530][gc,phases    ] GC(0)   Evacuate Collection Set: 10.8ms
[2022-03-16T15:24:22.937+0530][gc,phases    ] GC(0)   Post Evacuate Collection Set: 0.4ms
[2022-03-16T15:24:22.937+0530][gc,phases    ] GC(0)   Other: 1.1ms
[2022-03-16T15:24:22.937+0530][gc,heap      ] GC(0) Eden regions: 25->0(21)
[2022-03-16T15:24:22.937+0530][gc,heap      ] GC(0) Survivor regions: 0->4(4)
[2022-03-16T15:24:22.937+0530][gc,heap      ] GC(0) Old regions: 2->5
[2022-03-16T15:24:22.937+0530][gc,heap      ] GC(0) Humongous regions: 0->0
[2022-03-16T15:24:22.937+0530][gc,metaspace ] GC(0) Metaspace: 7666K->7666K(1056768K)
[2022-03-16T15:24:22.937+0530][gc           ] GC(0) Pause Young (Normal) (G1 Evacuation Pause) 25M->7M(512M) 12.370ms
[2022-03-16T15:24:22.937+0530][gc,cpu       ] GC(0) User=0.07s Sys=0.01s Real=0.01s
[2022-03-16T16:24:20.970+0530][gc,start     ] GC(1) Pause Young (Normal) (G1 Evacuation Pause)
[2022-03-16T16:24:20.974+0530][gc,task      ] GC(1) Using 8 workers of 8 for evacuation
[2022-03-16T16:24:20.996+0530][gc,mmu       ] GC(1) MMU target violated: 21.0ms (20.0ms/21.0ms)
[2022-03-16T16:24:20.996+0530][gc,phases    ] GC(1)   Pre Evacuate Collection Set: 0.0ms
[2022-03-16T16:24:20.996+0530][gc,phases    ] GC(1)   Evacuate Collection Set: 20.3ms
[2022-03-16T16:24:20.996+0530][gc,phases    ] GC(1)   Post Evacuate Collection Set: 1.0ms
[2022-03-16T16:24:20.996+0530][gc,phases    ] GC(1)   Other: 4.8ms
[2022-03-16T16:24:20.996+0530][gc,heap      ] GC(1) Eden regions: 21->0(23)
[2022-03-16T16:24:20.996+0530][gc,heap      ] GC(1) Survivor regions: 4->2(4)
[2022-03-16T16:24:20.996+0530][gc,heap      ] GC(1) Old regions: 5->9
[2022-03-16T16:24:20.996+0530][gc,heap      ] GC(1) Humongous regions: 0->0
[2022-03-16T16:24:20.996+0530][gc,metaspace ] GC(1) Metaspace: 9663K->9663K(1058816K)
[2022-03-16T16:24:20.996+0530][gc           ] GC(1) Pause Young (Normal) (G1 Evacuation Pause) 28M->8M(512M) 26.340ms
[2022-03-16T16:24:20.997+0530][gc,cpu       ] GC(1) User=0.15s Sys=0.00s Real=0.03s
[2022-03-16T20:31:08.476+0530][gc,start     ] GC(2) Pause Young (Normal) (G1 Evacuation Pause)
[2022-03-16T20:31:08.477+0530][gc,task      ] GC(2) Using 8 workers of 8 for evacuation
[2022-03-16T20:31:08.572+0530][gc,mmu       ] GC(2) MMU target violated: 21.0ms (20.0ms/21.0ms)
[2022-03-16T20:31:08.572+0530][gc,phases    ] GC(2)   Pre Evacuate Collection Set: 37.1ms
[2022-03-16T20:31:08.572+0530][gc,phases    ] GC(2)   Evacuate Collection Set: 52.1ms
[2022-03-16T20:31:08.572+0530][gc,phases    ] GC(2)   Post Evacuate Collection Set: 3.5ms
[2022-03-16T20:31:08.572+0530][gc,phases    ] GC(2)   Other: 4.7ms
[2022-03-16T20:31:08.572+0530][gc,heap      ] GC(2) Eden regions: 23->0(24)
[2022-03-16T20:31:08.572+0530][gc,heap      ] GC(2) Survivor regions: 2->1(4)
[2022-03-16T20:31:08.572+0530][gc,heap      ] GC(2) Old regions: 9->9
[2022-03-16T20:31:08.572+0530][gc,heap      ] GC(2) Humongous regions: 0->0
[2022-03-16T20:31:08.572+0530][gc,metaspace ] GC(2) Metaspace: 9670K->9670K(1058816K)
[2022-03-16T20:31:08.573+0530][gc           ] GC(2) Pause Young (Normal) (G1 Evacuation Pause) 31M->8M(512M) 96.748ms
[2022-03-16T20:31:08.573+0530][gc,cpu       ] GC(2) User=0.23s Sys=0.00s Real=0.10s
[2022-03-16T23:17:15.993+0530][gc,start     ] GC(3) Pause Young (Normal) (G1 Evacuation Pause)
[2022-03-16T23:17:15.995+0530][gc,task      ] GC(3) Using 8 workers of 8 for evacuation
[2022-03-16T23:17:16.113+0530][gc,mmu       ] GC(3) MMU target violated: 21.0ms (20.0ms/21.0ms)
[2022-03-16T23:17:16.114+0530][gc,phases    ] GC(3)   Pre Evacuate Collection Set: 43.0ms
[2022-03-16T23:17:16.114+0530][gc,phases    ] GC(3)   Evacuate Collection Set: 66.5ms
[2022-03-16T23:17:16.114+0530][gc,phases    ] GC(3)   Post Evacuate Collection Set: 4.4ms
[2022-03-16T23:17:16.114+0530][gc,phases    ] GC(3)   Other: 10.8ms
[2022-03-16T23:17:16.114+0530][gc,heap      ] GC(3) Eden regions: 24->0(24)
[2022-03-16T23:17:16.114+0530][gc,heap      ] GC(3) Survivor regions: 1->1(4)
[2022-03-16T23:17:16.114+0530][gc,heap      ] GC(3) Old regions: 9->9
[2022-03-16T23:17:16.114+0530][gc,heap      ] GC(3) Humongous regions: 0->0
[2022-03-16T23:17:16.114+0530][gc,metaspace ] GC(3) Metaspace: 9680K->9680K(1058816K)
[2022-03-16T23:17:16.114+0530][gc           ] GC(3) Pause Young (Normal) (G1 Evacuation Pause) 32M->8M(512M) 121.767ms
[2022-03-16T23:17:16.115+0530][gc,cpu       ] GC(3) User=0.31s Sys=0.02s Real=0.12s
[2022-03-17T09:49:19.167+0530][gc,start     ] GC(4) Pause Young (Normal) (G1 Evacuation Pause)
[2022-03-17T09:49:19.168+0530][gc,task      ] GC(4) Using 8 workers of 8 for evacuation
[2022-03-17T09:49:19.246+0530][gc,mmu       ] GC(4) MMU target violated: 21.0ms (20.0ms/21.0ms)
[2022-03-17T09:49:19.246+0530][gc,phases    ] GC(4)   Pre Evacuate Collection Set: 36.4ms
[2022-03-17T09:49:19.246+0530][gc,phases    ] GC(4)   Evacuate Collection Set: 36.0ms
[2022-03-17T09:49:19.246+0530][gc,phases    ] GC(4)   Post Evacuate Collection Set: 4.1ms
[2022-03-17T09:49:19.246+0530][gc,phases    ] GC(4)   Other: 3.2ms
[2022-03-17T09:49:19.246+0530][gc,heap      ] GC(4) Eden regions: 24->0(24)
[2022-03-17T09:49:19.246+0530][gc,heap      ] GC(4) Survivor regions: 1->1(4)
[2022-03-17T09:49:19.246+0530][gc,heap      ] GC(4) Old regions: 9->9
[2022-03-17T09:49:19.246+0530][gc,heap      ] GC(4) Humongous regions: 0->0
[2022-03-17T09:49:19.246+0530][gc,metaspace ] GC(4) Metaspace: 9686K->9686K(1058816K)
[2022-03-17T09:49:19.246+0530][gc           ] GC(4) Pause Young (Normal) (G1 Evacuation Pause) 32M->8M(512M) 79.287ms
[2022-03-17T09:49:19.246+0530][gc,cpu       ] GC(4) User=0.12s Sys=0.03s Real=0.08s
[2022-03-17T12:35:57.221+0530][gc,start     ] GC(5) Pause Young (Normal) (G1 Evacuation Pause)
[2022-03-17T12:35:57.222+0530][gc,task      ] GC(5) Using 8 workers of 8 for evacuation
[2022-03-17T12:35:57.233+0530][gc,phases    ] GC(5)   Pre Evacuate Collection Set: 3.7ms
[2022-03-17T12:35:57.233+0530][gc,phases    ] GC(5)   Evacuate Collection Set: 5.8ms
[2022-03-17T12:35:57.233+0530][gc,phases    ] GC(5)   Post Evacuate Collection Set: 1.7ms
[2022-03-17T12:35:57.233+0530][gc,phases    ] GC(5)   Other: 0.7ms
[2022-03-17T12:35:57.233+0530][gc,heap      ] GC(5) Eden regions: 24->0(24)
[2022-03-17T12:35:57.233+0530][gc,heap      ] GC(5) Survivor regions: 1->1(4)
[2022-03-17T12:35:57.233+0530][gc,heap      ] GC(5) Old regions: 9->9
[2022-03-17T12:35:57.233+0530][gc,heap      ] GC(5) Humongous regions: 0->0
[2022-03-17T12:35:57.233+0530][gc,metaspace ] GC(5) Metaspace: 9686K->9686K(1058816K)
[2022-03-17T12:35:57.233+0530][gc           ] GC(5) Pause Young (Normal) (G1 Evacuation Pause) 32M->8M(512M) 12.003ms
[2022-03-17T12:35:57.233+0530][gc,cpu       ] GC(5) User=0.03s Sys=0.01s Real=0.01s
